Archive member included to satisfy reference by file (symbol)

d:/gcc-arm-none-eabi-10.3-2021.10/bin/../lib/gcc/arm-none-eabi/10.3.1/../../../../arm-none-eabi/lib/thumb/v7-m/nofp\libg.a(lib_a-errno.o)
                              CMakeFiles/cline_test.elf.dir/Core/Src/syscalls.c.obj (__errno)
d:/gcc-arm-none-eabi-10.3-2021.10/bin/../lib/gcc/arm-none-eabi/10.3.1/../../../../arm-none-eabi/lib/thumb/v7-m/nofp\libg.a(lib_a-exit.o)
                              d:/gcc-arm-none-eabi-10.3-2021.10/bin/../lib/gcc/arm-none-eabi/10.3.1/../../../../arm-none-eabi/lib/thumb/v7-m/nofp/crt0.o (exit)
d:/gcc-arm-none-eabi-10.3-2021.10/bin/../lib/gcc/arm-none-eabi/10.3.1/../../../../arm-none-eabi/lib/thumb/v7-m/nofp\libg.a(lib_a-impure.o)
                              d:/gcc-arm-none-eabi-10.3-2021.10/bin/../lib/gcc/arm-none-eabi/10.3.1/../../../../arm-none-eabi/lib/thumb/v7-m/nofp\libg.a(lib_a-exit.o) (_global_impure_ptr)
d:/gcc-arm-none-eabi-10.3-2021.10/bin/../lib/gcc/arm-none-eabi/10.3.1/../../../../arm-none-eabi/lib/thumb/v7-m/nofp\libg.a(lib_a-init.o)
                              d:/gcc-arm-none-eabi-10.3-2021.10/bin/../lib/gcc/arm-none-eabi/10.3.1/../../../../arm-none-eabi/lib/thumb/v7-m/nofp/crt0.o (__libc_init_array)
d:/gcc-arm-none-eabi-10.3-2021.10/bin/../lib/gcc/arm-none-eabi/10.3.1/../../../../arm-none-eabi/lib/thumb/v7-m/nofp\libg.a(lib_a-memcpy.o)
                              CMakeFiles/cline_test.elf.dir/Middlewares/Third_Party/FreeRTOS/Source/CMSIS_RTOS_V2/cmsis_os2.c.obj (memcpy)
d:/gcc-arm-none-eabi-10.3-2021.10/bin/../lib/gcc/arm-none-eabi/10.3.1/../../../../arm-none-eabi/lib/thumb/v7-m/nofp\libg.a(lib_a-memset.o)
                              d:/gcc-arm-none-eabi-10.3-2021.10/bin/../lib/gcc/arm-none-eabi/10.3.1/../../../../arm-none-eabi/lib/thumb/v7-m/nofp/crt0.o (memset)
d:/gcc-arm-none-eabi-10.3-2021.10/bin/../lib/gcc/arm-none-eabi/10.3.1/../../../../arm-none-eabi/lib/thumb/v7-m/nofp\libg.a(lib_a-strlen-stub.o)
                              CMakeFiles/cline_test.elf.dir/Core/Src/main.c.obj (strlen)
d:/gcc-arm-none-eabi-10.3-2021.10/bin/../lib/gcc/arm-none-eabi/10.3.1/../../../../arm-none-eabi/lib/thumb/v7-m/nofp\libg.a(lib_a-__call_atexit.o)
                              d:/gcc-arm-none-eabi-10.3-2021.10/bin/../lib/gcc/arm-none-eabi/10.3.1/../../../../arm-none-eabi/lib/thumb/v7-m/nofp\libg.a(lib_a-exit.o) (__call_exitprocs)
d:/gcc-arm-none-eabi-10.3-2021.10/bin/../lib/gcc/arm-none-eabi/10.3.1/../../../../arm-none-eabi/lib/thumb/v7-m/nofp\libg.a(lib_a-atexit.o)
                              d:/gcc-arm-none-eabi-10.3-2021.10/bin/../lib/gcc/arm-none-eabi/10.3.1/../../../../arm-none-eabi/lib/thumb/v7-m/nofp\libg.a(lib_a-__call_atexit.o) (atexit)
d:/gcc-arm-none-eabi-10.3-2021.10/bin/../lib/gcc/arm-none-eabi/10.3.1/../../../../arm-none-eabi/lib/thumb/v7-m/nofp\libg.a(lib_a-fini.o)
                              d:/gcc-arm-none-eabi-10.3-2021.10/bin/../lib/gcc/arm-none-eabi/10.3.1/../../../../arm-none-eabi/lib/thumb/v7-m/nofp\libg.a(lib_a-__call_atexit.o) (__libc_fini_array)
d:/gcc-arm-none-eabi-10.3-2021.10/bin/../lib/gcc/arm-none-eabi/10.3.1/../../../../arm-none-eabi/lib/thumb/v7-m/nofp\libg.a(lib_a-lock.o)
                              d:/gcc-arm-none-eabi-10.3-2021.10/bin/../lib/gcc/arm-none-eabi/10.3.1/../../../../arm-none-eabi/lib/thumb/v7-m/nofp\libg.a(lib_a-__call_atexit.o) (__retarget_lock_acquire_recursive)
d:/gcc-arm-none-eabi-10.3-2021.10/bin/../lib/gcc/arm-none-eabi/10.3.1/../../../../arm-none-eabi/lib/thumb/v7-m/nofp\libg.a(lib_a-__atexit.o)
                              d:/gcc-arm-none-eabi-10.3-2021.10/bin/../lib/gcc/arm-none-eabi/10.3.1/../../../../arm-none-eabi/lib/thumb/v7-m/nofp\libg.a(lib_a-atexit.o) (__register_exitproc)

Discarded input sections

 .text          0x00000000        0x0 d:/gcc-arm-none-eabi-10.3-2021.10/bin/../lib/gcc/arm-none-eabi/10.3.1/thumb/v7-m/nofp/crti.o
 .data          0x00000000        0x0 d:/gcc-arm-none-eabi-10.3-2021.10/bin/../lib/gcc/arm-none-eabi/10.3.1/thumb/v7-m/nofp/crti.o
 .bss           0x00000000        0x0 d:/gcc-arm-none-eabi-10.3-2021.10/bin/../lib/gcc/arm-none-eabi/10.3.1/thumb/v7-m/nofp/crti.o
 .data          0x00000000        0x4 d:/gcc-arm-none-eabi-10.3-2021.10/bin/../lib/gcc/arm-none-eabi/10.3.1/thumb/v7-m/nofp/crtbegin.o
 .rodata        0x00000000       0x24 d:/gcc-arm-none-eabi-10.3-2021.10/bin/../lib/gcc/arm-none-eabi/10.3.1/thumb/v7-m/nofp/crtbegin.o
 .text          0x00000000       0x7c d:/gcc-arm-none-eabi-10.3-2021.10/bin/../lib/gcc/arm-none-eabi/10.3.1/../../../../arm-none-eabi/lib/thumb/v7-m/nofp/crt0.o
 .data          0x00000000        0x0 d:/gcc-arm-none-eabi-10.3-2021.10/bin/../lib/gcc/arm-none-eabi/10.3.1/../../../../arm-none-eabi/lib/thumb/v7-m/nofp/crt0.o
 .bss           0x00000000        0x0 d:/gcc-arm-none-eabi-10.3-2021.10/bin/../lib/gcc/arm-none-eabi/10.3.1/../../../../arm-none-eabi/lib/thumb/v7-m/nofp/crt0.o
[...]
Memory Configuration

Name             Origin             Length             Attributes
RAM              0x20000000         0x0000c000         xrw
FLASH            0x08000000         0x00040000         xr
*default*        0x00000000         0xffffffff

Linker script and memory map

LOAD d:/gcc-arm-none-eabi-10.3-2021.10/bin/../lib/gcc/arm-none-eabi/10.3.1/thumb/v7-m/nofp/crti.o
LOAD d:/gcc-arm-none-eabi-10.3-2021.10/bin/../lib/gcc/arm-none-eabi/10.3.1/thumb/v7-m/nofp/crtbegin.o
LOAD d:/gcc-arm-none-eabi-10.3-2021.10/bin/../lib/gcc/arm-none-eabi/10.3.1/../../../../arm-none-eabi/lib/thumb/v7-m/nofp/crt0.o
LOAD CMakeFiles/cline_test.elf.dir/Core/Src/freertos.c.obj
LOAD CMakeFiles/cline_test.elf.dir/Core/Src/main.c.obj
LOAD CMakeFiles/cline_test.elf.dir/Core/Src/stm32f1xx_hal_msp.c.obj
LOAD CMakeFiles/cline_test.elf.dir/Core/Src/stm32f1xx_it.c.obj
LOAD CMakeFiles/cline_test.elf.dir/Core/Src/syscalls.c.obj
LOAD CMakeFiles/cline_test.elf.dir/Core/Src/sysmem.c.obj
LOAD CMakeFiles/cline_test.elf.dir/Core/Src/system_stm32f1xx.c.obj
LOAD CMakeFiles/cline_test.elf.dir/Core/Startup/startup_stm32f103rctx.s.obj
LOAD CMakeFiles/cline_test.elf.dir/Drivers/STM32F1xx_HAL_Driver/Src/stm32f1xx_hal.c.obj
LOAD CMakeFiles/cline_test.elf.dir/Drivers/STM32F1xx_HAL_Driver/Src/stm32f1xx_hal_cortex.c.obj
LOAD CMakeFiles/cline_test.elf.dir/Drivers/STM32F1xx_HAL_Driver/Src/stm32f1xx_hal_dma.c.obj
LOAD CMakeFiles/cline_test.elf.dir/Drivers/STM32F1xx_HAL_Driver/Src/stm32f1xx_hal_exti.c.obj
LOAD CMakeFiles/cline_test.elf.dir/Drivers/STM32F1xx_HAL_Driver/Src/stm32f1xx_hal_flash.c.obj
LOAD CMakeFiles/cline_test.elf.dir/Drivers/STM32F1xx_HAL_Driver/Src/stm32f1xx_hal_flash_ex.c.obj
LOAD CMakeFiles/cline_test.elf.dir/Drivers/STM32F1xx_HAL_Driver/Src/stm32f1xx_hal_gpio.c.obj
LOAD CMakeFiles/cline_test.elf.dir/Drivers/STM32F1xx_HAL_Driver/Src/stm32f1xx_hal_gpio_ex.c.obj
LOAD CMakeFiles/cline_test.elf.dir/Drivers/STM32F1xx_HAL_Driver/Src/stm32f1xx_hal_pwr.c.obj
LOAD CMakeFiles/cline_test.elf.dir/Drivers/STM32F1xx_HAL_Driver/Src/stm32f1xx_hal_rcc.c.obj
LOAD CMakeFiles/cline_test.elf.dir/Drivers/STM32F1xx_HAL_Driver/Src/stm32f1xx_hal_rcc_ex.c.obj
LOAD CMakeFiles/cline_test.elf.dir/Drivers/STM32F1xx_HAL_Driver/Src/stm32f1xx_hal_tim.c.obj
LOAD CMakeFiles/cline_test.elf.dir/Drivers/STM32F1xx_HAL_Driver/Src/stm32f1xx_hal_tim_ex.c.obj
LOAD CMakeFiles/cline_test.elf.dir/Drivers/STM32F1xx_HAL_Driver/Src/stm32f1xx_hal_uart.c.obj
LOAD CMakeFiles/cline_test.elf.dir/Middlewares/Third_Party/FreeRTOS/Source/CMSIS_RTOS_V2/cmsis_os2.c.obj
LOAD CMakeFiles/cline_test.elf.dir/Middlewares/Third_Party/FreeRTOS/Source/croutine.c.obj
LOAD CMakeFiles/cline_test.elf.dir/Middlewares/Third_Party/FreeRTOS/Source/event_groups.c.obj
LOAD CMakeFiles/cline_test.elf.dir/Middlewares/Third_Party/FreeRTOS/Source/list.c.obj
LOAD CMakeFiles/cline_test.elf.dir/Middlewares/Third_Party/FreeRTOS/Source/portable/MemMang/heap_4.c.obj
LOAD CMakeFiles/cline_test.elf.dir/Middlewares/Third_Party/FreeRTOS/Source/portable/RVDS/ARM_CM3/port.c.obj
LOAD CMakeFiles/cline_test.elf.dir/Middlewares/Third_Party/FreeRTOS/Source/queue.c.obj
LOAD CMakeFiles/cline_test.elf.dir/Middlewares/Third_Party/FreeRTOS/Source/stream_buffer.c.obj
LOAD CMakeFiles/cline_test.elf.dir/Middlewares/Third_Party/FreeRTOS/Source/tasks.c.obj
LOAD CMakeFiles/cline_test.elf.dir/Middlewares/Third_Party/FreeRTOS/Source/timers.c.obj
START GROUP
LOAD d:/gcc-arm-none-eabi-10.3-2021.10/bin/../lib/gcc/arm-none-eabi/10.3.1/thumb/v7-m/nofp\libgcc.a
LOAD d:/gcc-arm-none-eabi-10.3-2021.10/bin/../lib/gcc/arm-none-eabi/10.3.1/../../../../arm-none-eabi/lib/thumb/v7-m/nofp\libg.a
LOAD d:/gcc-arm-none-eabi-10.3-2021.10/bin/../lib/gcc/arm-none-eabi/10.3.1/../../../../arm-none-eabi/lib/thumb/v7-m/nofp\libc.a
END GROUP
LOAD d:/gcc-arm-none-eabi-10.3-2021.10/bin/../lib/gcc/arm-none-eabi/10.3.1/thumb/v7-m/nofp/crtend.o
LOAD d:/gcc-arm-none-eabi-10.3-2021.10/bin/../lib/gcc/arm-none-eabi/10.3.1/thumb/v7-m/nofp/crtn.o
                0x2000c000                _estack = (ORIGIN (RAM) + LENGTH (RAM))
                0x00000200                _Min_Heap_Size = 0x200
                0x00000400                _Min_Stack_Size = 0x400

.isr_vector     0x08000000      0x1e4
                0x08000000                . = ALIGN (0x4)
 *(.isr_vector)
 .isr_vector    0x08000000      0x1e4 CMakeFiles/cline_test.elf.dir/Core/Startup/startup_stm32f103rctx.s.obj
                0x08000000                g_pfnVectors
                0x080001e4                . = ALIGN (0x4)

.text           0x080001f0     0x34f0
                0x080001f0                . = ALIGN (0x4)
 *(.text)
 .text          0x080001f0       0x40 d:/gcc-arm-none-eabi-10.3-2021.10/bin/../lib/gcc/arm-none-eabi/10.3.1/thumb/v7-m/nofp/crtbegin.o
 .text          0x08000230       0xec d:/gcc-arm-none-eabi-10.3-2021.10/bin/../lib/gcc/arm-none-eabi/10.3.1/../../../../arm-none-eabi/lib/thumb/v7-m/nofp\libg.a(lib_a-memcpy.o)
                0x08000230                memcpy
 *(.text*)
 .text.MX_GPIO_Init
                0x0800031c       0x68 CMakeFiles/cline_test.elf.dir/Core/Src/main.c.obj
 .text.StartDefaultTask
                0x08000384       0x1c CMakeFiles/cline_test.elf.dir/Core/Src/main.c.obj
                0x08000384                StartDefaultTask
 .text.StartTask02
                0x080003a0       0x2c CMakeFiles/cline_test.elf.dir/Core/Src/main.c.obj
                0x080003a0                StartTask02
 .text.Error_Handler
                0x080003cc        0x4 CMakeFiles/cline_test.elf.dir/Core/Src/main.c.obj
                0x080003cc                Error_Handler
 .text.MX_USART1_UART_Init
                0x080003d0       0x34 CMakeFiles/cline_test.elf.dir/Core/Src/main.c.obj
 .text.SystemClock_Config
                0x08000404       0x64 CMakeFiles/cline_test.elf.dir/Core/Src/main.c.obj
                0x08000404                SystemClock_Config
 .text.main     0x08000468       0x50 CMakeFiles/cline_test.elf.dir/Core/Src/main.c.obj
                0x08000468                main
 .text.HAL_MspInit
                0x080004b8       0x54 CMakeFiles/cline_test.elf.dir/Core/Src/stm32f1xx_hal_msp.c.obj
                0x080004b8                HAL_MspInit
 .text.HAL_UART_MspInit
                0x0800050c       0x8c CMakeFiles/cline_test.elf.dir/Core/Src/stm32f1xx_hal_msp.c.obj
                0x0800050c                HAL_UART_MspInit
 .text.NMI_Handler
                0x08000598        0x2 CMakeFiles/cline_test.elf.dir/Core/Src/stm32f1xx_it.c.obj
                0x08000598                NMI_Handler
 .text.HardFault_Handler
                0x0800059a        0x2 CMakeFiles/cline_test.elf.dir/Core/Src/stm32f1xx_it.c.obj
                0x0800059a                HardFault_Handler
 .text.MemManage_Handler
                0x0800059c        0x2 CMakeFiles/cline_test.elf.dir/Core/Src/stm32f1xx_it.c.obj
                0x0800059c                MemManage_Handler
 .text.BusFault_Handler
                0x0800059e        0x2 CMakeFiles/cline_test.elf.dir/Core/Src/stm32f1xx_it.c.obj
                0x0800059e                BusFault_Handler
 .text.UsageFault_Handler
                0x080005a0        0x2 CMakeFiles/cline_test.elf.dir/Core/Src/stm32f1xx_it.c.obj
                0x080005a0                UsageFault_Handler
 .text.DebugMon_Handler
                0x080005a2        0x2 CMakeFiles/cline_test.elf.dir/Core/Src/stm32f1xx_it.c.obj
                0x080005a2                DebugMon_Handler
 .text.SysTick_Handler
                0x080005a4       0x16 CMakeFiles/cline_test.elf.dir/Core/Src/stm32f1xx_it.c.obj
                0x080005a4                SysTick_Handler
 *fill*         0x080005ba        0x2 
 .text.USART1_IRQHandler
                0x080005bc       0x10 CMakeFiles/cline_test.elf.dir/Core/Src/stm32f1xx_it.c.obj
                0x080005bc                USART1_IRQHandler
 .text.SystemInit
                0x080005cc        0x2 CMakeFiles/cline_test.elf.dir/Core/Src/system_stm32f1xx.c.obj
                0x080005cc                SystemInit
 *fill*         0x080005ce        0x2 
 .text.Reset_Handler
                0x080005d0       0x48 CMakeFiles/cline_test.elf.dir/Core/Startup/startup_stm32f103rctx.s.obj
                0x080005d0                Reset_Handler
 .text.Default_Handler
                0x08000618        0x2 CMakeFiles/cline_test.elf.dir/Core/Startup/startup_stm32f103rctx.s.obj
                0x08000618                RTC_Alarm_IRQHandler
                0x08000618                EXTI2_IRQHandler
                0x08000618                TIM8_TRG_COM_IRQHandler
                0x08000618                TIM8_CC_IRQHandler
                0x08000618                TIM1_CC_IRQHandler
                0x08000618                TIM6_IRQHandler
                0x08000618                PVD_IRQHandler
                0x08000618                SDIO_IRQHandler
                0x08000618                EXTI3_IRQHandler
                0x08000618                EXTI0_IRQHandler
                0x08000618                I2C2_EV_IRQHandler
                0x08000618                ADC1_2_IRQHandler
                0x08000618                SPI1_IRQHandler
                0x08000618                TAMPER_IRQHandler
                0x08000618                TIM8_UP_IRQHandler
                0x08000618                DMA2_Channel2_IRQHandler
                0x08000618                DMA1_Channel4_IRQHandler
                0x08000618                USART3_IRQHandler
                0x08000618                RTC_IRQHandler
                0x08000618                DMA1_Channel7_IRQHandler
                0x08000618                CAN1_RX1_IRQHandler
                0x08000618                UART5_IRQHandler
                0x08000618                ADC3_IRQHandler
                0x08000618                TIM4_IRQHandler
                0x08000618                DMA2_Channel1_IRQHandler
                0x08000618                I2C1_EV_IRQHandler
                0x08000618                DMA1_Channel6_IRQHandler
                0x08000618                UART4_IRQHandler
                0x08000618                TIM3_IRQHandler
                0x08000618                RCC_IRQHandler
                0x08000618                TIM1_TRG_COM_IRQHandler
                0x08000618                DMA1_Channel1_IRQHandler
                0x08000618                Default_Handler
                0x08000618                EXTI15_10_IRQHandler
                0x08000618                TIM7_IRQHandler
                0x08000618                TIM5_IRQHandler
                0x08000618                EXTI9_5_IRQHandler
                0x08000618                SPI2_IRQHandler
                0x08000618                DMA1_Channel5_IRQHandler
                0x08000618                EXTI4_IRQHandler
                0x08000618                USB_LP_CAN1_RX0_IRQHandler
                0x08000618                USB_HP_CAN1_TX_IRQHandler
                0x08000618                DMA1_Channel3_IRQHandler
                0x08000618                FSMC_IRQHandler
                0x08000618                TIM1_UP_IRQHandler
                0x08000618                WWDG_IRQHandler
                0x08000618                TIM2_IRQHandler
                0x08000618                TIM1_BRK_IRQHandler
                0x08000618                EXTI1_IRQHandler
                0x08000618                DMA2_Channel4_5_IRQHandler
                0x08000618                USART2_IRQHandler
                0x08000618                I2C2_ER_IRQHandler
                0x08000618                DMA1_Channel2_IRQHandler
                0x08000618                TIM8_BRK_IRQHandler
                0x08000618                CAN1_SCE_IRQHandler
                0x08000618                FLASH_IRQHandler
                0x08000618                SPI3_IRQHandler
                0x08000618                I2C1_ER_IRQHandler
                0x08000618                USBWakeUp_IRQHandler
                0x08000618                DMA2_Channel3_IRQHandler
 *fill*         0x0800061a        0x2 
 .text.HAL_InitTick
                0x0800061c       0x4c CMakeFiles/cline_test.elf.dir/Drivers/STM32F1xx_HAL_Driver/Src/stm32f1xx_hal.c.obj
                0x0800061c                HAL_InitTick
 .text.HAL_Init
                0x08000668       0x24 CMakeFiles/cline_test.elf.dir/Drivers/STM32F1xx_HAL_Driver/Src/stm32f1xx_hal.c.obj
                0x08000668                HAL_Init
 .text.HAL_IncTick
                0x0800068c       0x18 CMakeFiles/cline_test.elf.dir/Drivers/STM32F1xx_HAL_Driver/Src/stm32f1xx_hal.c.obj
                0x0800068c                HAL_IncTick
 .text.HAL_GetTick
                0x080006a4        0xc CMakeFiles/cline_test.elf.dir/Drivers/STM32F1xx_HAL_Driver/Src/stm32f1xx_hal.c.obj
                0x080006a4                HAL_GetTick
 .text.HAL_NVIC_SetPriorityGrouping
                0x080006b0       0x24 CMakeFiles/cline_test.elf.dir/Drivers/STM32F1xx_HAL_Driver/Src/stm32f1xx_hal_cortex.c.obj
                0x080006b0                HAL_NVIC_SetPriorityGrouping
 .text.HAL_NVIC_SetPriority
                0x080006d4       0x70 CMakeFiles/cline_test.elf.dir/Drivers/STM32F1xx_HAL_Driver/Src/stm32f1xx_hal_cortex.c.obj
                0x080006d4                HAL_NVIC_SetPriority
 .text.HAL_NVIC_EnableIRQ
                0x08000744       0x1c CMakeFiles/cline_test.elf.dir/Drivers/STM32F1xx_HAL_Driver/Src/stm32f1xx_hal_cortex.c.obj
                0x08000744                HAL_NVIC_EnableIRQ
 .text.HAL_SYSTICK_Config
                0x08000760       0x28 CMakeFiles/cline_test.elf.dir/Drivers/STM32F1xx_HAL_Driver/Src/stm32f1xx_hal_cortex.c.obj
                0x08000760                HAL_SYSTICK_Config
 .text.HAL_DMA_Abort
                0x08000788       0x46 CMakeFiles/cline_test.elf.dir/Drivers/STM32F1xx_HAL_Driver/Src/stm32f1xx_hal_dma.c.obj
                0x08000788                HAL_DMA_Abort
 *fill*         0x080007ce        0x2 
 .text.HAL_DMA_Abort_IT
                0x080007d0      0x16c CMakeFiles/cline_test.elf.dir/Drivers/STM32F1xx_HAL_Driver/Src/stm32f1xx_hal_dma.c.obj
                0x080007d0                HAL_DMA_Abort_IT
 .text.HAL_GPIO_Init
                0x0800093c      0x240 CMakeFiles/cline_test.elf.dir/Drivers/STM32F1xx_HAL_Driver/Src/stm32f1xx_hal_gpio.c.obj
                0x0800093c                HAL_GPIO_Init
 .text.HAL_GPIO_WritePin
                0x08000b7c        0xc CMakeFiles/cline_test.elf.dir/Drivers/STM32F1xx_HAL_Driver/Src/stm32f1xx_hal_gpio.c.obj
                0x08000b7c                HAL_GPIO_WritePin
 .text.HAL_GPIO_TogglePin
                0x08000b88       0x12 CMakeFiles/cline_test.elf.dir/Drivers/STM32F1xx_HAL_Driver/Src/stm32f1xx_hal_gpio.c.obj
                0x08000b88                HAL_GPIO_TogglePin
 *fill*         0x08000b9a        0x2 
 .text.RCC_Delay
                0x08000b9c       0x2c CMakeFiles/cline_test.elf.dir/Drivers/STM32F1xx_HAL_Driver/Src/stm32f1xx_hal_rcc.c.obj
 .text.HAL_RCC_OscConfig
                0x08000bc8      0x410 CMakeFiles/cline_test.elf.dir/Drivers/STM32F1xx_HAL_Driver/Src/stm32f1xx_hal_rcc.c.obj
                0x08000bc8                HAL_RCC_OscConfig
 .text.HAL_RCC_GetSysClockFreq
                0x08000fd8       0x54 CMakeFiles/cline_test.elf.dir/Drivers/STM32F1xx_HAL_Driver/Src/stm32f1xx_hal_rcc.c.obj
                0x08000fd8                HAL_RCC_GetSysClockFreq
 .text.HAL_RCC_ClockConfig
                0x0800102c      0x16c CMakeFiles/cline_test.elf.dir/Drivers/STM32F1xx_HAL_Driver/Src/stm32f1xx_hal_rcc.c.obj
                0x0800102c                HAL_RCC_ClockConfig
 .text.HAL_RCC_GetHCLKFreq
                0x08001198        0xc CMakeFiles/cline_test.elf.dir/Drivers/STM32F1xx_HAL_Driver/Src/stm32f1xx_hal_rcc.c.obj
                0x08001198                HAL_RCC_GetHCLKFreq
 .text.HAL_RCC_GetPCLK1Freq
                0x080011a4       0x20 CMakeFiles/cline_test.elf.dir/Drivers/STM32F1xx_HAL_Driver/Src/stm32f1xx_hal_rcc.c.obj
                0x080011a4                HAL_RCC_GetPCLK1Freq
 .text.HAL_RCC_GetPCLK2Freq
                0x080011c4       0x20 CMakeFiles/cline_test.elf.dir/Drivers/STM32F1xx_HAL_Driver/Src/stm32f1xx_hal_rcc.c.obj
                0x080011c4                HAL_RCC_GetPCLK2Freq
 .text.UART_EndRxTransfer
                0x080011e4       0x5c CMakeFiles/cline_test.elf.dir/Drivers/STM32F1xx_HAL_Driver/Src/stm32f1xx_hal_uart.c.obj
 .text.UART_Transmit_IT
                0x08001240       0x60 CMakeFiles/cline_test.elf.dir/Drivers/STM32F1xx_HAL_Driver/Src/stm32f1xx_hal_uart.c.obj
 .text.UART_SetConfig
                0x080012a0       0x94 CMakeFiles/cline_test.elf.dir/Drivers/STM32F1xx_HAL_Driver/Src/stm32f1xx_hal_uart.c.obj
 .text.UART_WaitOnFlagUntilTimeout
                0x08001334       0x88 CMakeFiles/cline_test.elf.dir/Drivers/STM32F1xx_HAL_Driver/Src/stm32f1xx_hal_uart.c.obj
 .text.HAL_UART_Init
                0x080013bc       0x60 CMakeFiles/cline_test.elf.dir/Drivers/STM32F1xx_HAL_Driver/Src/stm32f1xx_hal_uart.c.obj
                0x080013bc                HAL_UART_Init
 .text.HAL_UART_Transmit
                0x0800141c       0xbe CMakeFiles/cline_test.elf.dir/Drivers/STM32F1xx_HAL_Driver/Src/stm32f1xx_hal_uart.c.obj
                0x0800141c                HAL_UART_Transmit
 .text.HAL_UART_TxCpltCallback
                0x080014da        0x2 CMakeFiles/cline_test.elf.dir/Drivers/STM32F1xx_HAL_Driver/Src/stm32f1xx_hal_uart.c.obj
                0x080014da                HAL_UART_TxCpltCallback
 .text.UART_EndTransmit_IT
                0x080014dc       0x1a CMakeFiles/cline_test.elf.dir/Drivers/STM32F1xx_HAL_Driver/Src/stm32f1xx_hal_uart.c.obj
 .text.HAL_UART_RxCpltCallback
                0x080014f6        0x2 CMakeFiles/cline_test.elf.dir/Drivers/STM32F1xx_HAL_Driver/Src/stm32f1xx_hal_uart.c.obj
                0x080014f6                HAL_UART_RxCpltCallback
 .text.HAL_UART_ErrorCallback
                0x080014f8        0x2 CMakeFiles/cline_test.elf.dir/Drivers/STM32F1xx_HAL_Driver/Src/stm32f1xx_hal_uart.c.obj
                0x080014f8                HAL_UART_ErrorCallback
 .text.UART_DMAAbortOnError
                0x080014fa       0x10 CMakeFiles/cline_test.elf.dir/Drivers/STM32F1xx_HAL_Driver/Src/stm32f1xx_hal_uart.c.obj
 .text.HAL_UARTEx_RxEventCallback
                0x0800150a        0x2 CMakeFiles/cline_test.elf.dir/Drivers/STM32F1xx_HAL_Driver/Src/stm32f1xx_hal_uart.c.obj
                0x0800150a                HAL_UARTEx_RxEventCallback
 .text.UART_Receive_IT
                0x0800150c       0xe6 CMakeFiles/cline_test.elf.dir/Drivers/STM32F1xx_HAL_Driver/Src/stm32f1xx_hal_uart.c.obj
 *fill*         0x080015f2        0x2 
 .text.HAL_UART_IRQHandler
                0x080015f4      0x288 CMakeFiles/cline_test.elf.dir/Drivers/STM32F1xx_HAL_Driver/Src/stm32f1xx_hal_uart.c.obj
                0x080015f4                HAL_UART_IRQHandler
 .text.osKernelInitialize
                0x0800187c       0x44 CMakeFiles/cline_test.elf.dir/Middlewares/Third_Party/FreeRTOS/Source/CMSIS_RTOS_V2/cmsis_os2.c.obj
                0x0800187c                osKernelInitialize
 .text.osKernelStart
                0x080018c0       0x4c CMakeFiles/cline_test.elf.dir/Middlewares/Third_Party/FreeRTOS/Source/CMSIS_RTOS_V2/cmsis_os2.c.obj
                0x080018c0                osKernelStart
 .text.osThreadNew
                0x0800190c       0xec CMakeFiles/cline_test.elf.dir/Middlewares/Third_Party/FreeRTOS/Source/CMSIS_RTOS_V2/cmsis_os2.c.obj
                0x0800190c                osThreadNew
 .text.osDelay  0x080019f8       0x44 CMakeFiles/cline_test.elf.dir/Middlewares/Third_Party/FreeRTOS/Source/CMSIS_RTOS_V2/cmsis_os2.c.obj
                0x080019f8                osDelay
 .text.vApplicationGetIdleTaskMemory
                0x08001a3c       0x18 CMakeFiles/cline_test.elf.dir/Middlewares/Third_Party/FreeRTOS/Source/CMSIS_RTOS_V2/cmsis_os2.c.obj
                0x08001a3c                vApplicationGetIdleTaskMemory
 .text.vApplicationGetTimerTaskMemory
                0x08001a54       0x18 CMakeFiles/cline_test.elf.dir/Middlewares/Third_Party/FreeRTOS/Source/CMSIS_RTOS_V2/cmsis_os2.c.obj
                0x08001a54                vApplicationGetTimerTaskMemory
 .text.vListInitialise
                0x08001a6c       0x16 CMakeFiles/cline_test.elf.dir/Middlewares/Third_Party/FreeRTOS/Source/list.c.obj
                0x08001a6c                vListInitialise
 .text.vListInitialiseItem
                0x08001a82        0x6 CMakeFiles/cline_test.elf.dir/Middlewares/Third_Party/FreeRTOS/Source/list.c.obj
                0x08001a82                vListInitialiseItem
 .text.vListInsertEnd
                0x08001a88       0x16 CMakeFiles/cline_test.elf.dir/Middlewares/Third_Party/FreeRTOS/Source/list.c.obj
                0x08001a88                vListInsertEnd
 .text.vListInsert
                0x08001a9e       0x32 CMakeFiles/cline_test.elf.dir/Middlewares/Third_Party/FreeRTOS/Source/list.c.obj
                0x08001a9e                vListInsert
 .text.uxListRemove
                0x08001ad0       0x26 CMakeFiles/cline_test.elf.dir/Middlewares/Third_Party/FreeRTOS/Source/list.c.obj
                0x08001ad0                uxListRemove
 *fill*         0x08001af6        0x2 
 .text.prvHeapInit
                0x08001af8       0x64 CMakeFiles/cline_test.elf.dir/Middlewares/Third_Party/FreeRTOS/Source/portable/MemMang/heap_4.c.obj
 .text.prvInsertBlockIntoFreeList
                0x08001b5c       0x60 CMakeFiles/cline_test.elf.dir/Middlewares/Third_Party/FreeRTOS/Source/portable/MemMang/heap_4.c.obj
 .text.pvPortMalloc
                0x08001bbc       0xf0 CMakeFiles/cline_test.elf.dir/Middlewares/Third_Party/FreeRTOS/Source/portable/MemMang/heap_4.c.obj
                0x08001bbc                pvPortMalloc
 .text.vPortFree
                0x08001cac       0x70 CMakeFiles/cline_test.elf.dir/Middlewares/Third_Party/FreeRTOS/Source/portable/MemMang/heap_4.c.obj
                0x08001cac                vPortFree
 .text.prvTaskExitError
                0x08001d1c       0x40 CMakeFiles/cline_test.elf.dir/Middlewares/Third_Party/FreeRTOS/Source/portable/RVDS/ARM_CM3/port.c.obj
 .text.prvPortStartFirstTask
                0x08001d5c       0x20 CMakeFiles/cline_test.elf.dir/Middlewares/Third_Party/FreeRTOS/Source/portable/RVDS/ARM_CM3/port.c.obj
 .text.pxPortInitialiseStack
                0x08001d7c       0x24 CMakeFiles/cline_test.elf.dir/Middlewares/Third_Party/FreeRTOS/Source/portable/RVDS/ARM_CM3/port.c.obj
                0x08001d7c                pxPortInitialiseStack
 .text.SVC_Handler
                0x08001da0       0x24 CMakeFiles/cline_test.elf.dir/Middlewares/Third_Party/FreeRTOS/Source/portable/RVDS/ARM_CM3/port.c.obj
                0x08001da0                SVC_Handler
 .text.vPortEnterCritical
                0x08001dc4       0x44 CMakeFiles/cline_test.elf.dir/Middlewares/Third_Party/FreeRTOS/Source/portable/RVDS/ARM_CM3/port.c.obj
                0x08001dc4                vPortEnterCritical
 .text.vPortExitCritical
                0x08001e08       0x2c CMakeFiles/cline_test.elf.dir/Middlewares/Third_Party/FreeRTOS/Source/portable/RVDS/ARM_CM3/port.c.obj
                0x08001e08                vPortExitCritical
 *fill*         0x08001e34        0xc 
 .text.PendSV_Handler
                0x08001e40       0x44 CMakeFiles/cline_test.elf.dir/Middlewares/Third_Party/FreeRTOS/Source/portable/RVDS/ARM_CM3/port.c.obj
                0x08001e40                PendSV_Handler
 .text.xPortSysTickHandler
                0x08001e84       0x2c CMakeFiles/cline_test.elf.dir/Middlewares/Third_Party/FreeRTOS/Source/portable/RVDS/ARM_CM3/port.c.obj
                0x08001e84                xPortSysTickHandler
 .text.vPortSetupTimerInterrupt
                0x08001eb0       0x28 CMakeFiles/cline_test.elf.dir/Middlewares/Third_Party/FreeRTOS/Source/portable/RVDS/ARM_CM3/port.c.obj
                0x08001eb0                vPortSetupTimerInterrupt
 .text.xPortStartScheduler
                0x08001ed8       0xc0 CMakeFiles/cline_test.elf.dir/Middlewares/Third_Party/FreeRTOS/Source/portable/RVDS/ARM_CM3/port.c.obj
                0x08001ed8                xPortStartScheduler
 .text.vPortValidateInterruptPriority
                0x08001f98       0x5c CMakeFiles/cline_test.elf.dir/Middlewares/Third_Party/FreeRTOS/Source/portable/RVDS/ARM_CM3/port.c.obj
                0x08001f98                vPortValidateInterruptPriority
 .text.prvIsQueueFull
                0x08001ff4       0x1e CMakeFiles/cline_test.elf.dir/Middlewares/Third_Party/FreeRTOS/Source/queue.c.obj
 .text.prvIsQueueEmpty
                0x08002012       0x1a CMakeFiles/cline_test.elf.dir/Middlewares/Third_Party/FreeRTOS/Source/queue.c.obj
 .text.prvCopyDataToQueue
                0x0800202c       0x76 CMakeFiles/cline_test.elf.dir/Middlewares/Third_Party/FreeRTOS/Source/queue.c.obj
 .text.prvCopyDataFromQueue
                0x080020a2       0x24 CMakeFiles/cline_test.elf.dir/Middlewares/Third_Party/FreeRTOS/Source/queue.c.obj
 .text.prvUnlockQueue
                0x080020c6       0x6e CMakeFiles/cline_test.elf.dir/Middlewares/Third_Party/FreeRTOS/Source/queue.c.obj
 .text.xQueueGenericReset
                0x08002134       0x84 CMakeFiles/cline_test.elf.dir/Middlewares/Third_Party/FreeRTOS/Source/queue.c.obj
                0x08002134                xQueueGenericReset
 .text.prvInitialiseNewQueue
                0x080021b8       0x22 CMakeFiles/cline_test.elf.dir/Middlewares/Third_Party/FreeRTOS/Source/queue.c.obj
 .text.xQueueGenericCreateStatic
                0x080021da       0x92 CMakeFiles/cline_test.elf.dir/Middlewares/Third_Party/FreeRTOS/Source/queue.c.obj
                0x080021da                xQueueGenericCreateStatic
 .text.xQueueGenericSend
                0x0800226c      0x188 CMakeFiles/cline_test.elf.dir/Middlewares/Third_Party/FreeRTOS/Source/queue.c.obj
                0x0800226c                xQueueGenericSend
 .text.xQueueGenericSendFromISR
                0x080023f4       0xcc CMakeFiles/cline_test.elf.dir/Middlewares/Third_Party/FreeRTOS/Source/queue.c.obj
                0x080023f4                xQueueGenericSendFromISR
 .text.xQueueReceive
                0x080024c0      0x15e CMakeFiles/cline_test.elf.dir/Middlewares/Third_Party/FreeRTOS/Source/queue.c.obj
                0x080024c0                xQueueReceive
 *fill*         0x0800261e        0x2 
 .text.vQueueAddToRegistry
                0x08002620       0x28 CMakeFiles/cline_test.elf.dir/Middlewares/Third_Party/FreeRTOS/Source/queue.c.obj
                0x08002620                vQueueAddToRegistry
 .text.vQueueWaitForMessageRestricted
                0x08002648       0x52 CMakeFiles/cline_test.elf.dir/Middlewares/Third_Party/FreeRTOS/Source/queue.c.obj
                0x08002648                vQueueWaitForMessageRestricted
 *fill*         0x0800269a        0x2 
 .text.prvResetNextTaskUnblockTime
                0x0800269c       0x2c CMakeFiles/cline_test.elf.dir/Middlewares/Third_Party/FreeRTOS/Source/tasks.c.obj
 .text.prvInitialiseNewTask
                0x080026c8       0x9c CMakeFiles/cline_test.elf.dir/Middlewares/Third_Party/FreeRTOS/Source/tasks.c.obj
 .text.prvInitialiseTaskLists
                0x08002764       0x68 CMakeFiles/cline_test.elf.dir/Middlewares/Third_Party/FreeRTOS/Source/tasks.c.obj
 .text.prvAddNewTaskToReadyList
                0x080027cc       0xac CMakeFiles/cline_test.elf.dir/Middlewares/Third_Party/FreeRTOS/Source/tasks.c.obj
 .text.prvDeleteTCB
                0x08002878       0x38 CMakeFiles/cline_test.elf.dir/Middlewares/Third_Party/FreeRTOS/Source/tasks.c.obj
 .text.prvCheckTasksWaitingTermination
                0x080028b0       0x4c CMakeFiles/cline_test.elf.dir/Middlewares/Third_Party/FreeRTOS/Source/tasks.c.obj
 .text.prvIdleTask
                0x080028fc       0x28 CMakeFiles/cline_test.elf.dir/Middlewares/Third_Party/FreeRTOS/Source/tasks.c.obj
 .text.prvAddCurrentTaskToDelayedList
                0x08002924       0x7c CMakeFiles/cline_test.elf.dir/Middlewares/Third_Party/FreeRTOS/Source/tasks.c.obj
 .text.xTaskCreateStatic
                0x080029a0       0x74 CMakeFiles/cline_test.elf.dir/Middlewares/Third_Party/FreeRTOS/Source/tasks.c.obj
                0x080029a0                xTaskCreateStatic
 .text.xTaskCreate
                0x08002a14       0x68 CMakeFiles/cline_test.elf.dir/Middlewares/Third_Party/FreeRTOS/Source/tasks.c.obj
                0x08002a14                xTaskCreate
 .text.vTaskStartScheduler
                0x08002a7c       0x9c CMakeFiles/cline_test.elf.dir/Middlewares/Third_Party/FreeRTOS/Source/tasks.c.obj
                0x08002a7c                vTaskStartScheduler
 .text.vTaskSuspendAll
                0x08002b18       0x10 CMakeFiles/cline_test.elf.dir/Middlewares/Third_Party/FreeRTOS/Source/tasks.c.obj
                0x08002b18                vTaskSuspendAll
 .text.xTaskGetTickCount
                0x08002b28        0xc CMakeFiles/cline_test.elf.dir/Middlewares/Third_Party/FreeRTOS/Source/tasks.c.obj
                0x08002b28                xTaskGetTickCount
 .text.xTaskIncrementTick
                0x08002b34      0x118 CMakeFiles/cline_test.elf.dir/Middlewares/Third_Party/FreeRTOS/Source/tasks.c.obj
                0x08002b34                xTaskIncrementTick
 .text.xTaskResumeAll
                0x08002c4c       0xf8 CMakeFiles/cline_test.elf.dir/Middlewares/Third_Party/FreeRTOS/Source/tasks.c.obj
                0x08002c4c                xTaskResumeAll
 .text.vTaskDelay
                0x08002d44       0x4c CMakeFiles/cline_test.elf.dir/Middlewares/Third_Party/FreeRTOS/Source/tasks.c.obj
                0x08002d44                vTaskDelay
 .text.vTaskSwitchContext
                0x08002d90       0x94 CMakeFiles/cline_test.elf.dir/Middlewares/Third_Party/FreeRTOS/Source/tasks.c.obj
                0x08002d90                vTaskSwitchContext
 .text.vTaskPlaceOnEventList
                0x08002e24       0x30 CMakeFiles/cline_test.elf.dir/Middlewares/Third_Party/FreeRTOS/Source/tasks.c.obj
                0x08002e24                vTaskPlaceOnEventList
 .text.vTaskPlaceOnEventListRestricted
                0x08002e54       0x38 CMakeFiles/cline_test.elf.dir/Middlewares/Third_Party/FreeRTOS/Source/tasks.c.obj
                0x08002e54                vTaskPlaceOnEventListRestricted
 .text.xTaskRemoveFromEventList
                0x08002e8c       0x8c CMakeFiles/cline_test.elf.dir/Middlewares/Third_Party/FreeRTOS/Source/tasks.c.obj
                0x08002e8c                xTaskRemoveFromEventList
 .text.vTaskInternalSetTimeOutState
                0x08002f18       0x18 CMakeFiles/cline_test.elf.dir/Middlewares/Third_Party/FreeRTOS/Source/tasks.c.obj
                0x08002f18                vTaskInternalSetTimeOutState
 .text.xTaskCheckForTimeOut
                0x08002f30       0x84 CMakeFiles/cline_test.elf.dir/Middlewares/Third_Party/FreeRTOS/Source/tasks.c.obj
                0x08002f30                xTaskCheckForTimeOut
 .text.vTaskMissedYield
                0x08002fb4        0xc CMakeFiles/cline_test.elf.dir/Middlewares/Third_Party/FreeRTOS/Source/tasks.c.obj
                0x08002fb4                vTaskMissedYield
 .text.xTaskGetSchedulerState
                0x08002fc0       0x20 CMakeFiles/cline_test.elf.dir/Middlewares/Third_Party/FreeRTOS/Source/tasks.c.obj
                0x08002fc0                xTaskGetSchedulerState
 .text.xTaskPriorityDisinherit
                0x08002fe0       0x90 CMakeFiles/cline_test.elf.dir/Middlewares/Third_Party/FreeRTOS/Source/tasks.c.obj
                0x08002fe0                xTaskPriorityDisinherit
 .text.prvGetNextExpireTime
                0x08003070       0x20 CMakeFiles/cline_test.elf.dir/Middlewares/Third_Party/FreeRTOS/Source/timers.c.obj
 .text.prvInsertTimerInActiveList
                0x08003090       0x48 CMakeFiles/cline_test.elf.dir/Middlewares/Third_Party/FreeRTOS/Source/timers.c.obj
 .text.prvCheckForValidListAndQueue
                0x080030d8       0x70 CMakeFiles/cline_test.elf.dir/Middlewares/Third_Party/FreeRTOS/Source/timers.c.obj
 .text.xTimerCreateTimerTask
                0x08003148       0x64 CMakeFiles/cline_test.elf.dir/Middlewares/Third_Party/FreeRTOS/Source/timers.c.obj
                0x08003148                xTimerCreateTimerTask
 .text.xTimerGenericCommand
                0x080031ac       0x6c CMakeFiles/cline_test.elf.dir/Middlewares/Third_Party/FreeRTOS/Source/timers.c.obj
                0x080031ac                xTimerGenericCommand
 .text.prvSwitchTimerLists
                0x08003218       0x78 CMakeFiles/cline_test.elf.dir/Middlewares/Third_Party/FreeRTOS/Source/timers.c.obj
 .text.prvSampleTimeNow
                0x08003290       0x2c CMakeFiles/cline_test.elf.dir/Middlewares/Third_Party/FreeRTOS/Source/timers.c.obj
 .text.prvProcessExpiredTimer
                0x080032bc       0x60 CMakeFiles/cline_test.elf.dir/Middlewares/Third_Party/FreeRTOS/Source/timers.c.obj
 .text.prvProcessTimerOrBlockTask
                0x0800331c       0x74 CMakeFiles/cline_test.elf.dir/Middlewares/Third_Party/FreeRTOS/Source/timers.c.obj
 .text.prvProcessReceivedCommands
                0x08003390       0xf8 CMakeFiles/cline_test.elf.dir/Middlewares/Third_Party/FreeRTOS/Source/timers.c.obj
 .text.prvTimerTask
                0x08003488       0x16 CMakeFiles/cline_test.elf.dir/Middlewares/Third_Party/FreeRTOS/Source/timers.c.obj
 *fill*         0x0800349e        0x2 
 .text.__libc_init_array
                0x080034a0       0x48 d:/gcc-arm-none-eabi-10.3-2021.10/bin/../lib/gcc/arm-none-eabi/10.3.1/../../../../arm-none-eabi/lib/thumb/v7-m/nofp\libg.a(lib_a-init.o)
                0x080034a0                __libc_init_array
 .text.memset   0x080034e8       0xa4 d:/gcc-arm-none-eabi-10.3-2021.10/bin/../lib/gcc/arm-none-eabi/10.3.1/../../../../arm-none-eabi/lib/thumb/v7-m/nofp\libg.a(lib_a-memset.o)
                0x080034e8                memset
 .text.strlen   0x0800358c       0x5c d:/gcc-arm-none-eabi-10.3-2021.10/bin/../lib/gcc/arm-none-eabi/10.3.1/../../../../arm-none-eabi/lib/thumb/v7-m/nofp\libg.a(lib_a-strlen-stub.o)
                0x0800358c                strlen
 .text.startup.register_fini
                0x080035e8       0x14 d:/gcc-arm-none-eabi-10.3-2021.10/bin/../lib/gcc/arm-none-eabi/10.3.1/../../../../arm-none-eabi/lib/thumb/v7-m/nofp\libg.a(lib_a-__call_atexit.o)
 .text.atexit   0x080035fc        0xc d:/gcc-arm-none-eabi-10.3-2021.10/bin/../lib/gcc/arm-none-eabi/10.3.1/../../../../arm-none-eabi/lib/thumb/v7-m/nofp\libg.a(lib_a-atexit.o)
                0x080035fc                atexit
 .text.__libc_fini_array
                0x08003608       0x2c d:/gcc-arm-none-eabi-10.3-2021.10/bin/../lib/gcc/arm-none-eabi/10.3.1/../../../../arm-none-eabi/lib/thumb/v7-m/nofp\libg.a(lib_a-fini.o)
                0x08003608                __libc_fini_array
 .text.__retarget_lock_acquire_recursive
                0x08003634        0x4 d:/gcc-arm-none-eabi-10.3-2021.10/bin/../lib/gcc/arm-none-eabi/10.3.1/../../../../arm-none-eabi/lib/thumb/v7-m/nofp\libg.a(lib_a-lock.o)
                0x08003634                __retarget_lock_acquire_recursive
 .text.__retarget_lock_release_recursive
                0x08003638        0x4 d:/gcc-arm-none-eabi-10.3-2021.10/bin/../lib/gcc/arm-none-eabi/10.3.1/../../../../arm-none-eabi/lib/thumb/v7-m/nofp\libg.a(lib_a-lock.o)
                0x08003638                __retarget_lock_release_recursive
 .text.__register_exitproc
                0x0800363c       0x8c d:/gcc-arm-none-eabi-10.3-2021.10/bin/../lib/gcc/arm-none-eabi/10.3.1/../../../../arm-none-eabi/lib/thumb/v7-m/nofp\libg.a(lib_a-__atexit.o)
                0x0800363c                __register_exitproc
 *(.glue_7)
 .glue_7        0x080036c8        0x0 linker stubs
 *(.glue_7t)
 .glue_7t       0x080036c8        0x0 linker stubs
 *(.eh_frame)
 .eh_frame      0x080036c8        0x0 d:/gcc-arm-none-eabi-10.3-2021.10/bin/../lib/gcc/arm-none-eabi/10.3.1/thumb/v7-m/nofp/crtbegin.o
 *(.init)
 .init          0x080036c8        0x4 d:/gcc-arm-none-eabi-10.3-2021.10/bin/../lib/gcc/arm-none-eabi/10.3.1/thumb/v7-m/nofp/crti.o
                0x080036c8                _init
 .init          0x080036cc        0x8 d:/gcc-arm-none-eabi-10.3-2021.10/bin/../lib/gcc/arm-none-eabi/10.3.1/thumb/v7-m/nofp/crtn.o
 *(.fini)
 .fini          0x080036d4        0x4 d:/gcc-arm-none-eabi-10.3-2021.10/bin/../lib/gcc/arm-none-eabi/10.3.1/thumb/v7-m/nofp/crti.o
                0x080036d4                _fini
 .fini          0x080036d8        0x8 d:/gcc-arm-none-eabi-10.3-2021.10/bin/../lib/gcc/arm-none-eabi/10.3.1/thumb/v7-m/nofp/crtn.o
                0x080036e0                . = ALIGN (0x4)
                0x080036e0                _etext = .

.vfp11_veneer   0x080036e0        0x0
 .vfp11_veneer  0x080036e0        0x0 linker stubs

.v4_bx          0x080036e0        0x0
 .v4_bx         0x080036e0        0x0 linker stubs

.iplt           0x080036e0        0x0
 .iplt          0x080036e0        0x0 d:/gcc-arm-none-eabi-10.3-2021.10/bin/../lib/gcc/arm-none-eabi/10.3.1/thumb/v7-m/nofp/crtbegin.o

.rodata         0x080036e0       0xa8
                0x080036e0                . = ALIGN (0x4)
 *(.rodata)
 *(.rodata*)
 .rodata.str1.4
                0x080036e0       0x18 CMakeFiles/cline_test.elf.dir/Core/Src/main.c.obj
 .rodata.defaultTask_attributes
                0x080036f8       0x24 CMakeFiles/cline_test.elf.dir/Core/Src/main.c.obj
                0x080036f8                defaultTask_attributes
 .rodata.myTask02_attributes
                0x0800371c       0x24 CMakeFiles/cline_test.elf.dir/Core/Src/main.c.obj
                0x0800371c                myTask02_attributes
 .rodata.AHBPrescTable
                0x08003740       0x10 CMakeFiles/cline_test.elf.dir/Core/Src/system_stm32f1xx.c.obj
                0x08003740                AHBPrescTable
 .rodata.APBPrescTable
                0x08003750        0x8 CMakeFiles/cline_test.elf.dir/Core/Src/system_stm32f1xx.c.obj
                0x08003750                APBPrescTable
 .rodata.aPLLMULFactorTable.1
                0x08003758       0x10 CMakeFiles/cline_test.elf.dir/Drivers/STM32F1xx_HAL_Driver/Src/stm32f1xx_hal_rcc.c.obj
 .rodata.aPredivFactorTable.0
                0x08003768        0x2 CMakeFiles/cline_test.elf.dir/Drivers/STM32F1xx_HAL_Driver/Src/stm32f1xx_hal_rcc.c.obj
 *fill*         0x0800376a        0x2 
 .rodata.vTaskStartScheduler.str1.4
                0x0800376c        0x5 CMakeFiles/cline_test.elf.dir/Middlewares/Third_Party/FreeRTOS/Source/tasks.c.obj
 *fill*         0x08003771        0x3 
 .rodata.prvCheckForValidListAndQueue.str1.4
                0x08003774        0x5 CMakeFiles/cline_test.elf.dir/Middlewares/Third_Party/FreeRTOS/Source/timers.c.obj
 *fill*         0x08003779        0x3 
 .rodata.xTimerCreateTimerTask.str1.4
                0x0800377c        0x8 CMakeFiles/cline_test.elf.dir/Middlewares/Third_Party/FreeRTOS/Source/timers.c.obj
 .rodata._global_impure_ptr
                0x08003784        0x4 d:/gcc-arm-none-eabi-10.3-2021.10/bin/../lib/gcc/arm-none-eabi/10.3.1/../../../../arm-none-eabi/lib/thumb/v7-m/nofp\libg.a(lib_a-impure.o)
                0x08003784                _global_impure_ptr
                0x08003788                . = ALIGN (0x4)

.rel.dyn        0x08003788        0x0
 .rel.iplt      0x08003788        0x0 d:/gcc-arm-none-eabi-10.3-2021.10/bin/../lib/gcc/arm-none-eabi/10.3.1/thumb/v7-m/nofp/crtbegin.o

.ARM.extab      0x08003788        0x0
                0x08003788                . = ALIGN (0x4)
 *(.ARM.extab* .gnu.linkonce.armextab.*)
                0x08003788                . = ALIGN (0x4)

.ARM            0x08003788        0x0
                0x08003788                . = ALIGN (0x4)
                0x08003788                __exidx_start = .
 *(.ARM.exidx*)
                0x08003788                __exidx_end = .
                0x08003788                . = ALIGN (0x4)

.preinit_array  0x08003788        0x0
                0x08003788                . = ALIGN (0x4)
                0x08003788                PROVIDE (__preinit_array_start = .)
 *(.preinit_array*)
                0x08003788                PROVIDE (__preinit_array_end = .)
                0x08003788                . = ALIGN (0x4)

.init_array     0x08003788        0x8
                0x08003788                . = ALIGN (0x4)
                0x08003788                PROVIDE (__init_array_start = .)
 *(SORT_BY_NAME(.init_array.*))
 .init_array.00000
                0x08003788        0x4 d:/gcc-arm-none-eabi-10.3-2021.10/bin/../lib/gcc/arm-none-eabi/10.3.1/../../../../arm-none-eabi/lib/thumb/v7-m/nofp\libg.a(lib_a-__call_atexit.o)
 *(.init_array*)
 .init_array    0x0800378c        0x4 d:/gcc-arm-none-eabi-10.3-2021.10/bin/../lib/gcc/arm-none-eabi/10.3.1/thumb/v7-m/nofp/crtbegin.o
                0x08003790                PROVIDE (__init_array_end = .)
                0x08003790                . = ALIGN (0x4)

.fini_array     0x08003790        0x4
                0x08003790                . = ALIGN (0x4)
                0x08003790                PROVIDE (__fini_array_start = .)
 *(SORT_BY_NAME(.fini_array.*))
 *(.fini_array*)
 .fini_array    0x08003790        0x4 d:/gcc-arm-none-eabi-10.3-2021.10/bin/../lib/gcc/arm-none-eabi/10.3.1/thumb/v7-m/nofp/crtbegin.o
                0x08003794                PROVIDE (__fini_array_end = .)
                0x08003794                . = ALIGN (0x4)
                0x08003794                _sidata = LOADADDR (.data)

.data           0x20000000      0x44c load address 0x08003794
                0x20000000                . = ALIGN (0x4)
                0x20000000                _sdata = .
 *(.data)
 *(.data*)
 .data.str      0x20000000       0x10 CMakeFiles/cline_test.elf.dir/Core/Src/main.c.obj
                0x20000000                str
 .data.SystemCoreClock
                0x20000010        0x4 CMakeFiles/cline_test.elf.dir/Core/Src/system_stm32f1xx.c.obj
                0x20000010                SystemCoreClock
 .data.uwTickFreq
                0x20000014        0x1 CMakeFiles/cline_test.elf.dir/Drivers/STM32F1xx_HAL_Driver/Src/stm32f1xx_hal.c.obj
                0x20000014                uwTickFreq
 *fill*         0x20000015        0x3 
 .data.uwTickPrio
                0x20000018        0x4 CMakeFiles/cline_test.elf.dir/Drivers/STM32F1xx_HAL_Driver/Src/stm32f1xx_hal.c.obj
                0x20000018                uwTickPrio
 .data.uxCriticalNesting
                0x2000001c        0x4 CMakeFiles/cline_test.elf.dir/Middlewares/Third_Party/FreeRTOS/Source/portable/RVDS/ARM_CM3/port.c.obj
 .data.impure_data
                0x20000020      0x428 d:/gcc-arm-none-eabi-10.3-2021.10/bin/../lib/gcc/arm-none-eabi/10.3.1/../../../../arm-none-eabi/lib/thumb/v7-m/nofp\libg.a(lib_a-impure.o)
 .data.__atexit_recursive_mutex
                0x20000448        0x4 d:/gcc-arm-none-eabi-10.3-2021.10/bin/../lib/gcc/arm-none-eabi/10.3.1/../../../../arm-none-eabi/lib/thumb/v7-m/nofp\libg.a(lib_a-__call_atexit.o)
                0x20000448                __atexit_recursive_mutex
 *(.RamFunc)
 *(.RamFunc*)
                0x2000044c                . = ALIGN (0x4)
                0x2000044c                _edata = .

.igot.plt       0x2000044c        0x0 load address 0x08003be0
 .igot.plt      0x2000044c        0x0 d:/gcc-arm-none-eabi-10.3-2021.10/bin/../lib/gcc/arm-none-eabi/10.3.1/thumb/v7-m/nofp/crtbegin.o
                0x2000044c                . = ALIGN (0x4)

.bss            0x2000044c     0x19bc load address 0x08003be0
                0x2000044c                _sbss = .
                0x2000044c                __bss_start__ = _sbss
 *(.bss)
 .bss           0x2000044c       0x1c d:/gcc-arm-none-eabi-10.3-2021.10/bin/../lib/gcc/arm-none-eabi/10.3.1/thumb/v7-m/nofp/crtbegin.o
 *(.bss*)
 .bss.defaultTaskHandle
                0x20000468        0x4 CMakeFiles/cline_test.elf.dir/Core/Src/main.c.obj
                0x20000468                defaultTaskHandle
 .bss.huart1    0x2000046c       0x48 CMakeFiles/cline_test.elf.dir/Core/Src/main.c.obj
                0x2000046c                huart1
 .bss.myTask02Handle
                0x200004b4        0x4 CMakeFiles/cline_test.elf.dir/Core/Src/main.c.obj
                0x200004b4                myTask02Handle
 .bss.uwTick    0x200004b8        0x4 CMakeFiles/cline_test.elf.dir/Drivers/STM32F1xx_HAL_Driver/Src/stm32f1xx_hal.c.obj
                0x200004b8                uwTick
 .bss.Idle_Stack
                0x200004bc      0x200 CMakeFiles/cline_test.elf.dir/Middlewares/Third_Party/FreeRTOS/Source/CMSIS_RTOS_V2/cmsis_os2.c.obj
 .bss.Idle_TCB  0x200006bc       0x5c CMakeFiles/cline_test.elf.dir/Middlewares/Third_Party/FreeRTOS/Source/CMSIS_RTOS_V2/cmsis_os2.c.obj
 .bss.KernelState
                0x20000718        0x4 CMakeFiles/cline_test.elf.dir/Middlewares/Third_Party/FreeRTOS/Source/CMSIS_RTOS_V2/cmsis_os2.c.obj
 .bss.Timer_Stack
                0x2000071c      0x400 CMakeFiles/cline_test.elf.dir/Middlewares/Third_Party/FreeRTOS/Source/CMSIS_RTOS_V2/cmsis_os2.c.obj
 .bss.Timer_TCB
                0x20000b1c       0x5c CMakeFiles/cline_test.elf.dir/Middlewares/Third_Party/FreeRTOS/Source/CMSIS_RTOS_V2/cmsis_os2.c.obj
 .bss.pxEnd     0x20000b78        0x4 CMakeFiles/cline_test.elf.dir/Middlewares/Third_Party/FreeRTOS/Source/portable/MemMang/heap_4.c.obj
 .bss.ucHeap    0x20000b7c      0xc00 CMakeFiles/cline_test.elf.dir/Middlewares/Third_Party/FreeRTOS/Source/portable/MemMang/heap_4.c.obj
 .bss.xBlockAllocatedBit
                0x2000177c        0x4 CMakeFiles/cline_test.elf.dir/Middlewares/Third_Party/FreeRTOS/Source/portable/MemMang/heap_4.c.obj
 .bss.xFreeBytesRemaining
                0x20001780        0x4 CMakeFiles/cline_test.elf.dir/Middlewares/Third_Party/FreeRTOS/Source/portable/MemMang/heap_4.c.obj
 .bss.xMinimumEverFreeBytesRemaining
                0x20001784        0x4 CMakeFiles/cline_test.elf.dir/Middlewares/Third_Party/FreeRTOS/Source/portable/MemMang/heap_4.c.obj
 .bss.xStart    0x20001788        0x8 CMakeFiles/cline_test.elf.dir/Middlewares/Third_Party/FreeRTOS/Source/portable/MemMang/heap_4.c.obj
 .bss.ucMaxSysCallPriority
                0x20001790        0x1 CMakeFiles/cline_test.elf.dir/Middlewares/Third_Party/FreeRTOS/Source/portable/RVDS/ARM_CM3/port.c.obj
 *fill*         0x20001791        0x3 
 .bss.ulMaxPRIGROUPValue
                0x20001794        0x4 CMakeFiles/cline_test.elf.dir/Middlewares/Third_Party/FreeRTOS/Source/portable/RVDS/ARM_CM3/port.c.obj
 .bss.xQueueRegistry
                0x20001798       0x40 CMakeFiles/cline_test.elf.dir/Middlewares/Third_Party/FreeRTOS/Source/queue.c.obj
                0x20001798                xQueueRegistry
 .bss.pxCurrentTCB
                0x200017d8        0x4 CMakeFiles/cline_test.elf.dir/Middlewares/Third_Party/FreeRTOS/Source/tasks.c.obj
                0x200017d8                pxCurrentTCB
 .bss.pxDelayedTaskList
                0x200017dc        0x4 CMakeFiles/cline_test.elf.dir/Middlewares/Third_Party/FreeRTOS/Source/tasks.c.obj
 .bss.pxOverflowDelayedTaskList
                0x200017e0        0x4 CMakeFiles/cline_test.elf.dir/Middlewares/Third_Party/FreeRTOS/Source/tasks.c.obj
 .bss.pxReadyTasksLists
                0x200017e4      0x460 CMakeFiles/cline_test.elf.dir/Middlewares/Third_Party/FreeRTOS/Source/tasks.c.obj
 .bss.uxCurrentNumberOfTasks
                0x20001c44        0x4 CMakeFiles/cline_test.elf.dir/Middlewares/Third_Party/FreeRTOS/Source/tasks.c.obj
 .bss.uxDeletedTasksWaitingCleanUp
                0x20001c48        0x4 CMakeFiles/cline_test.elf.dir/Middlewares/Third_Party/FreeRTOS/Source/tasks.c.obj
 .bss.uxPendedTicks
                0x20001c4c        0x4 CMakeFiles/cline_test.elf.dir/Middlewares/Third_Party/FreeRTOS/Source/tasks.c.obj
 .bss.uxSchedulerSuspended
                0x20001c50        0x4 CMakeFiles/cline_test.elf.dir/Middlewares/Third_Party/FreeRTOS/Source/tasks.c.obj
 .bss.uxTaskNumber
                0x20001c54        0x4 CMakeFiles/cline_test.elf.dir/Middlewares/Third_Party/FreeRTOS/Source/tasks.c.obj
 .bss.uxTopReadyPriority
                0x20001c58        0x4 CMakeFiles/cline_test.elf.dir/Middlewares/Third_Party/FreeRTOS/Source/tasks.c.obj
 .bss.xDelayedTaskList1
                0x20001c5c       0x14 CMakeFiles/cline_test.elf.dir/Middlewares/Third_Party/FreeRTOS/Source/tasks.c.obj
 .bss.xDelayedTaskList2
                0x20001c70       0x14 CMakeFiles/cline_test.elf.dir/Middlewares/Third_Party/FreeRTOS/Source/tasks.c.obj
 .bss.xIdleTaskHandle
                0x20001c84        0x4 CMakeFiles/cline_test.elf.dir/Middlewares/Third_Party/FreeRTOS/Source/tasks.c.obj
 .bss.xNextTaskUnblockTime
                0x20001c88        0x4 CMakeFiles/cline_test.elf.dir/Middlewares/Third_Party/FreeRTOS/Source/tasks.c.obj
 .bss.xNumOfOverflows
                0x20001c8c        0x4 CMakeFiles/cline_test.elf.dir/Middlewares/Third_Party/FreeRTOS/Source/tasks.c.obj
 .bss.xPendingReadyList
                0x20001c90       0x14 CMakeFiles/cline_test.elf.dir/Middlewares/Third_Party/FreeRTOS/Source/tasks.c.obj
 .bss.xSchedulerRunning
                0x20001ca4        0x4 CMakeFiles/cline_test.elf.dir/Middlewares/Third_Party/FreeRTOS/Source/tasks.c.obj
 .bss.xSuspendedTaskList
                0x20001ca8       0x14 CMakeFiles/cline_test.elf.dir/Middlewares/Third_Party/FreeRTOS/Source/tasks.c.obj
 .bss.xTasksWaitingTermination
                0x20001cbc       0x14 CMakeFiles/cline_test.elf.dir/Middlewares/Third_Party/FreeRTOS/Source/tasks.c.obj
 .bss.xTickCount
                0x20001cd0        0x4 CMakeFiles/cline_test.elf.dir/Middlewares/Third_Party/FreeRTOS/Source/tasks.c.obj
 .bss.xYieldPending
                0x20001cd4        0x4 CMakeFiles/cline_test.elf.dir/Middlewares/Third_Party/FreeRTOS/Source/tasks.c.obj
 .bss.pxCurrentTimerList
                0x20001cd8        0x4 CMakeFiles/cline_test.elf.dir/Middlewares/Third_Party/FreeRTOS/Source/timers.c.obj
 .bss.pxOverflowTimerList
                0x20001cdc        0x4 CMakeFiles/cline_test.elf.dir/Middlewares/Third_Party/FreeRTOS/Source/timers.c.obj
 .bss.ucStaticTimerQueueStorage.1
                0x20001ce0       0xa0 CMakeFiles/cline_test.elf.dir/Middlewares/Third_Party/FreeRTOS/Source/timers.c.obj
 .bss.xActiveTimerList1
                0x20001d80       0x14 CMakeFiles/cline_test.elf.dir/Middlewares/Third_Party/FreeRTOS/Source/timers.c.obj
 .bss.xActiveTimerList2
                0x20001d94       0x14 CMakeFiles/cline_test.elf.dir/Middlewares/Third_Party/FreeRTOS/Source/timers.c.obj
 .bss.xLastTime.2
                0x20001da8        0x4 CMakeFiles/cline_test.elf.dir/Middlewares/Third_Party/FreeRTOS/Source/timers.c.obj
 .bss.xStaticTimerQueue.0
                0x20001dac       0x50 CMakeFiles/cline_test.elf.dir/Middlewares/Third_Party/FreeRTOS/Source/timers.c.obj
 .bss.xTimerQueue
                0x20001dfc        0x4 CMakeFiles/cline_test.elf.dir/Middlewares/Third_Party/FreeRTOS/Source/timers.c.obj
 .bss.xTimerTaskHandle
                0x20001e00        0x4 CMakeFiles/cline_test.elf.dir/Middlewares/Third_Party/FreeRTOS/Source/timers.c.obj
 .bss.__lock___atexit_recursive_mutex
                0x20001e04        0x1 d:/gcc-arm-none-eabi-10.3-2021.10/bin/../lib/gcc/arm-none-eabi/10.3.1/../../../../arm-none-eabi/lib/thumb/v7-m/nofp\libg.a(lib_a-lock.o)
                0x20001e04                __lock___atexit_recursive_mutex
 *(COMMON)
                0x20001e08                . = ALIGN (0x4)
 *fill*         0x20001e05        0x3 
                0x20001e08                _ebss = .
                0x20001e08                __bss_end__ = _ebss

._user_heap_stack
                0x20001e08      0x600 load address 0x08003be0
                0x20001e08                . = ALIGN (0x8)
                [!provide]                PROVIDE (end = .)
                0x20001e08                PROVIDE (_end = .)
                0x20002008                . = (. + _Min_Heap_Size)
 *fill*         0x20001e08      0x200 
                0x20002408                . = (. + _Min_Stack_Size)
 *fill*         0x20002008      0x400 
                0x20002408                . = ALIGN (0x8)

/DISCARD/
 libc.a(*)
 libm.a(*)
 libgcc.a(*)

.ARM.attributes
                0x00000000       0x29
 *(.ARM.attributes)
 .ARM.attributes
                0x00000000       0x1d d:/gcc-arm-none-eabi-10.3-2021.10/bin/../lib/gcc/arm-none-eabi/10.3.1/thumb/v7-m/nofp/crti.o
 .ARM.attributes
                0x0000001d       0x2d d:/gcc-arm-none-eabi-10.3-2021.10/bin/../lib/gcc/arm-none-eabi/10.3.1/thumb/v7-m/nofp/crtbegin.o
 .ARM.attributes
                0x0000004a       0x2d CMakeFiles/cline_test.elf.dir/Core/Src/main.c.obj
 .ARM.attributes
                0x00000077       0x2d CMakeFiles/cline_test.elf.dir/Core/Src/stm32f1xx_hal_msp.c.obj
 .ARM.attributes
                0x000000a4       0x2d CMakeFiles/cline_test.elf.dir/Core/Src/stm32f1xx_it.c.obj
 .ARM.attributes
                0x000000d1       0x2d CMakeFiles/cline_test.elf.dir/Core/Src/system_stm32f1xx.c.obj
 .ARM.attributes
                0x000000fe       0x21 CMakeFiles/cline_test.elf.dir/Core/Startup/startup_stm32f103rctx.s.obj
 .ARM.attributes
                0x0000011f       0x2d CMakeFiles/cline_test.elf.dir/Drivers/STM32F1xx_HAL_Driver/Src/stm32f1xx_hal.c.obj
 .ARM.attributes
                0x0000014c       0x2d CMakeFiles/cline_test.elf.dir/Drivers/STM32F1xx_HAL_Driver/Src/stm32f1xx_hal_cortex.c.obj
 .ARM.attributes
                0x00000179       0x2d CMakeFiles/cline_test.elf.dir/Drivers/STM32F1xx_HAL_Driver/Src/stm32f1xx_hal_dma.c.obj
 .ARM.attributes
                0x000001a6       0x2d CMakeFiles/cline_test.elf.dir/Drivers/STM32F1xx_HAL_Driver/Src/stm32f1xx_hal_gpio.c.obj
 .ARM.attributes
                0x000001d3       0x2d CMakeFiles/cline_test.elf.dir/Drivers/STM32F1xx_HAL_Driver/Src/stm32f1xx_hal_rcc.c.obj
 .ARM.attributes
                0x00000200       0x2d CMakeFiles/cline_test.elf.dir/Drivers/STM32F1xx_HAL_Driver/Src/stm32f1xx_hal_uart.c.obj
 .ARM.attributes
                0x0000022d       0x2d CMakeFiles/cline_test.elf.dir/Middlewares/Third_Party/FreeRTOS/Source/CMSIS_RTOS_V2/cmsis_os2.c.obj
 .ARM.attributes
                0x0000025a       0x2d CMakeFiles/cline_test.elf.dir/Middlewares/Third_Party/FreeRTOS/Source/list.c.obj
 .ARM.attributes
                0x00000287       0x2d CMakeFiles/cline_test.elf.dir/Middlewares/Third_Party/FreeRTOS/Source/portable/MemMang/heap_4.c.obj
 .ARM.attributes
                0x000002b4       0x2d CMakeFiles/cline_test.elf.dir/Middlewares/Third_Party/FreeRTOS/Source/portable/RVDS/ARM_CM3/port.c.obj
 .ARM.attributes
                0x000002e1       0x2d CMakeFiles/cline_test.elf.dir/Middlewares/Third_Party/FreeRTOS/Source/queue.c.obj
 .ARM.attributes
                0x0000030e       0x2d CMakeFiles/cline_test.elf.dir/Middlewares/Third_Party/FreeRTOS/Source/tasks.c.obj
 .ARM.attributes
                0x0000033b       0x2d CMakeFiles/cline_test.elf.dir/Middlewares/Third_Party/FreeRTOS/Source/timers.c.obj
 .ARM.attributes
                0x00000368       0x2d d:/gcc-arm-none-eabi-10.3-2021.10/bin/../lib/gcc/arm-none-eabi/10.3.1/../../../../arm-none-eabi/lib/thumb/v7-m/nofp\libg.a(lib_a-impure.o)
 .ARM.attributes
                0x00000395       0x2d d:/gcc-arm-none-eabi-10.3-2021.10/bin/../lib/gcc/arm-none-eabi/10.3.1/../../../../arm-none-eabi/lib/thumb/v7-m/nofp\libg.a(lib_a-init.o)
 .ARM.attributes
                0x000003c2       0x1b d:/gcc-arm-none-eabi-10.3-2021.10/bin/../lib/gcc/arm-none-eabi/10.3.1/../../../../arm-none-eabi/lib/thumb/v7-m/nofp\libg.a(lib_a-memcpy.o)
 .ARM.attributes
                0x000003dd       0x2d d:/gcc-arm-none-eabi-10.3-2021.10/bin/../lib/gcc/arm-none-eabi/10.3.1/../../../../arm-none-eabi/lib/thumb/v7-m/nofp\libg.a(lib_a-memset.o)
 .ARM.attributes
                0x0000040a       0x2d d:/gcc-arm-none-eabi-10.3-2021.10/bin/../lib/gcc/arm-none-eabi/10.3.1/../../../../arm-none-eabi/lib/thumb/v7-m/nofp\libg.a(lib_a-strlen-stub.o)
 .ARM.attributes
                0x00000437       0x2d d:/gcc-arm-none-eabi-10.3-2021.10/bin/../lib/gcc/arm-none-eabi/10.3.1/../../../../arm-none-eabi/lib/thumb/v7-m/nofp\libg.a(lib_a-__call_atexit.o)
 .ARM.attributes
                0x00000464       0x2d d:/gcc-arm-none-eabi-10.3-2021.10/bin/../lib/gcc/arm-none-eabi/10.3.1/../../../../arm-none-eabi/lib/thumb/v7-m/nofp\libg.a(lib_a-atexit.o)
 .ARM.attributes
                0x00000491       0x2d d:/gcc-arm-none-eabi-10.3-2021.10/bin/../lib/gcc/arm-none-eabi/10.3.1/../../../../arm-none-eabi/lib/thumb/v7-m/nofp\libg.a(lib_a-fini.o)
 .ARM.attributes
                0x000004be       0x2d d:/gcc-arm-none-eabi-10.3-2021.10/bin/../lib/gcc/arm-none-eabi/10.3.1/../../../../arm-none-eabi/lib/thumb/v7-m/nofp\libg.a(lib_a-lock.o)
 .ARM.attributes
                0x000004eb       0x2d d:/gcc-arm-none-eabi-10.3-2021.10/bin/../lib/gcc/arm-none-eabi/10.3.1/../../../../arm-none-eabi/lib/thumb/v7-m/nofp\libg.a(lib_a-__atexit.o)
 .ARM.attributes
                0x00000518       0x1d d:/gcc-arm-none-eabi-10.3-2021.10/bin/../lib/gcc/arm-none-eabi/10.3.1/thumb/v7-m/nofp/crtn.o
OUTPUT(cline_test.elf elf32-littlearm)
LOAD linker stubs
LOAD d:/gcc-arm-none-eabi-10.3-2021.10/bin/../lib/gcc/arm-none-eabi/10.3.1/../../../../arm-none-eabi/lib/thumb/v7-m/nofp\libc.a
LOAD d:/gcc-arm-none-eabi-10.3-2021.10/bin/../lib/gcc/arm-none-eabi/10.3.1/../../../../arm-none-eabi/lib/thumb/v7-m/nofp\libm.a
LOAD d:/gcc-arm-none-eabi-10.3-2021.10/bin/../lib/gcc/arm-none-eabi/10.3.1/thumb/v7-m/nofp\libgcc.a

.debug_info     0x00000000    0x15b59
 .debug_info    0x00000000      0xe5a CMakeFiles/cline_test.elf.dir/Core/Src/main.c.obj
 .debug_info    0x00000e5a      0xadf CMakeFiles/cline_test.elf.dir/Core/Src/stm32f1xx_hal_msp.c.obj
 .debug_info    0x00001939      0x666 CMakeFiles/cline_test.elf.dir/Core/Src/stm32f1xx_it.c.obj
 .debug_info    0x00001f9f      0x248 CMakeFiles/cline_test.elf.dir/Core/Src/system_stm32f1xx.c.obj
 .debug_info    0x000021e7       0x22 CMakeFiles/cline_test.elf.dir/Core/Startup/startup_stm32f103rctx.s.obj
 .debug_info    0x00002209      0x80e CMakeFiles/cline_test.elf.dir/Drivers/STM32F1xx_HAL_Driver/Src/stm32f1xx_hal.c.obj
 .debug_info    0x00002a17      0xdf0 CMakeFiles/cline_test.elf.dir/Drivers/STM32F1xx_HAL_Driver/Src/stm32f1xx_hal_cortex.c.obj
 .debug_info    0x00003807      0x84b CMakeFiles/cline_test.elf.dir/Drivers/STM32F1xx_HAL_Driver/Src/stm32f1xx_hal_dma.c.obj
 .debug_info    0x00004052      0x66f CMakeFiles/cline_test.elf.dir/Drivers/STM32F1xx_HAL_Driver/Src/stm32f1xx_hal_gpio.c.obj
 .debug_info    0x000046c1      0xa3b CMakeFiles/cline_test.elf.dir/Drivers/STM32F1xx_HAL_Driver/Src/stm32f1xx_hal_rcc.c.obj
 .debug_info    0x000050fc     0x4212 CMakeFiles/cline_test.elf.dir/Drivers/STM32F1xx_HAL_Driver/Src/stm32f1xx_hal_uart.c.obj
 .debug_info    0x0000930e     0x4b1f CMakeFiles/cline_test.elf.dir/Middlewares/Third_Party/FreeRTOS/Source/CMSIS_RTOS_V2/cmsis_os2.c.obj
 .debug_info    0x0000de2d      0x2da CMakeFiles/cline_test.elf.dir/Middlewares/Third_Party/FreeRTOS/Source/list.c.obj
 .debug_info    0x0000e107      0x471 CMakeFiles/cline_test.elf.dir/Middlewares/Third_Party/FreeRTOS/Source/portable/MemMang/heap_4.c.obj
 .debug_info    0x0000e578      0x52b CMakeFiles/cline_test.elf.dir/Middlewares/Third_Party/FreeRTOS/Source/portable/RVDS/ARM_CM3/port.c.obj
 .debug_info    0x0000eaa3     0x2733 CMakeFiles/cline_test.elf.dir/Middlewares/Third_Party/FreeRTOS/Source/queue.c.obj
 .debug_info    0x000111d6     0x301a CMakeFiles/cline_test.elf.dir/Middlewares/Third_Party/FreeRTOS/Source/tasks.c.obj
 .debug_info    0x000141f0     0x1969 CMakeFiles/cline_test.elf.dir/Middlewares/Third_Party/FreeRTOS/Source/timers.c.obj

.debug_abbrev   0x00000000     0x290f
 .debug_abbrev  0x00000000      0x27c CMakeFiles/cline_test.elf.dir/Core/Src/main.c.obj
 .debug_abbrev  0x0000027c      0x1ca CMakeFiles/cline_test.elf.dir/Core/Src/stm32f1xx_hal_msp.c.obj
 .debug_abbrev  0x00000446      0x16e CMakeFiles/cline_test.elf.dir/Core/Src/stm32f1xx_it.c.obj
 .debug_abbrev  0x000005b4      0x13e CMakeFiles/cline_test.elf.dir/Core/Src/system_stm32f1xx.c.obj
 .debug_abbrev  0x000006f2       0x12 CMakeFiles/cline_test.elf.dir/Core/Startup/startup_stm32f103rctx.s.obj
 .debug_abbrev  0x00000704      0x1f4 CMakeFiles/cline_test.elf.dir/Drivers/STM32F1xx_HAL_Driver/Src/stm32f1xx_hal.c.obj
 .debug_abbrev  0x000008f8      0x341 CMakeFiles/cline_test.elf.dir/Drivers/STM32F1xx_HAL_Driver/Src/stm32f1xx_hal_cortex.c.obj
 .debug_abbrev  0x00000c39      0x223 CMakeFiles/cline_test.elf.dir/Drivers/STM32F1xx_HAL_Driver/Src/stm32f1xx_hal_dma.c.obj
 .debug_abbrev  0x00000e5c      0x1e6 CMakeFiles/cline_test.elf.dir/Drivers/STM32F1xx_HAL_Driver/Src/stm32f1xx_hal_gpio.c.obj
 .debug_abbrev  0x00001042      0x27a CMakeFiles/cline_test.elf.dir/Drivers/STM32F1xx_HAL_Driver/Src/stm32f1xx_hal_rcc.c.obj
 .debug_abbrev  0x000012bc      0x2dd CMakeFiles/cline_test.elf.dir/Drivers/STM32F1xx_HAL_Driver/Src/stm32f1xx_hal_uart.c.obj
 .debug_abbrev  0x00001599      0x418 CMakeFiles/cline_test.elf.dir/Middlewares/Third_Party/FreeRTOS/Source/CMSIS_RTOS_V2/cmsis_os2.c.obj
 .debug_abbrev  0x000019b1      0x106 CMakeFiles/cline_test.elf.dir/Middlewares/Third_Party/FreeRTOS/Source/list.c.obj
 .debug_abbrev  0x00001ab7      0x238 CMakeFiles/cline_test.elf.dir/Middlewares/Third_Party/FreeRTOS/Source/portable/MemMang/heap_4.c.obj
 .debug_abbrev  0x00001cef      0x27e CMakeFiles/cline_test.elf.dir/Middlewares/Third_Party/FreeRTOS/Source/portable/RVDS/ARM_CM3/port.c.obj
 .debug_abbrev  0x00001f6d      0x38c CMakeFiles/cline_test.elf.dir/Middlewares/Third_Party/FreeRTOS/Source/queue.c.obj
 .debug_abbrev  0x000022f9      0x313 CMakeFiles/cline_test.elf.dir/Middlewares/Third_Party/FreeRTOS/Source/tasks.c.obj
 .debug_abbrev  0x0000260c      0x303 CMakeFiles/cline_test.elf.dir/Middlewares/Third_Party/FreeRTOS/Source/timers.c.obj

.debug_loc      0x00000000    0x10fab
 .debug_loc     0x00000000       0x4a CMakeFiles/cline_test.elf.dir/Core/Src/main.c.obj
 .debug_loc     0x0000004a       0x99 CMakeFiles/cline_test.elf.dir/Core/Src/stm32f1xx_hal_msp.c.obj
 .debug_loc     0x000000e3       0xff CMakeFiles/cline_test.elf.dir/Core/Src/system_stm32f1xx.c.obj
 .debug_loc     0x000001e2      0x141 CMakeFiles/cline_test.elf.dir/Drivers/STM32F1xx_HAL_Driver/Src/stm32f1xx_hal.c.obj
 .debug_loc     0x00000323      0x71f CMakeFiles/cline_test.elf.dir/Drivers/STM32F1xx_HAL_Driver/Src/stm32f1xx_hal_cortex.c.obj
 .debug_loc     0x00000a42      0x7ce CMakeFiles/cline_test.elf.dir/Drivers/STM32F1xx_HAL_Driver/Src/stm32f1xx_hal_dma.c.obj
 .debug_loc     0x00001210      0x47d CMakeFiles/cline_test.elf.dir/Drivers/STM32F1xx_HAL_Driver/Src/stm32f1xx_hal_gpio.c.obj
 .debug_loc     0x0000168d      0x618 CMakeFiles/cline_test.elf.dir/Drivers/STM32F1xx_HAL_Driver/Src/stm32f1xx_hal_rcc.c.obj
 .debug_loc     0x00001ca5     0x487b CMakeFiles/cline_test.elf.dir/Drivers/STM32F1xx_HAL_Driver/Src/stm32f1xx_hal_uart.c.obj
 .debug_loc     0x00006520     0x579d CMakeFiles/cline_test.elf.dir/Middlewares/Third_Party/FreeRTOS/Source/CMSIS_RTOS_V2/cmsis_os2.c.obj
 .debug_loc     0x0000bcbd       0xad CMakeFiles/cline_test.elf.dir/Middlewares/Third_Party/FreeRTOS/Source/list.c.obj
 .debug_loc     0x0000bd6a      0x331 CMakeFiles/cline_test.elf.dir/Middlewares/Third_Party/FreeRTOS/Source/portable/MemMang/heap_4.c.obj
 .debug_loc     0x0000c09b       0xe8 CMakeFiles/cline_test.elf.dir/Middlewares/Third_Party/FreeRTOS/Source/portable/RVDS/ARM_CM3/port.c.obj
 .debug_loc     0x0000c183     0x19de CMakeFiles/cline_test.elf.dir/Middlewares/Third_Party/FreeRTOS/Source/queue.c.obj
 .debug_loc     0x0000db61     0x24bc CMakeFiles/cline_test.elf.dir/Middlewares/Third_Party/FreeRTOS/Source/tasks.c.obj
 .debug_loc     0x0001001d      0xf8e CMakeFiles/cline_test.elf.dir/Middlewares/Third_Party/FreeRTOS/Source/timers.c.obj

.debug_aranges  0x00000000      0xd68
 .debug_aranges
                0x00000000       0x50 CMakeFiles/cline_test.elf.dir/Core/Src/main.c.obj
 .debug_aranges
                0x00000050       0x30 CMakeFiles/cline_test.elf.dir/Core/Src/stm32f1xx_hal_msp.c.obj
 .debug_aranges
                0x00000080       0x58 CMakeFiles/cline_test.elf.dir/Core/Src/stm32f1xx_it.c.obj
 .debug_aranges
                0x000000d8       0x28 CMakeFiles/cline_test.elf.dir/Core/Src/system_stm32f1xx.c.obj
 .debug_aranges
                0x00000100       0x28 CMakeFiles/cline_test.elf.dir/Core/Startup/startup_stm32f103rctx.s.obj
 .debug_aranges
                0x00000128       0xe0 CMakeFiles/cline_test.elf.dir/Drivers/STM32F1xx_HAL_Driver/Src/stm32f1xx_hal.c.obj
 .debug_aranges
                0x00000208       0x90 CMakeFiles/cline_test.elf.dir/Drivers/STM32F1xx_HAL_Driver/Src/stm32f1xx_hal_cortex.c.obj
 .debug_aranges
                0x00000298       0x80 CMakeFiles/cline_test.elf.dir/Drivers/STM32F1xx_HAL_Driver/Src/stm32f1xx_hal_dma.c.obj
 .debug_aranges
                0x00000318       0x58 CMakeFiles/cline_test.elf.dir/Drivers/STM32F1xx_HAL_Driver/Src/stm32f1xx_hal_gpio.c.obj
 .debug_aranges
                0x00000370       0x90 CMakeFiles/cline_test.elf.dir/Drivers/STM32F1xx_HAL_Driver/Src/stm32f1xx_hal_rcc.c.obj
 .debug_aranges
                0x00000400      0x208 CMakeFiles/cline_test.elf.dir/Drivers/STM32F1xx_HAL_Driver/Src/stm32f1xx_hal_uart.c.obj
 .debug_aranges
                0x00000608      0x228 CMakeFiles/cline_test.elf.dir/Middlewares/Third_Party/FreeRTOS/Source/CMSIS_RTOS_V2/cmsis_os2.c.obj
 .debug_aranges
                0x00000830       0x40 CMakeFiles/cline_test.elf.dir/Middlewares/Third_Party/FreeRTOS/Source/list.c.obj
 .debug_aranges
                0x00000870       0x50 CMakeFiles/cline_test.elf.dir/Middlewares/Third_Party/FreeRTOS/Source/portable/MemMang/heap_4.c.obj
 .debug_aranges
                0x000008c0       0x78 CMakeFiles/cline_test.elf.dir/Middlewares/Third_Party/FreeRTOS/Source/portable/RVDS/ARM_CM3/port.c.obj
 .debug_aranges
                0x00000938      0x158 CMakeFiles/cline_test.elf.dir/Middlewares/Third_Party/FreeRTOS/Source/queue.c.obj
 .debug_aranges
                0x00000a90      0x1f8 CMakeFiles/cline_test.elf.dir/Middlewares/Third_Party/FreeRTOS/Source/tasks.c.obj
 .debug_aranges
                0x00000c88       0xe0 CMakeFiles/cline_test.elf.dir/Middlewares/Third_Party/FreeRTOS/Source/timers.c.obj

.debug_ranges   0x00000000      0xef0
 .debug_ranges  0x00000000       0x40 CMakeFiles/cline_test.elf.dir/Core/Src/main.c.obj
 .debug_ranges  0x00000040       0x20 CMakeFiles/cline_test.elf.dir/Core/Src/stm32f1xx_hal_msp.c.obj
 .debug_ranges  0x00000060       0x48 CMakeFiles/cline_test.elf.dir/Core/Src/stm32f1xx_it.c.obj
 .debug_ranges  0x000000a8       0x18 CMakeFiles/cline_test.elf.dir/Core/Src/system_stm32f1xx.c.obj
 .debug_ranges  0x000000c0       0x20 CMakeFiles/cline_test.elf.dir/Core/Startup/startup_stm32f103rctx.s.obj
 .debug_ranges  0x000000e0       0xd0 CMakeFiles/cline_test.elf.dir/Drivers/STM32F1xx_HAL_Driver/Src/stm32f1xx_hal.c.obj
 .debug_ranges  0x000001b0       0xe0 CMakeFiles/cline_test.elf.dir/Drivers/STM32F1xx_HAL_Driver/Src/stm32f1xx_hal_cortex.c.obj
 .debug_ranges  0x00000290       0x70 CMakeFiles/cline_test.elf.dir/Drivers/STM32F1xx_HAL_Driver/Src/stm32f1xx_hal_dma.c.obj
 .debug_ranges  0x00000300       0x48 CMakeFiles/cline_test.elf.dir/Drivers/STM32F1xx_HAL_Driver/Src/stm32f1xx_hal_gpio.c.obj
 .debug_ranges  0x00000348       0xa0 CMakeFiles/cline_test.elf.dir/Drivers/STM32F1xx_HAL_Driver/Src/stm32f1xx_hal_rcc.c.obj
 .debug_ranges  0x000003e8      0x210 CMakeFiles/cline_test.elf.dir/Drivers/STM32F1xx_HAL_Driver/Src/stm32f1xx_hal_uart.c.obj
 .debug_ranges  0x000005f8      0x218 CMakeFiles/cline_test.elf.dir/Middlewares/Third_Party/FreeRTOS/Source/CMSIS_RTOS_V2/cmsis_os2.c.obj
 .debug_ranges  0x00000810       0x30 CMakeFiles/cline_test.elf.dir/Middlewares/Third_Party/FreeRTOS/Source/list.c.obj
 .debug_ranges  0x00000840       0x40 CMakeFiles/cline_test.elf.dir/Middlewares/Third_Party/FreeRTOS/Source/portable/MemMang/heap_4.c.obj
 .debug_ranges  0x00000880       0x68 CMakeFiles/cline_test.elf.dir/Middlewares/Third_Party/FreeRTOS/Source/portable/RVDS/ARM_CM3/port.c.obj
 .debug_ranges  0x000008e8      0x218 CMakeFiles/cline_test.elf.dir/Middlewares/Third_Party/FreeRTOS/Source/queue.c.obj
 .debug_ranges  0x00000b00      0x320 CMakeFiles/cline_test.elf.dir/Middlewares/Third_Party/FreeRTOS/Source/tasks.c.obj
 .debug_ranges  0x00000e20       0xd0 CMakeFiles/cline_test.elf.dir/Middlewares/Third_Party/FreeRTOS/Source/timers.c.obj

.debug_line     0x00000000    0x11574
 .debug_line    0x00000000      0x565 CMakeFiles/cline_test.elf.dir/Core/Src/main.c.obj
 .debug_line    0x00000565      0x2e3 CMakeFiles/cline_test.elf.dir/Core/Src/stm32f1xx_hal_msp.c.obj
 .debug_line    0x00000848      0x3ff CMakeFiles/cline_test.elf.dir/Core/Src/stm32f1xx_it.c.obj
 .debug_line    0x00000c47      0x248 CMakeFiles/cline_test.elf.dir/Core/Src/system_stm32f1xx.c.obj
 .debug_line    0x00000e8f       0xa4 CMakeFiles/cline_test.elf.dir/Core/Startup/startup_stm32f103rctx.s.obj
 .debug_line    0x00000f33      0x570 CMakeFiles/cline_test.elf.dir/Drivers/STM32F1xx_HAL_Driver/Src/stm32f1xx_hal.c.obj
 .debug_line    0x000014a3      0x65b CMakeFiles/cline_test.elf.dir/Drivers/STM32F1xx_HAL_Driver/Src/stm32f1xx_hal_cortex.c.obj
 .debug_line    0x00001afe      0xd14 CMakeFiles/cline_test.elf.dir/Drivers/STM32F1xx_HAL_Driver/Src/stm32f1xx_hal_dma.c.obj
 .debug_line    0x00002812      0x617 CMakeFiles/cline_test.elf.dir/Drivers/STM32F1xx_HAL_Driver/Src/stm32f1xx_hal_gpio.c.obj
 .debug_line    0x00002e29      0xc40 CMakeFiles/cline_test.elf.dir/Drivers/STM32F1xx_HAL_Driver/Src/stm32f1xx_hal_rcc.c.obj
 .debug_line    0x00003a69     0x43e5 CMakeFiles/cline_test.elf.dir/Drivers/STM32F1xx_HAL_Driver/Src/stm32f1xx_hal_uart.c.obj
 .debug_line    0x00007e4e     0x2d54 CMakeFiles/cline_test.elf.dir/Middlewares/Third_Party/FreeRTOS/Source/CMSIS_RTOS_V2/cmsis_os2.c.obj
 .debug_line    0x0000aba2      0x397 CMakeFiles/cline_test.elf.dir/Middlewares/Third_Party/FreeRTOS/Source/list.c.obj
 .debug_line    0x0000af39      0x67d CMakeFiles/cline_test.elf.dir/Middlewares/Third_Party/FreeRTOS/Source/portable/MemMang/heap_4.c.obj
 .debug_line    0x0000b5b6      0x632 CMakeFiles/cline_test.elf.dir/Middlewares/Third_Party/FreeRTOS/Source/portable/RVDS/ARM_CM3/port.c.obj
 .debug_line    0x0000bbe8     0x2002 CMakeFiles/cline_test.elf.dir/Middlewares/Third_Party/FreeRTOS/Source/queue.c.obj
 .debug_line    0x0000dbea     0x2ba0 CMakeFiles/cline_test.elf.dir/Middlewares/Third_Party/FreeRTOS/Source/tasks.c.obj
 .debug_line    0x0001078a      0xdea CMakeFiles/cline_test.elf.dir/Middlewares/Third_Party/FreeRTOS/Source/timers.c.obj

.debug_str      0x00000000     0x5184
 .debug_str     0x00000000      0xd06 CMakeFiles/cline_test.elf.dir/Core/Src/main.c.obj
                                0xdaf (size before relaxing)
 .debug_str     0x00000d06      0x4a6 CMakeFiles/cline_test.elf.dir/Core/Src/stm32f1xx_hal_msp.c.obj
                                0xad1 (size before relaxing)
 .debug_str     0x000011ac      0x10a CMakeFiles/cline_test.elf.dir/Core/Src/stm32f1xx_it.c.obj
                                0x6b5 (size before relaxing)
 .debug_str     0x000012b6       0x9b CMakeFiles/cline_test.elf.dir/Core/Src/system_stm32f1xx.c.obj
                                0x28c (size before relaxing)
 .debug_str     0x00001351       0x53 CMakeFiles/cline_test.elf.dir/Core/Startup/startup_stm32f103rctx.s.obj
                                 0x85 (size before relaxing)
 .debug_str     0x000013a4      0x32b CMakeFiles/cline_test.elf.dir/Drivers/STM32F1xx_HAL_Driver/Src/stm32f1xx_hal.c.obj
                                0x940 (size before relaxing)
 .debug_str     0x000016cf      0x3b2 CMakeFiles/cline_test.elf.dir/Drivers/STM32F1xx_HAL_Driver/Src/stm32f1xx_hal_cortex.c.obj
                                0x9ef (size before relaxing)
 .debug_str     0x00001a81      0x261 CMakeFiles/cline_test.elf.dir/Drivers/STM32F1xx_HAL_Driver/Src/stm32f1xx_hal_dma.c.obj
                                0x635 (size before relaxing)
 .debug_str     0x00001ce2      0x11f CMakeFiles/cline_test.elf.dir/Drivers/STM32F1xx_HAL_Driver/Src/stm32f1xx_hal_gpio.c.obj
                                0x438 (size before relaxing)
 .debug_str     0x00001e01      0x211 CMakeFiles/cline_test.elf.dir/Drivers/STM32F1xx_HAL_Driver/Src/stm32f1xx_hal_rcc.c.obj
                                0x663 (size before relaxing)
 .debug_str     0x00002012      0x61a CMakeFiles/cline_test.elf.dir/Drivers/STM32F1xx_HAL_Driver/Src/stm32f1xx_hal_uart.c.obj
                                0xd2c (size before relaxing)
 .debug_str     0x0000262c     0x120a CMakeFiles/cline_test.elf.dir/Middlewares/Third_Party/FreeRTOS/Source/CMSIS_RTOS_V2/cmsis_os2.c.obj
                               0x1923 (size before relaxing)
 .debug_str     0x00003836      0x156 CMakeFiles/cline_test.elf.dir/Middlewares/Third_Party/FreeRTOS/Source/list.c.obj
                                0x32d (size before relaxing)
 .debug_str     0x0000398c      0x205 CMakeFiles/cline_test.elf.dir/Middlewares/Third_Party/FreeRTOS/Source/portable/MemMang/heap_4.c.obj
                                0x416 (size before relaxing)
 .debug_str     0x00003b91      0x24e CMakeFiles/cline_test.elf.dir/Middlewares/Third_Party/FreeRTOS/Source/portable/RVDS/ARM_CM3/port.c.obj
                                0x49e (size before relaxing)
 .debug_str     0x00003ddf      0x5f8 CMakeFiles/cline_test.elf.dir/Middlewares/Third_Party/FreeRTOS/Source/queue.c.obj
                                0xcab (size before relaxing)
 .debug_str     0x000043d7      0x8b2 CMakeFiles/cline_test.elf.dir/Middlewares/Third_Party/FreeRTOS/Source/tasks.c.obj
                               0x12a7 (size before relaxing)
 .debug_str     0x00004c89      0x4fb CMakeFiles/cline_test.elf.dir/Middlewares/Third_Party/FreeRTOS/Source/timers.c.obj
                                0xc1e (size before relaxing)

.comment        0x00000000       0x49
 .comment       0x00000000       0x49 CMakeFiles/cline_test.elf.dir/Core/Src/main.c.obj
                                 0x4a (size before relaxing)
 .comment       0x00000049       0x4a CMakeFiles/cline_test.elf.dir/Core/Src/stm32f1xx_hal_msp.c.obj
 .comment       0x00000049       0x4a CMakeFiles/cline_test.elf.dir/Core/Src/stm32f1xx_it.c.obj
 .comment       0x00000049       0x4a CMakeFiles/cline_test.elf.dir/Core/Src/system_stm32f1xx.c.obj
 .comment       0x00000049       0x4a CMakeFiles/cline_test.elf.dir/Drivers/STM32F1xx_HAL_Driver/Src/stm32f1xx_hal.c.obj
 .comment       0x00000049       0x4a CMakeFiles/cline_test.elf.dir/Drivers/STM32F1xx_HAL_Driver/Src/stm32f1xx_hal_cortex.c.obj
 .comment       0x00000049       0x4a CMakeFiles/cline_test.elf.dir/Drivers/STM32F1xx_HAL_Driver/Src/stm32f1xx_hal_dma.c.obj
 .comment       0x00000049       0x4a CMakeFiles/cline_test.elf.dir/Drivers/STM32F1xx_HAL_Driver/Src/stm32f1xx_hal_gpio.c.obj
 .comment       0x00000049       0x4a CMakeFiles/cline_test.elf.dir/Drivers/STM32F1xx_HAL_Driver/Src/stm32f1xx_hal_rcc.c.obj
 .comment       0x00000049       0x4a CMakeFiles/cline_test.elf.dir/Drivers/STM32F1xx_HAL_Driver/Src/stm32f1xx_hal_uart.c.obj
 .comment       0x00000049       0x4a CMakeFiles/cline_test.elf.dir/Middlewares/Third_Party/FreeRTOS/Source/CMSIS_RTOS_V2/cmsis_os2.c.obj
 .comment       0x00000049       0x4a CMakeFiles/cline_test.elf.dir/Middlewares/Third_Party/FreeRTOS/Source/list.c.obj
 .comment       0x00000049       0x4a CMakeFiles/cline_test.elf.dir/Middlewares/Third_Party/FreeRTOS/Source/portable/MemMang/heap_4.c.obj
 .comment       0x00000049       0x4a CMakeFiles/cline_test.elf.dir/Middlewares/Third_Party/FreeRTOS/Source/portable/RVDS/ARM_CM3/port.c.obj
 .comment       0x00000049       0x4a CMakeFiles/cline_test.elf.dir/Middlewares/Third_Party/FreeRTOS/Source/queue.c.obj
 .comment       0x00000049       0x4a CMakeFiles/cline_test.elf.dir/Middlewares/Third_Party/FreeRTOS/Source/tasks.c.obj
 .comment       0x00000049       0x4a CMakeFiles/cline_test.elf.dir/Middlewares/Third_Party/FreeRTOS/Source/timers.c.obj

.debug_frame    0x00000000     0x2790
 .debug_frame   0x00000000       0xc0 CMakeFiles/cline_test.elf.dir/Core/Src/main.c.obj
 .debug_frame   0x000000c0       0x68 CMakeFiles/cline_test.elf.dir/Core/Src/stm32f1xx_hal_msp.c.obj
 .debug_frame   0x00000128       0xa0 CMakeFiles/cline_test.elf.dir/Core/Src/stm32f1xx_it.c.obj
 .debug_frame   0x000001c8       0x30 CMakeFiles/cline_test.elf.dir/Core/Src/system_stm32f1xx.c.obj
 .debug_frame   0x000001f8      0x1cc CMakeFiles/cline_test.elf.dir/Drivers/STM32F1xx_HAL_Driver/Src/stm32f1xx_hal.c.obj
 .debug_frame   0x000003c4      0x118 CMakeFiles/cline_test.elf.dir/Drivers/STM32F1xx_HAL_Driver/Src/stm32f1xx_hal_cortex.c.obj
 .debug_frame   0x000004dc      0x140 CMakeFiles/cline_test.elf.dir/Drivers/STM32F1xx_HAL_Driver/Src/stm32f1xx_hal_dma.c.obj
 .debug_frame   0x0000061c       0xe4 CMakeFiles/cline_test.elf.dir/Drivers/STM32F1xx_HAL_Driver/Src/stm32f1xx_hal_gpio.c.obj
 .debug_frame   0x00000700      0x184 CMakeFiles/cline_test.elf.dir/Drivers/STM32F1xx_HAL_Driver/Src/stm32f1xx_hal_rcc.c.obj
 .debug_frame   0x00000884      0x5d8 CMakeFiles/cline_test.elf.dir/Drivers/STM32F1xx_HAL_Driver/Src/stm32f1xx_hal_uart.c.obj
 .debug_frame   0x00000e5c      0x79c CMakeFiles/cline_test.elf.dir/Middlewares/Third_Party/FreeRTOS/Source/CMSIS_RTOS_V2/cmsis_os2.c.obj
 .debug_frame   0x000015f8       0x70 CMakeFiles/cline_test.elf.dir/Middlewares/Third_Party/FreeRTOS/Source/list.c.obj
 .debug_frame   0x00001668       0xb0 CMakeFiles/cline_test.elf.dir/Middlewares/Third_Party/FreeRTOS/Source/portable/MemMang/heap_4.c.obj
 .debug_frame   0x00001718       0xf0 CMakeFiles/cline_test.elf.dir/Middlewares/Third_Party/FreeRTOS/Source/portable/RVDS/ARM_CM3/port.c.obj
 .debug_frame   0x00001808      0x458 CMakeFiles/cline_test.elf.dir/Middlewares/Third_Party/FreeRTOS/Source/queue.c.obj
 .debug_frame   0x00001c60      0x660 CMakeFiles/cline_test.elf.dir/Middlewares/Third_Party/FreeRTOS/Source/tasks.c.obj
 .debug_frame   0x000022c0      0x2c4 CMakeFiles/cline_test.elf.dir/Middlewares/Third_Party/FreeRTOS/Source/timers.c.obj
 .debug_frame   0x00002584       0x2c d:/gcc-arm-none-eabi-10.3-2021.10/bin/../lib/gcc/arm-none-eabi/10.3.1/../../../../arm-none-eabi/lib/thumb/v7-m/nofp\libg.a(lib_a-init.o)
 .debug_frame   0x000025b0       0x2c d:/gcc-arm-none-eabi-10.3-2021.10/bin/../lib/gcc/arm-none-eabi/10.3.1/../../../../arm-none-eabi/lib/thumb/v7-m/nofp\libg.a(lib_a-memset.o)
 .debug_frame   0x000025dc       0x20 d:/gcc-arm-none-eabi-10.3-2021.10/bin/../lib/gcc/arm-none-eabi/10.3.1/../../../../arm-none-eabi/lib/thumb/v7-m/nofp\libg.a(lib_a-strlen-stub.o)
 .debug_frame   0x000025fc       0x5c d:/gcc-arm-none-eabi-10.3-2021.10/bin/../lib/gcc/arm-none-eabi/10.3.1/../../../../arm-none-eabi/lib/thumb/v7-m/nofp\libg.a(lib_a-__call_atexit.o)
 .debug_frame   0x00002658       0x20 d:/gcc-arm-none-eabi-10.3-2021.10/bin/../lib/gcc/arm-none-eabi/10.3.1/../../../../arm-none-eabi/lib/thumb/v7-m/nofp\libg.a(lib_a-atexit.o)
 .debug_frame   0x00002678       0x34 d:/gcc-arm-none-eabi-10.3-2021.10/bin/../lib/gcc/arm-none-eabi/10.3.1/../../../../arm-none-eabi/lib/thumb/v7-m/nofp\libg.a(lib_a-fini.o)
 .debug_frame   0x000026ac       0xb0 d:/gcc-arm-none-eabi-10.3-2021.10/bin/../lib/gcc/arm-none-eabi/10.3.1/../../../../arm-none-eabi/lib/thumb/v7-m/nofp\libg.a(lib_a-lock.o)
 .debug_frame   0x0000275c       0x34 d:/gcc-arm-none-eabi-10.3-2021.10/bin/../lib/gcc/arm-none-eabi/10.3.1/../../../../arm-none-eabi/lib/thumb/v7-m/nofp\libg.a(lib_a-__atexit.o)
