Archive member included to satisfy reference by file (symbol)

d:/gcc-arm-none-eabi-10.3-2021.10/bin/../lib/gcc/arm-none-eabi/10.3.1/thumb/v7-m/nofp\libgcc.a(_arm_mulsf3.o)
                              CMakeFiles/cline_test.elf.dir/Module/mpu6050/Src/driver_mpu6050.c.obj (__aeabi_fmul)
d:/gcc-arm-none-eabi-10.3-2021.10/bin/../lib/gcc/arm-none-eabi/10.3.1/thumb/v7-m/nofp\libgcc.a(_arm_addsubsf3.o)
                              CMakeFiles/cline_test.elf.dir/Module/mpu6050/Src/driver_mpu6050.c.obj (__aeabi_fsub)
d:/gcc-arm-none-eabi-10.3-2021.10/bin/../lib/gcc/arm-none-eabi/10.3.1/thumb/v7-m/nofp\libgcc.a(_arm_muldivsf3.o)
                              CMakeFiles/cline_test.elf.dir/Module/mpu6050/Src/driver_mpu6050.c.obj (__aeabi_fdiv)
d:/gcc-arm-none-eabi-10.3-2021.10/bin/../lib/gcc/arm-none-eabi/10.3.1/thumb/v7-m/nofp\libgcc.a(_arm_cmpsf2.o)
                              CMakeFiles/cline_test.elf.dir/Module/mpu6050/Src/driver_mpu6050.c.obj (__aeabi_fcmplt)
d:/gcc-arm-none-eabi-10.3-2021.10/bin/../lib/gcc/arm-none-eabi/10.3.1/thumb/v7-m/nofp\libgcc.a(_arm_fixsfsi.o)
                              CMakeFiles/cline_test.elf.dir/Module/mpu6050/Src/driver_mpu6050.c.obj (__aeabi_f2iz)
d:/gcc-arm-none-eabi-10.3-2021.10/bin/../lib/gcc/arm-none-eabi/10.3.1/thumb/v7-m/nofp\libgcc.a(_arm_fixunssfsi.o)
                              CMakeFiles/cline_test.elf.dir/Module/mpu6050/Src/driver_mpu6050.c.obj (__aeabi_f2uiz)
d:/gcc-arm-none-eabi-10.3-2021.10/bin/../lib/gcc/arm-none-eabi/10.3.1/thumb/v7-m/nofp\libgcc.a(_aeabi_ldivmod.o)
                              CMakeFiles/cline_test.elf.dir/Module/mpu6050/Src/driver_mpu6050.c.obj (__aeabi_ldivmod)
d:/gcc-arm-none-eabi-10.3-2021.10/bin/../lib/gcc/arm-none-eabi/10.3.1/thumb/v7-m/nofp\libgcc.a(_udivmoddi4.o)
                              d:/gcc-arm-none-eabi-10.3-2021.10/bin/../lib/gcc/arm-none-eabi/10.3.1/thumb/v7-m/nofp\libgcc.a(_aeabi_ldivmod.o) (__udivmoddi4)
d:/gcc-arm-none-eabi-10.3-2021.10/bin/../lib/gcc/arm-none-eabi/10.3.1/thumb/v7-m/nofp\libgcc.a(_dvmd_tls.o)
                              d:/gcc-arm-none-eabi-10.3-2021.10/bin/../lib/gcc/arm-none-eabi/10.3.1/thumb/v7-m/nofp\libgcc.a(_aeabi_ldivmod.o) (__aeabi_ldiv0)
d:/gcc-arm-none-eabi-10.3-2021.10/bin/../lib/gcc/arm-none-eabi/10.3.1/../../../../arm-none-eabi/lib/thumb/v7-m/nofp\libg.a(lib_a-errno.o)
                              CMakeFiles/cline_test.elf.dir/Core/Src/syscalls.c.obj (__errno)
d:/gcc-arm-none-eabi-10.3-2021.10/bin/../lib/gcc/arm-none-eabi/10.3.1/../../../../arm-none-eabi/lib/thumb/v7-m/nofp\libg.a(lib_a-exit.o)
                              d:/gcc-arm-none-eabi-10.3-2021.10/bin/../lib/gcc/arm-none-eabi/10.3.1/../../../../arm-none-eabi/lib/thumb/v7-m/nofp/crt0.o (exit)
d:/gcc-arm-none-eabi-10.3-2021.10/bin/../lib/gcc/arm-none-eabi/10.3.1/../../../../arm-none-eabi/lib/thumb/v7-m/nofp\libg.a(lib_a-impure.o)
                              d:/gcc-arm-none-eabi-10.3-2021.10/bin/../lib/gcc/arm-none-eabi/10.3.1/../../../../arm-none-eabi/lib/thumb/v7-m/nofp\libg.a(lib_a-exit.o) (_global_impure_ptr)
d:/gcc-arm-none-eabi-10.3-2021.10/bin/../lib/gcc/arm-none-eabi/10.3.1/../../../../arm-none-eabi/lib/thumb/v7-m/nofp\libg.a(lib_a-init.o)
                              d:/gcc-arm-none-eabi-10.3-2021.10/bin/../lib/gcc/arm-none-eabi/10.3.1/../../../../arm-none-eabi/lib/thumb/v7-m/nofp/crt0.o (__libc_init_array)
d:/gcc-arm-none-eabi-10.3-2021.10/bin/../lib/gcc/arm-none-eabi/10.3.1/../../../../arm-none-eabi/lib/thumb/v7-m/nofp\libg.a(lib_a-memcmp.o)
                              CMakeFiles/cline_test.elf.dir/Module/mpu6050/Src/driver_mpu6050.c.obj (memcmp)
d:/gcc-arm-none-eabi-10.3-2021.10/bin/../lib/gcc/arm-none-eabi/10.3.1/../../../../arm-none-eabi/lib/thumb/v7-m/nofp\libg.a(lib_a-memcpy.o)
                              CMakeFiles/cline_test.elf.dir/Middlewares/Third_Party/FreeRTOS/Source/CMSIS_RTOS_V2/cmsis_os2.c.obj (memcpy)
d:/gcc-arm-none-eabi-10.3-2021.10/bin/../lib/gcc/arm-none-eabi/10.3.1/../../../../arm-none-eabi/lib/thumb/v7-m/nofp\libg.a(lib_a-memset.o)
                              d:/gcc-arm-none-eabi-10.3-2021.10/bin/../lib/gcc/arm-none-eabi/10.3.1/../../../../arm-none-eabi/lib/thumb/v7-m/nofp/crt0.o (memset)
d:/gcc-arm-none-eabi-10.3-2021.10/bin/../lib/gcc/arm-none-eabi/10.3.1/../../../../arm-none-eabi/lib/thumb/v7-m/nofp\libg.a(lib_a-strlen-stub.o)
                              CMakeFiles/cline_test.elf.dir/Core/Src/main.c.obj (strlen)
d:/gcc-arm-none-eabi-10.3-2021.10/bin/../lib/gcc/arm-none-eabi/10.3.1/../../../../arm-none-eabi/lib/thumb/v7-m/nofp\libg.a(lib_a-strncpy.o)
                              CMakeFiles/cline_test.elf.dir/Module/mpu6050/Src/driver_mpu6050.c.obj (strncpy)
d:/gcc-arm-none-eabi-10.3-2021.10/bin/../lib/gcc/arm-none-eabi/10.3.1/../../../../arm-none-eabi/lib/thumb/v7-m/nofp\libg.a(lib_a-vsnprintf.o)
                              CMakeFiles/cline_test.elf.dir/Module/mpu6050/Src/driver_mpu6050_interface.c.obj (vsnprintf)
[...]
Memory Configuration

Name             Origin             Length             Attributes
RAM              0x20000000         0x0000c000         xrw
FLASH            0x08000000         0x00040000         xr
*default*        0x00000000         0xffffffff

Linker script and memory map

LOAD d:/gcc-arm-none-eabi-10.3-2021.10/bin/../lib/gcc/arm-none-eabi/10.3.1/thumb/v7-m/nofp/crti.o
LOAD d:/gcc-arm-none-eabi-10.3-2021.10/bin/../lib/gcc/arm-none-eabi/10.3.1/thumb/v7-m/nofp/crtbegin.o
LOAD d:/gcc-arm-none-eabi-10.3-2021.10/bin/../lib/gcc/arm-none-eabi/10.3.1/../../../../arm-none-eabi/lib/thumb/v7-m/nofp/crt0.o
LOAD CMakeFiles/cline_test.elf.dir/Core/Src/freertos.c.obj
LOAD CMakeFiles/cline_test.elf.dir/Core/Src/main.c.obj
LOAD CMakeFiles/cline_test.elf.dir/Core/Src/stm32f1xx_hal_msp.c.obj
LOAD CMakeFiles/cline_test.elf.dir/Core/Src/stm32f1xx_it.c.obj
LOAD CMakeFiles/cline_test.elf.dir/Core/Src/syscalls.c.obj
LOAD CMakeFiles/cline_test.elf.dir/Core/Src/sysmem.c.obj
LOAD CMakeFiles/cline_test.elf.dir/Core/Src/system_stm32f1xx.c.obj
LOAD CMakeFiles/cline_test.elf.dir/Core/Startup/startup_stm32f103rctx.s.obj
LOAD CMakeFiles/cline_test.elf.dir/Drivers/STM32F1xx_HAL_Driver/Src/stm32f1xx_hal.c.obj
LOAD CMakeFiles/cline_test.elf.dir/Drivers/STM32F1xx_HAL_Driver/Src/stm32f1xx_hal_cortex.c.obj
LOAD CMakeFiles/cline_test.elf.dir/Drivers/STM32F1xx_HAL_Driver/Src/stm32f1xx_hal_dma.c.obj
LOAD CMakeFiles/cline_test.elf.dir/Drivers/STM32F1xx_HAL_Driver/Src/stm32f1xx_hal_exti.c.obj
LOAD CMakeFiles/cline_test.elf.dir/Drivers/STM32F1xx_HAL_Driver/Src/stm32f1xx_hal_flash.c.obj
LOAD CMakeFiles/cline_test.elf.dir/Drivers/STM32F1xx_HAL_Driver/Src/stm32f1xx_hal_flash_ex.c.obj
LOAD CMakeFiles/cline_test.elf.dir/Drivers/STM32F1xx_HAL_Driver/Src/stm32f1xx_hal_gpio.c.obj
LOAD CMakeFiles/cline_test.elf.dir/Drivers/STM32F1xx_HAL_Driver/Src/stm32f1xx_hal_gpio_ex.c.obj
LOAD CMakeFiles/cline_test.elf.dir/Drivers/STM32F1xx_HAL_Driver/Src/stm32f1xx_hal_i2c.c.obj
LOAD CMakeFiles/cline_test.elf.dir/Drivers/STM32F1xx_HAL_Driver/Src/stm32f1xx_hal_pwr.c.obj
LOAD CMakeFiles/cline_test.elf.dir/Drivers/STM32F1xx_HAL_Driver/Src/stm32f1xx_hal_rcc.c.obj
LOAD CMakeFiles/cline_test.elf.dir/Drivers/STM32F1xx_HAL_Driver/Src/stm32f1xx_hal_rcc_ex.c.obj
LOAD CMakeFiles/cline_test.elf.dir/Drivers/STM32F1xx_HAL_Driver/Src/stm32f1xx_hal_tim.c.obj
LOAD CMakeFiles/cline_test.elf.dir/Drivers/STM32F1xx_HAL_Driver/Src/stm32f1xx_hal_tim_ex.c.obj
LOAD CMakeFiles/cline_test.elf.dir/Drivers/STM32F1xx_HAL_Driver/Src/stm32f1xx_hal_uart.c.obj
LOAD CMakeFiles/cline_test.elf.dir/Middlewares/Third_Party/FreeRTOS/Source/CMSIS_RTOS_V2/cmsis_os2.c.obj
LOAD CMakeFiles/cline_test.elf.dir/Middlewares/Third_Party/FreeRTOS/Source/croutine.c.obj
LOAD CMakeFiles/cline_test.elf.dir/Middlewares/Third_Party/FreeRTOS/Source/event_groups.c.obj
LOAD CMakeFiles/cline_test.elf.dir/Middlewares/Third_Party/FreeRTOS/Source/list.c.obj
LOAD CMakeFiles/cline_test.elf.dir/Middlewares/Third_Party/FreeRTOS/Source/portable/MemMang/heap_4.c.obj
LOAD CMakeFiles/cline_test.elf.dir/Middlewares/Third_Party/FreeRTOS/Source/portable/RVDS/ARM_CM3/port.c.obj
LOAD CMakeFiles/cline_test.elf.dir/Middlewares/Third_Party/FreeRTOS/Source/queue.c.obj
LOAD CMakeFiles/cline_test.elf.dir/Middlewares/Third_Party/FreeRTOS/Source/stream_buffer.c.obj
LOAD CMakeFiles/cline_test.elf.dir/Middlewares/Third_Party/FreeRTOS/Source/tasks.c.obj
LOAD CMakeFiles/cline_test.elf.dir/Middlewares/Third_Party/FreeRTOS/Source/timers.c.obj
LOAD CMakeFiles/cline_test.elf.dir/Module/mpu6050/Src/driver_mpu6050.c.obj
LOAD CMakeFiles/cline_test.elf.dir/Module/mpu6050/Src/driver_mpu6050_basic.c.obj
LOAD CMakeFiles/cline_test.elf.dir/Module/mpu6050/Src/driver_mpu6050_interface.c.obj
START GROUP
LOAD d:/gcc-arm-none-eabi-10.3-2021.10/bin/../lib/gcc/arm-none-eabi/10.3.1/thumb/v7-m/nofp\libgcc.a
LOAD d:/gcc-arm-none-eabi-10.3-2021.10/bin/../lib/gcc/arm-none-eabi/10.3.1/../../../../arm-none-eabi/lib/thumb/v7-m/nofp\libg.a
LOAD d:/gcc-arm-none-eabi-10.3-2021.10/bin/../lib/gcc/arm-none-eabi/10.3.1/../../../../arm-none-eabi/lib/thumb/v7-m/nofp\libc.a
END GROUP
LOAD d:/gcc-arm-none-eabi-10.3-2021.10/bin/../lib/gcc/arm-none-eabi/10.3.1/thumb/v7-m/nofp/crtend.o
LOAD d:/gcc-arm-none-eabi-10.3-2021.10/bin/../lib/gcc/arm-none-eabi/10.3.1/thumb/v7-m/nofp/crtn.o
                0x2000c000                _estack = (ORIGIN (RAM) + LENGTH (RAM))
                0x00000200                _Min_Heap_Size = 0x200
                0x00000400                _Min_Stack_Size = 0x400

.isr_vector     0x08000000      0x1e4
                0x08000000                . = ALIGN (0x4)
 *(.isr_vector)
 .isr_vector    0x08000000      0x1e4 CMakeFiles/cline_test.elf.dir/Core/Startup/startup_stm32f103rctx.s.obj
                0x08000000                g_pfnVectors
                0x080001e4                . = ALIGN (0x4)

.text           0x080001f0     0xa884
                0x080001f0                . = ALIGN (0x4)
 *(.text)
 .text          0x080001f0       0x40 d:/gcc-arm-none-eabi-10.3-2021.10/bin/../lib/gcc/arm-none-eabi/10.3.1/thumb/v7-m/nofp/crtbegin.o
 .text          0x08000230      0x2d4 d:/gcc-arm-none-eabi-10.3-2021.10/bin/../lib/gcc/arm-none-eabi/10.3.1/thumb/v7-m/nofp\libgcc.a(_udivmoddi4.o)
                0x08000230                __udivmoddi4
 .text          0x08000504        0x4 d:/gcc-arm-none-eabi-10.3-2021.10/bin/../lib/gcc/arm-none-eabi/10.3.1/thumb/v7-m/nofp\libgcc.a(_dvmd_tls.o)
                0x08000504                __aeabi_idiv0
                0x08000504                __aeabi_ldiv0
 .text          0x08000508       0xec d:/gcc-arm-none-eabi-10.3-2021.10/bin/../lib/gcc/arm-none-eabi/10.3.1/../../../../arm-none-eabi/lib/thumb/v7-m/nofp\libg.a(lib_a-memcpy.o)
                0x08000508                memcpy
 .text          0x080005f4      0x378 d:/gcc-arm-none-eabi-10.3-2021.10/bin/../lib/gcc/arm-none-eabi/10.3.1/thumb/v7-m/nofp\libgcc.a(_arm_addsubdf3.o)
                0x080005f4                __aeabi_drsub
                0x080005fc                __aeabi_dsub
                0x080005fc                __subdf3
                0x08000600                __aeabi_dadd
                0x08000600                __adddf3
                0x08000878                __floatunsidf
                0x08000878                __aeabi_ui2d
                0x08000898                __floatsidf
                0x08000898                __aeabi_i2d
                0x080008bc                __aeabi_f2d
                0x080008bc                __extendsfdf2
                0x08000900                __floatundidf
                0x08000900                __aeabi_ul2d
                0x08000910                __floatdidf
                0x08000910                __aeabi_l2d
 .text          0x0800096c      0x424 d:/gcc-arm-none-eabi-10.3-2021.10/bin/../lib/gcc/arm-none-eabi/10.3.1/thumb/v7-m/nofp\libgcc.a(_arm_muldivdf3.o)
                0x0800096c                __aeabi_dmul
                0x0800096c                __muldf3
                0x08000bc0                __divdf3
                0x08000bc0                __aeabi_ddiv
 .text          0x08000d90      0x110 d:/gcc-arm-none-eabi-10.3-2021.10/bin/../lib/gcc/arm-none-eabi/10.3.1/thumb/v7-m/nofp\libgcc.a(_arm_cmpdf2.o)
                0x08000d90                __gtdf2
                0x08000d90                __gedf2
                0x08000d98                __ltdf2
                0x08000d98                __ledf2
                0x08000da0                __nedf2
                0x08000da0                __eqdf2
                0x08000da0                __cmpdf2
                0x08000e1c                __aeabi_cdrcmple
                0x08000e2c                __aeabi_cdcmpeq
                0x08000e2c                __aeabi_cdcmple
                0x08000e3c                __aeabi_dcmpeq
                0x08000e50                __aeabi_dcmplt
                0x08000e64                __aeabi_dcmple
                0x08000e78                __aeabi_dcmpge
                0x08000e8c                __aeabi_dcmpgt
 .text          0x08000ea0       0x2c d:/gcc-arm-none-eabi-10.3-2021.10/bin/../lib/gcc/arm-none-eabi/10.3.1/thumb/v7-m/nofp\libgcc.a(_arm_unorddf2.o)
                0x08000ea0                __unorddf2
                0x08000ea0                __aeabi_dcmpun
 .text          0x08000ecc       0x50 d:/gcc-arm-none-eabi-10.3-2021.10/bin/../lib/gcc/arm-none-eabi/10.3.1/thumb/v7-m/nofp\libgcc.a(_arm_fixdfsi.o)
                0x08000ecc                __aeabi_d2iz
                0x08000ecc                __fixdfsi
 .text          0x08000f1c       0x30 d:/gcc-arm-none-eabi-10.3-2021.10/bin/../lib/gcc/arm-none-eabi/10.3.1/thumb/v7-m/nofp\libgcc.a(_aeabi_uldivmod.o)
                0x08000f1c                __aeabi_uldivmod
 *(.text*)
 .text.MX_GPIO_Init
                0x08000f4c       0xdc CMakeFiles/cline_test.elf.dir/Core/Src/main.c.obj
 .text.StartDefaultTask
                0x08001028       0x1c CMakeFiles/cline_test.elf.dir/Core/Src/main.c.obj
                0x08001028                StartDefaultTask
 .text.StartTask02
                0x08001044       0x40 CMakeFiles/cline_test.elf.dir/Core/Src/main.c.obj
                0x08001044                StartTask02
 .text.Error_Handler
                0x08001084        0x4 CMakeFiles/cline_test.elf.dir/Core/Src/main.c.obj
                0x08001084                Error_Handler
 .text.MX_USART1_UART_Init
                0x08001088       0x34 CMakeFiles/cline_test.elf.dir/Core/Src/main.c.obj
 .text.MX_I2C1_Init
                0x080010bc       0x38 CMakeFiles/cline_test.elf.dir/Core/Src/main.c.obj
 .text.SystemClock_Config
                0x080010f4       0x66 CMakeFiles/cline_test.elf.dir/Core/Src/main.c.obj
                0x080010f4                SystemClock_Config
 *fill*         0x0800115a        0x2 
 .text.main     0x0800115c       0x6c CMakeFiles/cline_test.elf.dir/Core/Src/main.c.obj
                0x0800115c                main
 .text.HAL_MspInit
                0x080011c8       0x54 CMakeFiles/cline_test.elf.dir/Core/Src/stm32f1xx_hal_msp.c.obj
                0x080011c8                HAL_MspInit
 .text.HAL_I2C_MspInit
                0x0800121c       0x64 CMakeFiles/cline_test.elf.dir/Core/Src/stm32f1xx_hal_msp.c.obj
                0x0800121c                HAL_I2C_MspInit
 .text.HAL_UART_MspInit
                0x08001280       0x8c CMakeFiles/cline_test.elf.dir/Core/Src/stm32f1xx_hal_msp.c.obj
                0x08001280                HAL_UART_MspInit
 .text.NMI_Handler
                0x0800130c        0x2 CMakeFiles/cline_test.elf.dir/Core/Src/stm32f1xx_it.c.obj
                0x0800130c                NMI_Handler
 .text.HardFault_Handler
                0x0800130e        0x2 CMakeFiles/cline_test.elf.dir/Core/Src/stm32f1xx_it.c.obj
                0x0800130e                HardFault_Handler
 .text.MemManage_Handler
                0x08001310        0x2 CMakeFiles/cline_test.elf.dir/Core/Src/stm32f1xx_it.c.obj
                0x08001310                MemManage_Handler
 .text.BusFault_Handler
                0x08001312        0x2 CMakeFiles/cline_test.elf.dir/Core/Src/stm32f1xx_it.c.obj
                0x08001312                BusFault_Handler
 .text.UsageFault_Handler
                0x08001314        0x2 CMakeFiles/cline_test.elf.dir/Core/Src/stm32f1xx_it.c.obj
                0x08001314                UsageFault_Handler
 .text.DebugMon_Handler
                0x08001316        0x2 CMakeFiles/cline_test.elf.dir/Core/Src/stm32f1xx_it.c.obj
                0x08001316                DebugMon_Handler
 .text.SysTick_Handler
                0x08001318       0x16 CMakeFiles/cline_test.elf.dir/Core/Src/stm32f1xx_it.c.obj
                0x08001318                SysTick_Handler
 .text.EXTI9_5_IRQHandler
                0x0800132e        0xc CMakeFiles/cline_test.elf.dir/Core/Src/stm32f1xx_it.c.obj
                0x0800132e                EXTI9_5_IRQHandler
 *fill*         0x0800133a        0x2 
 .text.USART1_IRQHandler
                0x0800133c       0x10 CMakeFiles/cline_test.elf.dir/Core/Src/stm32f1xx_it.c.obj
                0x0800133c                USART1_IRQHandler
 .text._getpid  0x0800134c        0x4 CMakeFiles/cline_test.elf.dir/Core/Src/syscalls.c.obj
                0x0800134c                _getpid
 .text._kill    0x08001350       0x10 CMakeFiles/cline_test.elf.dir/Core/Src/syscalls.c.obj
                0x08001350                _kill
 .text._exit    0x08001360        0xc CMakeFiles/cline_test.elf.dir/Core/Src/syscalls.c.obj
                0x08001360                _exit
 .text._read    0x0800136c       0x20 CMakeFiles/cline_test.elf.dir/Core/Src/syscalls.c.obj
                0x0800136c                _read
 .text._write   0x0800138c       0x1c CMakeFiles/cline_test.elf.dir/Core/Src/syscalls.c.obj
                0x0800138c                _write
 .text._close   0x080013a8        0x6 CMakeFiles/cline_test.elf.dir/Core/Src/syscalls.c.obj
                0x080013a8                _close
 .text._fstat   0x080013ae        0xa CMakeFiles/cline_test.elf.dir/Core/Src/syscalls.c.obj
                0x080013ae                _fstat
 .text._isatty  0x080013b8        0x4 CMakeFiles/cline_test.elf.dir/Core/Src/syscalls.c.obj
                0x080013b8                _isatty
 .text._lseek   0x080013bc        0x4 CMakeFiles/cline_test.elf.dir/Core/Src/syscalls.c.obj
                0x080013bc                _lseek
 .text._sbrk    0x080013c0       0x48 CMakeFiles/cline_test.elf.dir/Core/Src/sysmem.c.obj
                0x080013c0                _sbrk
 .text.SystemInit
                0x08001408        0x2 CMakeFiles/cline_test.elf.dir/Core/Src/system_stm32f1xx.c.obj
                0x08001408                SystemInit
 *fill*         0x0800140a        0x2 
 .text.Reset_Handler
                0x0800140c       0x48 CMakeFiles/cline_test.elf.dir/Core/Startup/startup_stm32f103rctx.s.obj
                0x0800140c                Reset_Handler
 .text.Default_Handler
                0x08001454        0x2 CMakeFiles/cline_test.elf.dir/Core/Startup/startup_stm32f103rctx.s.obj
                0x08001454                RTC_Alarm_IRQHandler
                0x08001454                EXTI2_IRQHandler
                0x08001454                TIM8_TRG_COM_IRQHandler
                0x08001454                TIM8_CC_IRQHandler
                0x08001454                TIM1_CC_IRQHandler
                0x08001454                TIM6_IRQHandler
                0x08001454                PVD_IRQHandler
                0x08001454                SDIO_IRQHandler
                0x08001454                EXTI3_IRQHandler
                0x08001454                EXTI0_IRQHandler
                0x08001454                I2C2_EV_IRQHandler
                0x08001454                ADC1_2_IRQHandler
                0x08001454                SPI1_IRQHandler
                0x08001454                TAMPER_IRQHandler
                0x08001454                TIM8_UP_IRQHandler
                0x08001454                DMA2_Channel2_IRQHandler
                0x08001454                DMA1_Channel4_IRQHandler
                0x08001454                USART3_IRQHandler
                0x08001454                RTC_IRQHandler
                0x08001454                DMA1_Channel7_IRQHandler
                0x08001454                CAN1_RX1_IRQHandler
                0x08001454                UART5_IRQHandler
                0x08001454                ADC3_IRQHandler
                0x08001454                TIM4_IRQHandler
                0x08001454                DMA2_Channel1_IRQHandler
                0x08001454                I2C1_EV_IRQHandler
                0x08001454                DMA1_Channel6_IRQHandler
                0x08001454                UART4_IRQHandler
                0x08001454                TIM3_IRQHandler
                0x08001454                RCC_IRQHandler
                0x08001454                TIM1_TRG_COM_IRQHandler
                0x08001454                DMA1_Channel1_IRQHandler
                0x08001454                Default_Handler
                0x08001454                EXTI15_10_IRQHandler
                0x08001454                TIM7_IRQHandler
                0x08001454                TIM5_IRQHandler
                0x08001454                SPI2_IRQHandler
                0x08001454                DMA1_Channel5_IRQHandler
                0x08001454                EXTI4_IRQHandler
                0x08001454                USB_LP_CAN1_RX0_IRQHandler
                0x08001454                USB_HP_CAN1_TX_IRQHandler
                0x08001454                DMA1_Channel3_IRQHandler
                0x08001454                FSMC_IRQHandler
                0x08001454                TIM1_UP_IRQHandler
                0x08001454                WWDG_IRQHandler
                0x08001454                TIM2_IRQHandler
                0x08001454                TIM1_BRK_IRQHandler
                0x08001454                EXTI1_IRQHandler
                0x08001454                DMA2_Channel4_5_IRQHandler
                0x08001454                USART2_IRQHandler
                0x08001454                I2C2_ER_IRQHandler
                0x08001454                DMA1_Channel2_IRQHandler
                0x08001454                TIM8_BRK_IRQHandler
                0x08001454                CAN1_SCE_IRQHandler
                0x08001454                FLASH_IRQHandler
                0x08001454                SPI3_IRQHandler
                0x08001454                I2C1_ER_IRQHandler
                0x08001454                USBWakeUp_IRQHandler
                0x08001454                DMA2_Channel3_IRQHandler
 *fill*         0x08001456        0x2 
 .text.HAL_InitTick
                0x08001458       0x4c CMakeFiles/cline_test.elf.dir/Drivers/STM32F1xx_HAL_Driver/Src/stm32f1xx_hal.c.obj
                0x08001458                HAL_InitTick
 .text.HAL_Init
                0x080014a4       0x24 CMakeFiles/cline_test.elf.dir/Drivers/STM32F1xx_HAL_Driver/Src/stm32f1xx_hal.c.obj
                0x080014a4                HAL_Init
 .text.HAL_IncTick
                0x080014c8       0x18 CMakeFiles/cline_test.elf.dir/Drivers/STM32F1xx_HAL_Driver/Src/stm32f1xx_hal.c.obj
                0x080014c8                HAL_IncTick
 .text.HAL_GetTick
                0x080014e0        0xc CMakeFiles/cline_test.elf.dir/Drivers/STM32F1xx_HAL_Driver/Src/stm32f1xx_hal.c.obj
                0x080014e0                HAL_GetTick
 .text.HAL_NVIC_SetPriorityGrouping
                0x080014ec       0x24 CMakeFiles/cline_test.elf.dir/Drivers/STM32F1xx_HAL_Driver/Src/stm32f1xx_hal_cortex.c.obj
                0x080014ec                HAL_NVIC_SetPriorityGrouping
 .text.HAL_NVIC_SetPriority
                0x08001510       0x70 CMakeFiles/cline_test.elf.dir/Drivers/STM32F1xx_HAL_Driver/Src/stm32f1xx_hal_cortex.c.obj
                0x08001510                HAL_NVIC_SetPriority
 .text.HAL_NVIC_EnableIRQ
                0x08001580       0x1c CMakeFiles/cline_test.elf.dir/Drivers/STM32F1xx_HAL_Driver/Src/stm32f1xx_hal_cortex.c.obj
                0x08001580                HAL_NVIC_EnableIRQ
 .text.HAL_SYSTICK_Config
                0x0800159c       0x28 CMakeFiles/cline_test.elf.dir/Drivers/STM32F1xx_HAL_Driver/Src/stm32f1xx_hal_cortex.c.obj
                0x0800159c                HAL_SYSTICK_Config
 .text.HAL_DMA_Abort
                0x080015c4       0x46 CMakeFiles/cline_test.elf.dir/Drivers/STM32F1xx_HAL_Driver/Src/stm32f1xx_hal_dma.c.obj
                0x080015c4                HAL_DMA_Abort
 *fill*         0x0800160a        0x2 
 .text.HAL_DMA_Abort_IT
                0x0800160c      0x16c CMakeFiles/cline_test.elf.dir/Drivers/STM32F1xx_HAL_Driver/Src/stm32f1xx_hal_dma.c.obj
                0x0800160c                HAL_DMA_Abort_IT
 .text.HAL_GPIO_Init
                0x08001778      0x240 CMakeFiles/cline_test.elf.dir/Drivers/STM32F1xx_HAL_Driver/Src/stm32f1xx_hal_gpio.c.obj
                0x08001778                HAL_GPIO_Init
 .text.HAL_GPIO_WritePin
                0x080019b8        0xc CMakeFiles/cline_test.elf.dir/Drivers/STM32F1xx_HAL_Driver/Src/stm32f1xx_hal_gpio.c.obj
                0x080019b8                HAL_GPIO_WritePin
 .text.HAL_GPIO_TogglePin
                0x080019c4       0x12 CMakeFiles/cline_test.elf.dir/Drivers/STM32F1xx_HAL_Driver/Src/stm32f1xx_hal_gpio.c.obj
                0x080019c4                HAL_GPIO_TogglePin
 .text.HAL_GPIO_EXTI_Callback
                0x080019d6        0x2 CMakeFiles/cline_test.elf.dir/Drivers/STM32F1xx_HAL_Driver/Src/stm32f1xx_hal_gpio.c.obj
                0x080019d6                HAL_GPIO_EXTI_Callback
 .text.HAL_GPIO_EXTI_IRQHandler
                0x080019d8       0x1c CMakeFiles/cline_test.elf.dir/Drivers/STM32F1xx_HAL_Driver/Src/stm32f1xx_hal_gpio.c.obj
                0x080019d8                HAL_GPIO_EXTI_IRQHandler
 .text.HAL_I2C_Init
                0x080019f4      0x1bc CMakeFiles/cline_test.elf.dir/Drivers/STM32F1xx_HAL_Driver/Src/stm32f1xx_hal_i2c.c.obj
                0x080019f4                HAL_I2C_Init
 .text.RCC_Delay
                0x08001bb0       0x2c CMakeFiles/cline_test.elf.dir/Drivers/STM32F1xx_HAL_Driver/Src/stm32f1xx_hal_rcc.c.obj
 .text.HAL_RCC_OscConfig
                0x08001bdc      0x410 CMakeFiles/cline_test.elf.dir/Drivers/STM32F1xx_HAL_Driver/Src/stm32f1xx_hal_rcc.c.obj
                0x08001bdc                HAL_RCC_OscConfig
 .text.HAL_RCC_GetSysClockFreq
                0x08001fec       0x54 CMakeFiles/cline_test.elf.dir/Drivers/STM32F1xx_HAL_Driver/Src/stm32f1xx_hal_rcc.c.obj
                0x08001fec                HAL_RCC_GetSysClockFreq
 .text.HAL_RCC_ClockConfig
                0x08002040      0x16c CMakeFiles/cline_test.elf.dir/Drivers/STM32F1xx_HAL_Driver/Src/stm32f1xx_hal_rcc.c.obj
                0x08002040                HAL_RCC_ClockConfig
 .text.HAL_RCC_GetHCLKFreq
                0x080021ac        0xc CMakeFiles/cline_test.elf.dir/Drivers/STM32F1xx_HAL_Driver/Src/stm32f1xx_hal_rcc.c.obj
                0x080021ac                HAL_RCC_GetHCLKFreq
 .text.HAL_RCC_GetPCLK1Freq
                0x080021b8       0x20 CMakeFiles/cline_test.elf.dir/Drivers/STM32F1xx_HAL_Driver/Src/stm32f1xx_hal_rcc.c.obj
                0x080021b8                HAL_RCC_GetPCLK1Freq
 .text.HAL_RCC_GetPCLK2Freq
                0x080021d8       0x20 CMakeFiles/cline_test.elf.dir/Drivers/STM32F1xx_HAL_Driver/Src/stm32f1xx_hal_rcc.c.obj
                0x080021d8                HAL_RCC_GetPCLK2Freq
 .text.UART_EndRxTransfer
                0x080021f8       0x5c CMakeFiles/cline_test.elf.dir/Drivers/STM32F1xx_HAL_Driver/Src/stm32f1xx_hal_uart.c.obj
 .text.UART_Transmit_IT
                0x08002254       0x60 CMakeFiles/cline_test.elf.dir/Drivers/STM32F1xx_HAL_Driver/Src/stm32f1xx_hal_uart.c.obj
 .text.UART_SetConfig
                0x080022b4       0x94 CMakeFiles/cline_test.elf.dir/Drivers/STM32F1xx_HAL_Driver/Src/stm32f1xx_hal_uart.c.obj
 .text.UART_WaitOnFlagUntilTimeout
                0x08002348       0x88 CMakeFiles/cline_test.elf.dir/Drivers/STM32F1xx_HAL_Driver/Src/stm32f1xx_hal_uart.c.obj
 .text.HAL_UART_Init
                0x080023d0       0x60 CMakeFiles/cline_test.elf.dir/Drivers/STM32F1xx_HAL_Driver/Src/stm32f1xx_hal_uart.c.obj
                0x080023d0                HAL_UART_Init
 .text.HAL_UART_Transmit
                0x08002430       0xbe CMakeFiles/cline_test.elf.dir/Drivers/STM32F1xx_HAL_Driver/Src/stm32f1xx_hal_uart.c.obj
                0x08002430                HAL_UART_Transmit
 .text.HAL_UART_TxCpltCallback
                0x080024ee        0x2 CMakeFiles/cline_test.elf.dir/Drivers/STM32F1xx_HAL_Driver/Src/stm32f1xx_hal_uart.c.obj
                0x080024ee                HAL_UART_TxCpltCallback
 .text.UART_EndTransmit_IT
                0x080024f0       0x1a CMakeFiles/cline_test.elf.dir/Drivers/STM32F1xx_HAL_Driver/Src/stm32f1xx_hal_uart.c.obj
 .text.HAL_UART_RxCpltCallback
                0x0800250a        0x2 CMakeFiles/cline_test.elf.dir/Drivers/STM32F1xx_HAL_Driver/Src/stm32f1xx_hal_uart.c.obj
                0x0800250a                HAL_UART_RxCpltCallback
 .text.HAL_UART_ErrorCallback
                0x0800250c        0x2 CMakeFiles/cline_test.elf.dir/Drivers/STM32F1xx_HAL_Driver/Src/stm32f1xx_hal_uart.c.obj
                0x0800250c                HAL_UART_ErrorCallback
 .text.UART_DMAAbortOnError
                0x0800250e       0x10 CMakeFiles/cline_test.elf.dir/Drivers/STM32F1xx_HAL_Driver/Src/stm32f1xx_hal_uart.c.obj
 .text.HAL_UARTEx_RxEventCallback
                0x0800251e        0x2 CMakeFiles/cline_test.elf.dir/Drivers/STM32F1xx_HAL_Driver/Src/stm32f1xx_hal_uart.c.obj
                0x0800251e                HAL_UARTEx_RxEventCallback
 .text.UART_Receive_IT
                0x08002520       0xe6 CMakeFiles/cline_test.elf.dir/Drivers/STM32F1xx_HAL_Driver/Src/stm32f1xx_hal_uart.c.obj
 *fill*         0x08002606        0x2 
 .text.HAL_UART_IRQHandler
                0x08002608      0x288 CMakeFiles/cline_test.elf.dir/Drivers/STM32F1xx_HAL_Driver/Src/stm32f1xx_hal_uart.c.obj
                0x08002608                HAL_UART_IRQHandler
 .text.osKernelInitialize
                0x08002890       0x44 CMakeFiles/cline_test.elf.dir/Middlewares/Third_Party/FreeRTOS/Source/CMSIS_RTOS_V2/cmsis_os2.c.obj
                0x08002890                osKernelInitialize
 .text.osKernelStart
                0x080028d4       0x4c CMakeFiles/cline_test.elf.dir/Middlewares/Third_Party/FreeRTOS/Source/CMSIS_RTOS_V2/cmsis_os2.c.obj
                0x080028d4                osKernelStart
 .text.osThreadNew
                0x08002920       0xec CMakeFiles/cline_test.elf.dir/Middlewares/Third_Party/FreeRTOS/Source/CMSIS_RTOS_V2/cmsis_os2.c.obj
                0x08002920                osThreadNew
 .text.osDelay  0x08002a0c       0x44 CMakeFiles/cline_test.elf.dir/Middlewares/Third_Party/FreeRTOS/Source/CMSIS_RTOS_V2/cmsis_os2.c.obj
                0x08002a0c                osDelay
 .text.osSemaphoreNew
                0x08002a50       0xd8 CMakeFiles/cline_test.elf.dir/Middlewares/Third_Party/FreeRTOS/Source/CMSIS_RTOS_V2/cmsis_os2.c.obj
                0x08002a50                osSemaphoreNew
 .text.vApplicationGetIdleTaskMemory
                0x08002b28       0x18 CMakeFiles/cline_test.elf.dir/Middlewares/Third_Party/FreeRTOS/Source/CMSIS_RTOS_V2/cmsis_os2.c.obj
                0x08002b28                vApplicationGetIdleTaskMemory
 .text.vApplicationGetTimerTaskMemory
                0x08002b40       0x18 CMakeFiles/cline_test.elf.dir/Middlewares/Third_Party/FreeRTOS/Source/CMSIS_RTOS_V2/cmsis_os2.c.obj
                0x08002b40                vApplicationGetTimerTaskMemory
 .text.vListInitialise
                0x08002b58       0x16 CMakeFiles/cline_test.elf.dir/Middlewares/Third_Party/FreeRTOS/Source/list.c.obj
                0x08002b58                vListInitialise
 .text.vListInitialiseItem
                0x08002b6e        0x6 CMakeFiles/cline_test.elf.dir/Middlewares/Third_Party/FreeRTOS/Source/list.c.obj
                0x08002b6e                vListInitialiseItem
 .text.vListInsertEnd
                0x08002b74       0x16 CMakeFiles/cline_test.elf.dir/Middlewares/Third_Party/FreeRTOS/Source/list.c.obj
                0x08002b74                vListInsertEnd
 .text.vListInsert
                0x08002b8a       0x32 CMakeFiles/cline_test.elf.dir/Middlewares/Third_Party/FreeRTOS/Source/list.c.obj
                0x08002b8a                vListInsert
 .text.uxListRemove
                0x08002bbc       0x26 CMakeFiles/cline_test.elf.dir/Middlewares/Third_Party/FreeRTOS/Source/list.c.obj
                0x08002bbc                uxListRemove
 *fill*         0x08002be2        0x2 
 .text.prvHeapInit
                0x08002be4       0x64 CMakeFiles/cline_test.elf.dir/Middlewares/Third_Party/FreeRTOS/Source/portable/MemMang/heap_4.c.obj
 .text.prvInsertBlockIntoFreeList
                0x08002c48       0x60 CMakeFiles/cline_test.elf.dir/Middlewares/Third_Party/FreeRTOS/Source/portable/MemMang/heap_4.c.obj
 .text.pvPortMalloc
                0x08002ca8       0xf0 CMakeFiles/cline_test.elf.dir/Middlewares/Third_Party/FreeRTOS/Source/portable/MemMang/heap_4.c.obj
                0x08002ca8                pvPortMalloc
 .text.vPortFree
                0x08002d98       0x70 CMakeFiles/cline_test.elf.dir/Middlewares/Third_Party/FreeRTOS/Source/portable/MemMang/heap_4.c.obj
                0x08002d98                vPortFree
 .text.prvTaskExitError
                0x08002e08       0x40 CMakeFiles/cline_test.elf.dir/Middlewares/Third_Party/FreeRTOS/Source/portable/RVDS/ARM_CM3/port.c.obj
 .text.prvPortStartFirstTask
                0x08002e48       0x20 CMakeFiles/cline_test.elf.dir/Middlewares/Third_Party/FreeRTOS/Source/portable/RVDS/ARM_CM3/port.c.obj
 .text.pxPortInitialiseStack
                0x08002e68       0x24 CMakeFiles/cline_test.elf.dir/Middlewares/Third_Party/FreeRTOS/Source/portable/RVDS/ARM_CM3/port.c.obj
                0x08002e68                pxPortInitialiseStack
 *fill*         0x08002e8c        0x4 
 .text.SVC_Handler
                0x08002e90       0x24 CMakeFiles/cline_test.elf.dir/Middlewares/Third_Party/FreeRTOS/Source/portable/RVDS/ARM_CM3/port.c.obj
                0x08002e90                SVC_Handler
 .text.vPortEnterCritical
                0x08002eb4       0x44 CMakeFiles/cline_test.elf.dir/Middlewares/Third_Party/FreeRTOS/Source/portable/RVDS/ARM_CM3/port.c.obj
                0x08002eb4                vPortEnterCritical
 .text.vPortExitCritical
                0x08002ef8       0x2c CMakeFiles/cline_test.elf.dir/Middlewares/Third_Party/FreeRTOS/Source/portable/RVDS/ARM_CM3/port.c.obj
                0x08002ef8                vPortExitCritical
 *fill*         0x08002f24        0xc 
 .text.PendSV_Handler
                0x08002f30       0x44 CMakeFiles/cline_test.elf.dir/Middlewares/Third_Party/FreeRTOS/Source/portable/RVDS/ARM_CM3/port.c.obj
                0x08002f30                PendSV_Handler
 .text.xPortSysTickHandler
                0x08002f74       0x2c CMakeFiles/cline_test.elf.dir/Middlewares/Third_Party/FreeRTOS/Source/portable/RVDS/ARM_CM3/port.c.obj
                0x08002f74                xPortSysTickHandler
 .text.vPortSetupTimerInterrupt
                0x08002fa0       0x28 CMakeFiles/cline_test.elf.dir/Middlewares/Third_Party/FreeRTOS/Source/portable/RVDS/ARM_CM3/port.c.obj
                0x08002fa0                vPortSetupTimerInterrupt
 .text.xPortStartScheduler
                0x08002fc8       0xc0 CMakeFiles/cline_test.elf.dir/Middlewares/Third_Party/FreeRTOS/Source/portable/RVDS/ARM_CM3/port.c.obj
                0x08002fc8                xPortStartScheduler
 .text.vPortValidateInterruptPriority
                0x08003088       0x5c CMakeFiles/cline_test.elf.dir/Middlewares/Third_Party/FreeRTOS/Source/portable/RVDS/ARM_CM3/port.c.obj
                0x08003088                vPortValidateInterruptPriority
 .text.prvGetDisinheritPriorityAfterTimeout
                0x080030e4       0x10 CMakeFiles/cline_test.elf.dir/Middlewares/Third_Party/FreeRTOS/Source/queue.c.obj
 .text.prvIsQueueFull
                0x080030f4       0x1e CMakeFiles/cline_test.elf.dir/Middlewares/Third_Party/FreeRTOS/Source/queue.c.obj
 .text.prvIsQueueEmpty
                0x08003112       0x1a CMakeFiles/cline_test.elf.dir/Middlewares/Third_Party/FreeRTOS/Source/queue.c.obj
 .text.prvCopyDataToQueue
                0x0800312c       0x76 CMakeFiles/cline_test.elf.dir/Middlewares/Third_Party/FreeRTOS/Source/queue.c.obj
 .text.prvCopyDataFromQueue
                0x080031a2       0x24 CMakeFiles/cline_test.elf.dir/Middlewares/Third_Party/FreeRTOS/Source/queue.c.obj
 .text.prvUnlockQueue
                0x080031c6       0x6e CMakeFiles/cline_test.elf.dir/Middlewares/Third_Party/FreeRTOS/Source/queue.c.obj
 .text.xQueueGenericReset
                0x08003234       0x84 CMakeFiles/cline_test.elf.dir/Middlewares/Third_Party/FreeRTOS/Source/queue.c.obj
                0x08003234                xQueueGenericReset
 .text.prvInitialiseNewQueue
                0x080032b8       0x22 CMakeFiles/cline_test.elf.dir/Middlewares/Third_Party/FreeRTOS/Source/queue.c.obj
 .text.xQueueGenericCreateStatic
                0x080032da       0x92 CMakeFiles/cline_test.elf.dir/Middlewares/Third_Party/FreeRTOS/Source/queue.c.obj
                0x080032da                xQueueGenericCreateStatic
 .text.xQueueGenericCreate
                0x0800336c       0x4e CMakeFiles/cline_test.elf.dir/Middlewares/Third_Party/FreeRTOS/Source/queue.c.obj
                0x0800336c                xQueueGenericCreate
 .text.xQueueCreateCountingSemaphoreStatic
                0x080033ba       0x46 CMakeFiles/cline_test.elf.dir/Middlewares/Third_Party/FreeRTOS/Source/queue.c.obj
                0x080033ba                xQueueCreateCountingSemaphoreStatic
 .text.xQueueCreateCountingSemaphore
                0x08003400       0x3c CMakeFiles/cline_test.elf.dir/Middlewares/Third_Party/FreeRTOS/Source/queue.c.obj
                0x08003400                xQueueCreateCountingSemaphore
 .text.xQueueGenericSend
                0x0800343c      0x188 CMakeFiles/cline_test.elf.dir/Middlewares/Third_Party/FreeRTOS/Source/queue.c.obj
                0x0800343c                xQueueGenericSend
 .text.xQueueGenericSendFromISR
                0x080035c4       0xcc CMakeFiles/cline_test.elf.dir/Middlewares/Third_Party/FreeRTOS/Source/queue.c.obj
                0x080035c4                xQueueGenericSendFromISR
 .text.xQueueReceive
                0x08003690      0x15e CMakeFiles/cline_test.elf.dir/Middlewares/Third_Party/FreeRTOS/Source/queue.c.obj
                0x08003690                xQueueReceive
 .text.xQueueSemaphoreTake
                0x080037ee      0x1a6 CMakeFiles/cline_test.elf.dir/Middlewares/Third_Party/FreeRTOS/Source/queue.c.obj
                0x080037ee                xQueueSemaphoreTake
 .text.vQueueAddToRegistry
                0x08003994       0x28 CMakeFiles/cline_test.elf.dir/Middlewares/Third_Party/FreeRTOS/Source/queue.c.obj
                0x08003994                vQueueAddToRegistry
 .text.vQueueUnregisterQueue
                0x080039bc       0x2c CMakeFiles/cline_test.elf.dir/Middlewares/Third_Party/FreeRTOS/Source/queue.c.obj
                0x080039bc                vQueueUnregisterQueue
 .text.vQueueDelete
                0x080039e8       0x2c CMakeFiles/cline_test.elf.dir/Middlewares/Third_Party/FreeRTOS/Source/queue.c.obj
                0x080039e8                vQueueDelete
 .text.vQueueWaitForMessageRestricted
                0x08003a14       0x52 CMakeFiles/cline_test.elf.dir/Middlewares/Third_Party/FreeRTOS/Source/queue.c.obj
                0x08003a14                vQueueWaitForMessageRestricted
 *fill*         0x08003a66        0x2 
 .text.prvResetNextTaskUnblockTime
                0x08003a68       0x2c CMakeFiles/cline_test.elf.dir/Middlewares/Third_Party/FreeRTOS/Source/tasks.c.obj
 .text.prvInitialiseNewTask
                0x08003a94       0x9c CMakeFiles/cline_test.elf.dir/Middlewares/Third_Party/FreeRTOS/Source/tasks.c.obj
 .text.prvInitialiseTaskLists
                0x08003b30       0x68 CMakeFiles/cline_test.elf.dir/Middlewares/Third_Party/FreeRTOS/Source/tasks.c.obj
 .text.prvAddNewTaskToReadyList
                0x08003b98       0xac CMakeFiles/cline_test.elf.dir/Middlewares/Third_Party/FreeRTOS/Source/tasks.c.obj
 .text.prvDeleteTCB
                0x08003c44       0x38 CMakeFiles/cline_test.elf.dir/Middlewares/Third_Party/FreeRTOS/Source/tasks.c.obj
 .text.prvCheckTasksWaitingTermination
                0x08003c7c       0x4c CMakeFiles/cline_test.elf.dir/Middlewares/Third_Party/FreeRTOS/Source/tasks.c.obj
 .text.prvIdleTask
                0x08003cc8       0x28 CMakeFiles/cline_test.elf.dir/Middlewares/Third_Party/FreeRTOS/Source/tasks.c.obj
 .text.prvAddCurrentTaskToDelayedList
                0x08003cf0       0x7c CMakeFiles/cline_test.elf.dir/Middlewares/Third_Party/FreeRTOS/Source/tasks.c.obj
 .text.xTaskCreateStatic
                0x08003d6c       0x74 CMakeFiles/cline_test.elf.dir/Middlewares/Third_Party/FreeRTOS/Source/tasks.c.obj
                0x08003d6c                xTaskCreateStatic
 .text.xTaskCreate
                0x08003de0       0x68 CMakeFiles/cline_test.elf.dir/Middlewares/Third_Party/FreeRTOS/Source/tasks.c.obj
                0x08003de0                xTaskCreate
 .text.vTaskStartScheduler
                0x08003e48       0x9c CMakeFiles/cline_test.elf.dir/Middlewares/Third_Party/FreeRTOS/Source/tasks.c.obj
                0x08003e48                vTaskStartScheduler
 .text.vTaskSuspendAll
                0x08003ee4       0x10 CMakeFiles/cline_test.elf.dir/Middlewares/Third_Party/FreeRTOS/Source/tasks.c.obj
                0x08003ee4                vTaskSuspendAll
 .text.xTaskGetTickCount
                0x08003ef4        0xc CMakeFiles/cline_test.elf.dir/Middlewares/Third_Party/FreeRTOS/Source/tasks.c.obj
                0x08003ef4                xTaskGetTickCount
 .text.xTaskIncrementTick
                0x08003f00      0x118 CMakeFiles/cline_test.elf.dir/Middlewares/Third_Party/FreeRTOS/Source/tasks.c.obj
                0x08003f00                xTaskIncrementTick
 .text.xTaskResumeAll
                0x08004018       0xf8 CMakeFiles/cline_test.elf.dir/Middlewares/Third_Party/FreeRTOS/Source/tasks.c.obj
                0x08004018                xTaskResumeAll
 .text.vTaskDelay
                0x08004110       0x4c CMakeFiles/cline_test.elf.dir/Middlewares/Third_Party/FreeRTOS/Source/tasks.c.obj
                0x08004110                vTaskDelay
 .text.vTaskSwitchContext
                0x0800415c       0x94 CMakeFiles/cline_test.elf.dir/Middlewares/Third_Party/FreeRTOS/Source/tasks.c.obj
                0x0800415c                vTaskSwitchContext
 .text.vTaskPlaceOnEventList
                0x080041f0       0x30 CMakeFiles/cline_test.elf.dir/Middlewares/Third_Party/FreeRTOS/Source/tasks.c.obj
                0x080041f0                vTaskPlaceOnEventList
 .text.vTaskPlaceOnEventListRestricted
                0x08004220       0x38 CMakeFiles/cline_test.elf.dir/Middlewares/Third_Party/FreeRTOS/Source/tasks.c.obj
                0x08004220                vTaskPlaceOnEventListRestricted
 .text.xTaskRemoveFromEventList
                0x08004258       0x8c CMakeFiles/cline_test.elf.dir/Middlewares/Third_Party/FreeRTOS/Source/tasks.c.obj
                0x08004258                xTaskRemoveFromEventList
 .text.vTaskInternalSetTimeOutState
                0x080042e4       0x18 CMakeFiles/cline_test.elf.dir/Middlewares/Third_Party/FreeRTOS/Source/tasks.c.obj
                0x080042e4                vTaskInternalSetTimeOutState
 .text.xTaskCheckForTimeOut
                0x080042fc       0x84 CMakeFiles/cline_test.elf.dir/Middlewares/Third_Party/FreeRTOS/Source/tasks.c.obj
                0x080042fc                xTaskCheckForTimeOut
 .text.vTaskMissedYield
                0x08004380        0xc CMakeFiles/cline_test.elf.dir/Middlewares/Third_Party/FreeRTOS/Source/tasks.c.obj
                0x08004380                vTaskMissedYield
 .text.xTaskGetSchedulerState
                0x0800438c       0x20 CMakeFiles/cline_test.elf.dir/Middlewares/Third_Party/FreeRTOS/Source/tasks.c.obj
                0x0800438c                xTaskGetSchedulerState
 .text.xTaskPriorityInherit
                0x080043ac       0x98 CMakeFiles/cline_test.elf.dir/Middlewares/Third_Party/FreeRTOS/Source/tasks.c.obj
                0x080043ac                xTaskPriorityInherit
 .text.xTaskPriorityDisinherit
                0x08004444       0x90 CMakeFiles/cline_test.elf.dir/Middlewares/Third_Party/FreeRTOS/Source/tasks.c.obj
                0x08004444                xTaskPriorityDisinherit
 .text.vTaskPriorityDisinheritAfterTimeout
                0x080044d4       0xa0 CMakeFiles/cline_test.elf.dir/Middlewares/Third_Party/FreeRTOS/Source/tasks.c.obj
                0x080044d4                vTaskPriorityDisinheritAfterTimeout
 .text.pvTaskIncrementMutexHeldCount
                0x08004574       0x1c CMakeFiles/cline_test.elf.dir/Middlewares/Third_Party/FreeRTOS/Source/tasks.c.obj
                0x08004574                pvTaskIncrementMutexHeldCount
 .text.prvGetNextExpireTime
                0x08004590       0x20 CMakeFiles/cline_test.elf.dir/Middlewares/Third_Party/FreeRTOS/Source/timers.c.obj
 .text.prvInsertTimerInActiveList
                0x080045b0       0x48 CMakeFiles/cline_test.elf.dir/Middlewares/Third_Party/FreeRTOS/Source/timers.c.obj
 .text.prvCheckForValidListAndQueue
                0x080045f8       0x70 CMakeFiles/cline_test.elf.dir/Middlewares/Third_Party/FreeRTOS/Source/timers.c.obj
 .text.xTimerCreateTimerTask
                0x08004668       0x64 CMakeFiles/cline_test.elf.dir/Middlewares/Third_Party/FreeRTOS/Source/timers.c.obj
                0x08004668                xTimerCreateTimerTask
 .text.xTimerGenericCommand
                0x080046cc       0x6c CMakeFiles/cline_test.elf.dir/Middlewares/Third_Party/FreeRTOS/Source/timers.c.obj
                0x080046cc                xTimerGenericCommand
 .text.prvSwitchTimerLists
                0x08004738       0x78 CMakeFiles/cline_test.elf.dir/Middlewares/Third_Party/FreeRTOS/Source/timers.c.obj
 .text.prvSampleTimeNow
                0x080047b0       0x2c CMakeFiles/cline_test.elf.dir/Middlewares/Third_Party/FreeRTOS/Source/timers.c.obj
 .text.prvProcessExpiredTimer
                0x080047dc       0x60 CMakeFiles/cline_test.elf.dir/Middlewares/Third_Party/FreeRTOS/Source/timers.c.obj
 .text.prvProcessTimerOrBlockTask
                0x0800483c       0x74 CMakeFiles/cline_test.elf.dir/Middlewares/Third_Party/FreeRTOS/Source/timers.c.obj
 .text.prvProcessReceivedCommands
                0x080048b0       0xf8 CMakeFiles/cline_test.elf.dir/Middlewares/Third_Party/FreeRTOS/Source/timers.c.obj
 .text.prvTimerTask
                0x080049a8       0x16 CMakeFiles/cline_test.elf.dir/Middlewares/Third_Party/FreeRTOS/Source/timers.c.obj
 *fill*         0x080049be        0x2 
 .text.mpu6050_interface_debug_print
                0x080049c0       0x60 CMakeFiles/cline_test.elf.dir/Module/mpu6050/Src/driver_mpu6050_interface.c.obj
                0x080049c0                mpu6050_interface_debug_print
 .text.__errno  0x08004a20        0xc d:/gcc-arm-none-eabi-10.3-2021.10/bin/../lib/gcc/arm-none-eabi/10.3.1/../../../../arm-none-eabi/lib/thumb/v7-m/nofp\libg.a(lib_a-errno.o)
                0x08004a20                __errno
 .text.__libc_init_array
                0x08004a2c       0x48 d:/gcc-arm-none-eabi-10.3-2021.10/bin/../lib/gcc/arm-none-eabi/10.3.1/../../../../arm-none-eabi/lib/thumb/v7-m/nofp\libg.a(lib_a-init.o)
                0x08004a2c                __libc_init_array
 .text.memset   0x08004a74       0xa4 d:/gcc-arm-none-eabi-10.3-2021.10/bin/../lib/gcc/arm-none-eabi/10.3.1/../../../../arm-none-eabi/lib/thumb/v7-m/nofp\libg.a(lib_a-memset.o)
                0x08004a74                memset
 .text.strlen   0x08004b18       0x5c d:/gcc-arm-none-eabi-10.3-2021.10/bin/../lib/gcc/arm-none-eabi/10.3.1/../../../../arm-none-eabi/lib/thumb/v7-m/nofp\libg.a(lib_a-strlen-stub.o)
                0x08004b18                strlen
 .text.strncpy  0x08004b74       0x68 d:/gcc-arm-none-eabi-10.3-2021.10/bin/../lib/gcc/arm-none-eabi/10.3.1/../../../../arm-none-eabi/lib/thumb/v7-m/nofp\libg.a(lib_a-strncpy.o)
                0x08004b74                strncpy
 .text.vsnprintf
                0x08004bdc       0x6c d:/gcc-arm-none-eabi-10.3-2021.10/bin/../lib/gcc/arm-none-eabi/10.3.1/../../../../arm-none-eabi/lib/thumb/v7-m/nofp\libg.a(lib_a-vsnprintf.o)
                0x08004bdc                vsnprintf
 .text.startup.register_fini
                0x08004c48       0x14 d:/gcc-arm-none-eabi-10.3-2021.10/bin/../lib/gcc/arm-none-eabi/10.3.1/../../../../arm-none-eabi/lib/thumb/v7-m/nofp\libg.a(lib_a-__call_atexit.o)
 .text.atexit   0x08004c5c        0xc d:/gcc-arm-none-eabi-10.3-2021.10/bin/../lib/gcc/arm-none-eabi/10.3.1/../../../../arm-none-eabi/lib/thumb/v7-m/nofp\libg.a(lib_a-atexit.o)
                0x08004c5c                atexit
 .text.__libc_fini_array
                0x08004c68       0x2c d:/gcc-arm-none-eabi-10.3-2021.10/bin/../lib/gcc/arm-none-eabi/10.3.1/../../../../arm-none-eabi/lib/thumb/v7-m/nofp\libg.a(lib_a-fini.o)
                0x08004c68                __libc_fini_array
 .text.__retarget_lock_init_recursive
                0x08004c94        0x4 d:/gcc-arm-none-eabi-10.3-2021.10/bin/../lib/gcc/arm-none-eabi/10.3.1/../../../../arm-none-eabi/lib/thumb/v7-m/nofp\libg.a(lib_a-lock.o)
                0x08004c94                __retarget_lock_init_recursive
 .text.__retarget_lock_close_recursive
                0x08004c98        0x4 d:/gcc-arm-none-eabi-10.3-2021.10/bin/../lib/gcc/arm-none-eabi/10.3.1/../../../../arm-none-eabi/lib/thumb/v7-m/nofp\libg.a(lib_a-lock.o)
                0x08004c98                __retarget_lock_close_recursive
 .text.__retarget_lock_acquire_recursive
                0x08004c9c        0x4 d:/gcc-arm-none-eabi-10.3-2021.10/bin/../lib/gcc/arm-none-eabi/10.3.1/../../../../arm-none-eabi/lib/thumb/v7-m/nofp\libg.a(lib_a-lock.o)
                0x08004c9c                __retarget_lock_acquire_recursive
 .text.__retarget_lock_release_recursive
                0x08004ca0        0x4 d:/gcc-arm-none-eabi-10.3-2021.10/bin/../lib/gcc/arm-none-eabi/10.3.1/../../../../arm-none-eabi/lib/thumb/v7-m/nofp\libg.a(lib_a-lock.o)
                0x08004ca0                __retarget_lock_release_recursive
 .text._svfprintf_r
                0x08004ca4     0x1aa4 d:/gcc-arm-none-eabi-10.3-2021.10/bin/../lib/gcc/arm-none-eabi/10.3.1/../../../../arm-none-eabi/lib/thumb/v7-m/nofp\libg.a(lib_a-svfprintf.o)
                0x08004ca4                _svfprintf_r
 .text.__register_exitproc
                0x08006748       0x8c d:/gcc-arm-none-eabi-10.3-2021.10/bin/../lib/gcc/arm-none-eabi/10.3.1/../../../../arm-none-eabi/lib/thumb/v7-m/nofp\libg.a(lib_a-__atexit.o)
                0x08006748                __register_exitproc
 .text.quorem   0x080067d4      0x12c d:/gcc-arm-none-eabi-10.3-2021.10/bin/../lib/gcc/arm-none-eabi/10.3.1/../../../../arm-none-eabi/lib/thumb/v7-m/nofp\libg.a(lib_a-dtoa.o)
 .text._dtoa_r  0x08006900      0xecc d:/gcc-arm-none-eabi-10.3-2021.10/bin/../lib/gcc/arm-none-eabi/10.3.1/../../../../arm-none-eabi/lib/thumb/v7-m/nofp\libg.a(lib_a-dtoa.o)
                0x08006900                _dtoa_r
 .text._malloc_trim_r
                0x080077cc       0xa0 d:/gcc-arm-none-eabi-10.3-2021.10/bin/../lib/gcc/arm-none-eabi/10.3.1/../../../../arm-none-eabi/lib/thumb/v7-m/nofp\libg.a(lib_a-freer.o)
                0x080077cc                _malloc_trim_r
 .text._free_r  0x0800786c      0x200 d:/gcc-arm-none-eabi-10.3-2021.10/bin/../lib/gcc/arm-none-eabi/10.3.1/../../../../arm-none-eabi/lib/thumb/v7-m/nofp\libg.a(lib_a-freer.o)
                0x0800786c                _free_r
 .text._localeconv_r
                0x08007a6c        0x8 d:/gcc-arm-none-eabi-10.3-2021.10/bin/../lib/gcc/arm-none-eabi/10.3.1/../../../../arm-none-eabi/lib/thumb/v7-m/nofp\libg.a(lib_a-localeconv.o)
                0x08007a6c                _localeconv_r
 .text._malloc_r
                0x08007a74      0x558 d:/gcc-arm-none-eabi-10.3-2021.10/bin/../lib/gcc/arm-none-eabi/10.3.1/../../../../arm-none-eabi/lib/thumb/v7-m/nofp\libg.a(lib_a-mallocr.o)
                0x08007a74                _malloc_r
 .text.memchr   0x08007fcc       0x90 d:/gcc-arm-none-eabi-10.3-2021.10/bin/../lib/gcc/arm-none-eabi/10.3.1/../../../../arm-none-eabi/lib/thumb/v7-m/nofp\libg.a(lib_a-memchr-stub.o)
                0x08007fcc                memchr
 .text.__malloc_lock
                0x0800805c        0xc d:/gcc-arm-none-eabi-10.3-2021.10/bin/../lib/gcc/arm-none-eabi/10.3.1/../../../../arm-none-eabi/lib/thumb/v7-m/nofp\libg.a(lib_a-mlock.o)
                0x0800805c                __malloc_lock
 .text.__malloc_unlock
                0x08008068        0xc d:/gcc-arm-none-eabi-10.3-2021.10/bin/../lib/gcc/arm-none-eabi/10.3.1/../../../../arm-none-eabi/lib/thumb/v7-m/nofp\libg.a(lib_a-mlock.o)
                0x08008068                __malloc_unlock
 .text._Balloc  0x08008074       0x4c d:/gcc-arm-none-eabi-10.3-2021.10/bin/../lib/gcc/arm-none-eabi/10.3.1/../../../../arm-none-eabi/lib/thumb/v7-m/nofp\libg.a(lib_a-mprec.o)
                0x08008074                _Balloc
 .text._Bfree   0x080080c0       0x14 d:/gcc-arm-none-eabi-10.3-2021.10/bin/../lib/gcc/arm-none-eabi/10.3.1/../../../../arm-none-eabi/lib/thumb/v7-m/nofp\libg.a(lib_a-mprec.o)
                0x080080c0                _Bfree
 .text.__multadd
                0x080080d4       0xa4 d:/gcc-arm-none-eabi-10.3-2021.10/bin/../lib/gcc/arm-none-eabi/10.3.1/../../../../arm-none-eabi/lib/thumb/v7-m/nofp\libg.a(lib_a-mprec.o)
                0x080080d4                __multadd
 .text.__hi0bits
                0x08008178       0x40 d:/gcc-arm-none-eabi-10.3-2021.10/bin/../lib/gcc/arm-none-eabi/10.3.1/../../../../arm-none-eabi/lib/thumb/v7-m/nofp\libg.a(lib_a-mprec.o)
                0x08008178                __hi0bits
 .text.__lo0bits
                0x080081b8       0x58 d:/gcc-arm-none-eabi-10.3-2021.10/bin/../lib/gcc/arm-none-eabi/10.3.1/../../../../arm-none-eabi/lib/thumb/v7-m/nofp\libg.a(lib_a-mprec.o)
                0x080081b8                __lo0bits
 .text.__i2b    0x08008210       0x5c d:/gcc-arm-none-eabi-10.3-2021.10/bin/../lib/gcc/arm-none-eabi/10.3.1/../../../../arm-none-eabi/lib/thumb/v7-m/nofp\libg.a(lib_a-mprec.o)
                0x08008210                __i2b
 .text.__multiply
                0x0800826c      0x15c d:/gcc-arm-none-eabi-10.3-2021.10/bin/../lib/gcc/arm-none-eabi/10.3.1/../../../../arm-none-eabi/lib/thumb/v7-m/nofp\libg.a(lib_a-mprec.o)
                0x0800826c                __multiply
 .text.__pow5mult
                0x080083c8       0xb8 d:/gcc-arm-none-eabi-10.3-2021.10/bin/../lib/gcc/arm-none-eabi/10.3.1/../../../../arm-none-eabi/lib/thumb/v7-m/nofp\libg.a(lib_a-mprec.o)
                0x080083c8                __pow5mult
 .text.__lshift
                0x08008480       0xec d:/gcc-arm-none-eabi-10.3-2021.10/bin/../lib/gcc/arm-none-eabi/10.3.1/../../../../arm-none-eabi/lib/thumb/v7-m/nofp\libg.a(lib_a-mprec.o)
                0x08008480                __lshift
 .text.__mcmp   0x0800856c       0x40 d:/gcc-arm-none-eabi-10.3-2021.10/bin/../lib/gcc/arm-none-eabi/10.3.1/../../../../arm-none-eabi/lib/thumb/v7-m/nofp\libg.a(lib_a-mprec.o)
                0x0800856c                __mcmp
 .text.__mdiff  0x080085ac      0x14c d:/gcc-arm-none-eabi-10.3-2021.10/bin/../lib/gcc/arm-none-eabi/10.3.1/../../../../arm-none-eabi/lib/thumb/v7-m/nofp\libg.a(lib_a-mprec.o)
                0x080085ac                __mdiff
 .text.__d2b    0x080086f8       0xc4 d:/gcc-arm-none-eabi-10.3-2021.10/bin/../lib/gcc/arm-none-eabi/10.3.1/../../../../arm-none-eabi/lib/thumb/v7-m/nofp\libg.a(lib_a-mprec.o)
                0x080086f8                __d2b
 .text.frexp    0x080087bc       0x70 d:/gcc-arm-none-eabi-10.3-2021.10/bin/../lib/gcc/arm-none-eabi/10.3.1/../../../../arm-none-eabi/lib/thumb/v7-m/nofp\libg.a(lib_a-s_frexp.o)
                0x080087bc                frexp
 .text._sbrk_r  0x0800882c       0x24 d:/gcc-arm-none-eabi-10.3-2021.10/bin/../lib/gcc/arm-none-eabi/10.3.1/../../../../arm-none-eabi/lib/thumb/v7-m/nofp\libg.a(lib_a-sbrkr.o)
                0x0800882c                _sbrk_r
 .text.__ssprint_r
                0x08008850       0xfc d:/gcc-arm-none-eabi-10.3-2021.10/bin/../lib/gcc/arm-none-eabi/10.3.1/../../../../arm-none-eabi/lib/thumb/v7-m/nofp\libg.a(lib_a-svfiprintf.o)
                0x08008850                __ssprint_r
 .text.__assert_func
                0x0800894c       0x40 d:/gcc-arm-none-eabi-10.3-2021.10/bin/../lib/gcc/arm-none-eabi/10.3.1/../../../../arm-none-eabi/lib/thumb/v7-m/nofp\libg.a(lib_a-assert.o)
                0x0800894c                __assert_func
 .text._calloc_r
                0x0800898c       0x78 d:/gcc-arm-none-eabi-10.3-2021.10/bin/../lib/gcc/arm-none-eabi/10.3.1/../../../../arm-none-eabi/lib/thumb/v7-m/nofp\libg.a(lib_a-callocr.o)
                0x0800898c                _calloc_r
 .text.fiprintf
                0x08008a04       0x28 d:/gcc-arm-none-eabi-10.3-2021.10/bin/../lib/gcc/arm-none-eabi/10.3.1/../../../../arm-none-eabi/lib/thumb/v7-m/nofp\libg.a(lib_a-fiprintf.o)
                0x08008a04                fiprintf
 .text.__locale_mb_cur_max
                0x08008a2c        0xc d:/gcc-arm-none-eabi-10.3-2021.10/bin/../lib/gcc/arm-none-eabi/10.3.1/../../../../arm-none-eabi/lib/thumb/v7-m/nofp\libg.a(lib_a-locale.o)
                0x08008a2c                __locale_mb_cur_max
 .text.__ascii_mbtowc
                0x08008a38       0x2c d:/gcc-arm-none-eabi-10.3-2021.10/bin/../lib/gcc/arm-none-eabi/10.3.1/../../../../arm-none-eabi/lib/thumb/v7-m/nofp\libg.a(lib_a-mbtowc_r.o)
                0x08008a38                __ascii_mbtowc
 .text.memmove  0x08008a64       0xf8 d:/gcc-arm-none-eabi-10.3-2021.10/bin/../lib/gcc/arm-none-eabi/10.3.1/../../../../arm-none-eabi/lib/thumb/v7-m/nofp\libg.a(lib_a-memmove.o)
                0x08008a64                memmove
 .text._realloc_r
                0x08008b5c      0x3dc d:/gcc-arm-none-eabi-10.3-2021.10/bin/../lib/gcc/arm-none-eabi/10.3.1/../../../../arm-none-eabi/lib/thumb/v7-m/nofp\libg.a(lib_a-reallocr.o)
                0x08008b5c                _realloc_r
 .text.__sprint_r.part.0
                0x08008f38       0x78 d:/gcc-arm-none-eabi-10.3-2021.10/bin/../lib/gcc/arm-none-eabi/10.3.1/../../../../arm-none-eabi/lib/thumb/v7-m/nofp\libg.a(lib_a-vfiprintf.o)
 .text._vfiprintf_r
                0x08008fb0      0xd98 d:/gcc-arm-none-eabi-10.3-2021.10/bin/../lib/gcc/arm-none-eabi/10.3.1/../../../../arm-none-eabi/lib/thumb/v7-m/nofp\libg.a(lib_a-vfiprintf.o)
                0x08008fb0                _vfiprintf_r
 .text.__sbprintf
                0x08009d48       0x84 d:/gcc-arm-none-eabi-10.3-2021.10/bin/../lib/gcc/arm-none-eabi/10.3.1/../../../../arm-none-eabi/lib/thumb/v7-m/nofp\libg.a(lib_a-vfiprintf.o)
 .text.__ascii_wctomb
                0x08009dcc       0x1c d:/gcc-arm-none-eabi-10.3-2021.10/bin/../lib/gcc/arm-none-eabi/10.3.1/../../../../arm-none-eabi/lib/thumb/v7-m/nofp\libg.a(lib_a-wctomb_r.o)
                0x08009dcc                __ascii_wctomb
 .text.__swsetup_r
                0x08009de8       0xd4 d:/gcc-arm-none-eabi-10.3-2021.10/bin/../lib/gcc/arm-none-eabi/10.3.1/../../../../arm-none-eabi/lib/thumb/v7-m/nofp\libg.a(lib_a-wsetup.o)
                0x08009de8                __swsetup_r
 .text.abort    0x08009ebc       0x10 d:/gcc-arm-none-eabi-10.3-2021.10/bin/../lib/gcc/arm-none-eabi/10.3.1/../../../../arm-none-eabi/lib/thumb/v7-m/nofp\libg.a(lib_a-abort.o)
                0x08009ebc                abort
 .text.__sflush_r
                0x08009ecc      0x124 d:/gcc-arm-none-eabi-10.3-2021.10/bin/../lib/gcc/arm-none-eabi/10.3.1/../../../../arm-none-eabi/lib/thumb/v7-m/nofp\libg.a(lib_a-fflush.o)
                0x08009ecc                __sflush_r
 .text._fflush_r
                0x08009ff0       0x5c d:/gcc-arm-none-eabi-10.3-2021.10/bin/../lib/gcc/arm-none-eabi/10.3.1/../../../../arm-none-eabi/lib/thumb/v7-m/nofp\libg.a(lib_a-fflush.o)
                0x08009ff0                _fflush_r
 .text._cleanup_r
                0x0800a04c        0xc d:/gcc-arm-none-eabi-10.3-2021.10/bin/../lib/gcc/arm-none-eabi/10.3.1/../../../../arm-none-eabi/lib/thumb/v7-m/nofp\libg.a(lib_a-findfp.o)
                0x0800a04c                _cleanup_r
 .text.__sinit  0x0800a058      0x10c d:/gcc-arm-none-eabi-10.3-2021.10/bin/../lib/gcc/arm-none-eabi/10.3.1/../../../../arm-none-eabi/lib/thumb/v7-m/nofp\libg.a(lib_a-findfp.o)
                0x0800a058                __sinit
 .text.__sfp_lock_acquire
                0x0800a164        0xc d:/gcc-arm-none-eabi-10.3-2021.10/bin/../lib/gcc/arm-none-eabi/10.3.1/../../../../arm-none-eabi/lib/thumb/v7-m/nofp\libg.a(lib_a-findfp.o)
                0x0800a164                __sfp_lock_acquire
 .text.__sfp_lock_release
                0x0800a170        0xc d:/gcc-arm-none-eabi-10.3-2021.10/bin/../lib/gcc/arm-none-eabi/10.3.1/../../../../arm-none-eabi/lib/thumb/v7-m/nofp\libg.a(lib_a-findfp.o)
                0x0800a170                __sfp_lock_release
 .text.__fputwc
                0x0800a17c       0xa0 d:/gcc-arm-none-eabi-10.3-2021.10/bin/../lib/gcc/arm-none-eabi/10.3.1/../../../../arm-none-eabi/lib/thumb/v7-m/nofp\libg.a(lib_a-fputwc.o)
                0x0800a17c                __fputwc
 .text._fputwc_r
                0x0800a21c       0x68 d:/gcc-arm-none-eabi-10.3-2021.10/bin/../lib/gcc/arm-none-eabi/10.3.1/../../../../arm-none-eabi/lib/thumb/v7-m/nofp\libg.a(lib_a-fputwc.o)
                0x0800a21c                _fputwc_r
 .text.__sfvwrite_r
                0x0800a284      0x2f0 d:/gcc-arm-none-eabi-10.3-2021.10/bin/../lib/gcc/arm-none-eabi/10.3.1/../../../../arm-none-eabi/lib/thumb/v7-m/nofp\libg.a(lib_a-fvwrite.o)
                0x0800a284                __sfvwrite_r
 .text._fwalk_reent
                0x0800a574       0x48 d:/gcc-arm-none-eabi-10.3-2021.10/bin/../lib/gcc/arm-none-eabi/10.3.1/../../../../arm-none-eabi/lib/thumb/v7-m/nofp\libg.a(lib_a-fwalk.o)
                0x0800a574                _fwalk_reent
 .text.__smakebuf_r
                0x0800a5bc       0xe0 d:/gcc-arm-none-eabi-10.3-2021.10/bin/../lib/gcc/arm-none-eabi/10.3.1/../../../../arm-none-eabi/lib/thumb/v7-m/nofp\libg.a(lib_a-makebuf.o)
                0x0800a5bc                __smakebuf_r
 .text.raise    0x0800a69c       0x5c d:/gcc-arm-none-eabi-10.3-2021.10/bin/../lib/gcc/arm-none-eabi/10.3.1/../../../../arm-none-eabi/lib/thumb/v7-m/nofp\libg.a(lib_a-signal.o)
                0x0800a69c                raise
 .text._kill_r  0x0800a6f8       0x28 d:/gcc-arm-none-eabi-10.3-2021.10/bin/../lib/gcc/arm-none-eabi/10.3.1/../../../../arm-none-eabi/lib/thumb/v7-m/nofp\libg.a(lib_a-signalr.o)
                0x0800a6f8                _kill_r
 .text._getpid_r
                0x0800a720        0x4 d:/gcc-arm-none-eabi-10.3-2021.10/bin/../lib/gcc/arm-none-eabi/10.3.1/../../../../arm-none-eabi/lib/thumb/v7-m/nofp\libg.a(lib_a-signalr.o)
                0x0800a720                _getpid_r
 .text.__sread  0x0800a724       0x24 d:/gcc-arm-none-eabi-10.3-2021.10/bin/../lib/gcc/arm-none-eabi/10.3.1/../../../../arm-none-eabi/lib/thumb/v7-m/nofp\libg.a(lib_a-stdio.o)
                0x0800a724                __sread
 .text.__swrite
                0x0800a748       0x40 d:/gcc-arm-none-eabi-10.3-2021.10/bin/../lib/gcc/arm-none-eabi/10.3.1/../../../../arm-none-eabi/lib/thumb/v7-m/nofp\libg.a(lib_a-stdio.o)
                0x0800a748                __swrite
 .text.__sseek  0x0800a788       0x20 d:/gcc-arm-none-eabi-10.3-2021.10/bin/../lib/gcc/arm-none-eabi/10.3.1/../../../../arm-none-eabi/lib/thumb/v7-m/nofp\libg.a(lib_a-stdio.o)
                0x0800a788                __sseek
 .text.__sclose
                0x0800a7a8        0x8 d:/gcc-arm-none-eabi-10.3-2021.10/bin/../lib/gcc/arm-none-eabi/10.3.1/../../../../arm-none-eabi/lib/thumb/v7-m/nofp\libg.a(lib_a-stdio.o)
                0x0800a7a8                __sclose
 .text.__swbuf_r
                0x0800a7b0       0xb0 d:/gcc-arm-none-eabi-10.3-2021.10/bin/../lib/gcc/arm-none-eabi/10.3.1/../../../../arm-none-eabi/lib/thumb/v7-m/nofp\libg.a(lib_a-wbuf.o)
                0x0800a7b0                __swbuf_r
 .text._wcrtomb_r
                0x0800a860       0x3c d:/gcc-arm-none-eabi-10.3-2021.10/bin/../lib/gcc/arm-none-eabi/10.3.1/../../../../arm-none-eabi/lib/thumb/v7-m/nofp\libg.a(lib_a-wcrtomb.o)
                0x0800a860                _wcrtomb_r
 .text._write_r
                0x0800a89c       0x2c d:/gcc-arm-none-eabi-10.3-2021.10/bin/../lib/gcc/arm-none-eabi/10.3.1/../../../../arm-none-eabi/lib/thumb/v7-m/nofp\libg.a(lib_a-writer.o)
                0x0800a89c                _write_r
 .text._close_r
                0x0800a8c8       0x24 d:/gcc-arm-none-eabi-10.3-2021.10/bin/../lib/gcc/arm-none-eabi/10.3.1/../../../../arm-none-eabi/lib/thumb/v7-m/nofp\libg.a(lib_a-closer.o)
                0x0800a8c8                _close_r
 .text._fclose_r
                0x0800a8ec       0xcc d:/gcc-arm-none-eabi-10.3-2021.10/bin/../lib/gcc/arm-none-eabi/10.3.1/../../../../arm-none-eabi/lib/thumb/v7-m/nofp\libg.a(lib_a-fclose.o)
                0x0800a8ec                _fclose_r
 .text._fstat_r
                0x0800a9b8       0x28 d:/gcc-arm-none-eabi-10.3-2021.10/bin/../lib/gcc/arm-none-eabi/10.3.1/../../../../arm-none-eabi/lib/thumb/v7-m/nofp\libg.a(lib_a-fstatr.o)
                0x0800a9b8                _fstat_r
 .text._isatty_r
                0x0800a9e0       0x24 d:/gcc-arm-none-eabi-10.3-2021.10/bin/../lib/gcc/arm-none-eabi/10.3.1/../../../../arm-none-eabi/lib/thumb/v7-m/nofp\libg.a(lib_a-isattyr.o)
                0x0800a9e0                _isatty_r
 .text._lseek_r
                0x0800aa04       0x2c d:/gcc-arm-none-eabi-10.3-2021.10/bin/../lib/gcc/arm-none-eabi/10.3.1/../../../../arm-none-eabi/lib/thumb/v7-m/nofp\libg.a(lib_a-lseekr.o)
                0x0800aa04                _lseek_r
 .text._read_r  0x0800aa30       0x2c d:/gcc-arm-none-eabi-10.3-2021.10/bin/../lib/gcc/arm-none-eabi/10.3.1/../../../../arm-none-eabi/lib/thumb/v7-m/nofp\libg.a(lib_a-readr.o)
                0x0800aa30                _read_r
 *(.glue_7)
 .glue_7        0x0800aa5c        0x0 linker stubs
 *(.glue_7t)
 .glue_7t       0x0800aa5c        0x0 linker stubs
 *(.eh_frame)
 .eh_frame      0x0800aa5c        0x0 d:/gcc-arm-none-eabi-10.3-2021.10/bin/../lib/gcc/arm-none-eabi/10.3.1/thumb/v7-m/nofp/crtbegin.o
 *(.init)
 .init          0x0800aa5c        0x4 d:/gcc-arm-none-eabi-10.3-2021.10/bin/../lib/gcc/arm-none-eabi/10.3.1/thumb/v7-m/nofp/crti.o
                0x0800aa5c                _init
 .init          0x0800aa60        0x8 d:/gcc-arm-none-eabi-10.3-2021.10/bin/../lib/gcc/arm-none-eabi/10.3.1/thumb/v7-m/nofp/crtn.o
 *(.fini)
 .fini          0x0800aa68        0x4 d:/gcc-arm-none-eabi-10.3-2021.10/bin/../lib/gcc/arm-none-eabi/10.3.1/thumb/v7-m/nofp/crti.o
                0x0800aa68                _fini
 .fini          0x0800aa6c        0x8 d:/gcc-arm-none-eabi-10.3-2021.10/bin/../lib/gcc/arm-none-eabi/10.3.1/thumb/v7-m/nofp/crtn.o
                0x0800aa74                . = ALIGN (0x4)
                0x0800aa74                _etext = .

.vfp11_veneer   0x0800aa74        0x0
 .vfp11_veneer  0x0800aa74        0x0 linker stubs

.v4_bx          0x0800aa74        0x0
 .v4_bx         0x0800aa74        0x0 linker stubs

.iplt           0x0800aa74        0x0
 .iplt          0x0800aa74        0x0 d:/gcc-arm-none-eabi-10.3-2021.10/bin/../lib/gcc/arm-none-eabi/10.3.1/thumb/v7-m/nofp/crtbegin.o

.rodata         0x0800aa78      0x4c8
                0x0800aa78                . = ALIGN (0x4)
 *(.rodata)
 *(.rodata*)
 .rodata.StartTask02.str1.4
                0x0800aa78        0x8 CMakeFiles/cline_test.elf.dir/Core/Src/main.c.obj
 .rodata.str1.4
                0x0800aa80       0x28 CMakeFiles/cline_test.elf.dir/Core/Src/main.c.obj
 .rodata.defaultTask_attributes
                0x0800aaa8       0x24 CMakeFiles/cline_test.elf.dir/Core/Src/main.c.obj
                0x0800aaa8                defaultTask_attributes
 .rodata.myTask02_attributes
                0x0800aacc       0x24 CMakeFiles/cline_test.elf.dir/Core/Src/main.c.obj
                0x0800aacc                myTask02_attributes
 .rodata.printSemaphore_attributes
                0x0800aaf0       0x10 CMakeFiles/cline_test.elf.dir/Core/Src/main.c.obj
                0x0800aaf0                printSemaphore_attributes
 .rodata.AHBPrescTable
                0x0800ab00       0x10 CMakeFiles/cline_test.elf.dir/Core/Src/system_stm32f1xx.c.obj
                0x0800ab00                AHBPrescTable
 .rodata.APBPrescTable
                0x0800ab10        0x8 CMakeFiles/cline_test.elf.dir/Core/Src/system_stm32f1xx.c.obj
                0x0800ab10                APBPrescTable
 .rodata.aPLLMULFactorTable.1
                0x0800ab18       0x10 CMakeFiles/cline_test.elf.dir/Drivers/STM32F1xx_HAL_Driver/Src/stm32f1xx_hal_rcc.c.obj
 .rodata.aPredivFactorTable.0
                0x0800ab28        0x2 CMakeFiles/cline_test.elf.dir/Drivers/STM32F1xx_HAL_Driver/Src/stm32f1xx_hal_rcc.c.obj
 *fill*         0x0800ab2a        0x2 
 .rodata.vTaskStartScheduler.str1.4
                0x0800ab2c        0x5 CMakeFiles/cline_test.elf.dir/Middlewares/Third_Party/FreeRTOS/Source/tasks.c.obj
 *fill*         0x0800ab31        0x3 
 .rodata.prvCheckForValidListAndQueue.str1.4
                0x0800ab34        0x5 CMakeFiles/cline_test.elf.dir/Middlewares/Third_Party/FreeRTOS/Source/timers.c.obj
 *fill*         0x0800ab39        0x3 
 .rodata.xTimerCreateTimerTask.str1.4
                0x0800ab3c        0x8 CMakeFiles/cline_test.elf.dir/Middlewares/Third_Party/FreeRTOS/Source/timers.c.obj
 .rodata._global_impure_ptr
                0x0800ab44        0x4 d:/gcc-arm-none-eabi-10.3-2021.10/bin/../lib/gcc/arm-none-eabi/10.3.1/../../../../arm-none-eabi/lib/thumb/v7-m/nofp\libg.a(lib_a-impure.o)
                0x0800ab44                _global_impure_ptr
 .rodata._svfprintf_r.str1.4
                0x0800ab48       0x42 d:/gcc-arm-none-eabi-10.3-2021.10/bin/../lib/gcc/arm-none-eabi/10.3.1/../../../../arm-none-eabi/lib/thumb/v7-m/nofp\libg.a(lib_a-svfprintf.o)
 *fill*         0x0800ab8a        0x2 
 .rodata.blanks.1
                0x0800ab8c       0x10 d:/gcc-arm-none-eabi-10.3-2021.10/bin/../lib/gcc/arm-none-eabi/10.3.1/../../../../arm-none-eabi/lib/thumb/v7-m/nofp\libg.a(lib_a-svfprintf.o)
 .rodata.zeroes.0
                0x0800ab9c       0x10 d:/gcc-arm-none-eabi-10.3-2021.10/bin/../lib/gcc/arm-none-eabi/10.3.1/../../../../arm-none-eabi/lib/thumb/v7-m/nofp\libg.a(lib_a-svfprintf.o)
 .rodata._dtoa_r.str1.4
                0x0800abac       0xa2 d:/gcc-arm-none-eabi-10.3-2021.10/bin/../lib/gcc/arm-none-eabi/10.3.1/../../../../arm-none-eabi/lib/thumb/v7-m/nofp\libg.a(lib_a-dtoa.o)
                                 0xa6 (size before relaxing)
 *fill*         0x0800ac4e        0x2 
 .rodata.__multadd.str1.4
                0x0800ac50       0x7f d:/gcc-arm-none-eabi-10.3-2021.10/bin/../lib/gcc/arm-none-eabi/10.3.1/../../../../arm-none-eabi/lib/thumb/v7-m/nofp\libg.a(lib_a-mprec.o)
                                 0x93 (size before relaxing)
 *fill*         0x0800accf        0x1 
 .rodata.__mprec_bigtens
                0x0800acd0       0x28 d:/gcc-arm-none-eabi-10.3-2021.10/bin/../lib/gcc/arm-none-eabi/10.3.1/../../../../arm-none-eabi/lib/thumb/v7-m/nofp\libg.a(lib_a-mprec.o)
                0x0800acd0                __mprec_bigtens
 .rodata.__mprec_tens
                0x0800acf8       0xc8 d:/gcc-arm-none-eabi-10.3-2021.10/bin/../lib/gcc/arm-none-eabi/10.3.1/../../../../arm-none-eabi/lib/thumb/v7-m/nofp\libg.a(lib_a-mprec.o)
                0x0800acf8                __mprec_tens
 .rodata.p05.0  0x0800adc0        0xc d:/gcc-arm-none-eabi-10.3-2021.10/bin/../lib/gcc/arm-none-eabi/10.3.1/../../../../arm-none-eabi/lib/thumb/v7-m/nofp\libg.a(lib_a-mprec.o)
 .rodata.__assert_func.str1.4
                0x0800adcc       0x3f d:/gcc-arm-none-eabi-10.3-2021.10/bin/../lib/gcc/arm-none-eabi/10.3.1/../../../../arm-none-eabi/lib/thumb/v7-m/nofp\libg.a(lib_a-assert.o)
                                 0x43 (size before relaxing)
 *fill*         0x0800ae0b        0x1 
 .rodata._setlocale_r.str1.4
                0x0800ae0c        0xa d:/gcc-arm-none-eabi-10.3-2021.10/bin/../lib/gcc/arm-none-eabi/10.3.1/../../../../arm-none-eabi/lib/thumb/v7-m/nofp\libg.a(lib_a-locale.o)
                                  0xd (size before relaxing)
 *fill*         0x0800ae16        0x2 
 .rodata.str1.4
                0x0800ae18        0x2 d:/gcc-arm-none-eabi-10.3-2021.10/bin/../lib/gcc/arm-none-eabi/10.3.1/../../../../arm-none-eabi/lib/thumb/v7-m/nofp\libg.a(lib_a-locale.o)
 .rodata._vfiprintf_r.str1.4
                0x0800ae1a       0x2f d:/gcc-arm-none-eabi-10.3-2021.10/bin/../lib/gcc/arm-none-eabi/10.3.1/../../../../arm-none-eabi/lib/thumb/v7-m/nofp\libg.a(lib_a-vfiprintf.o)
 *fill*         0x0800ae1a        0x2 
 .rodata.blanks.1
                0x0800ae1c       0x10 d:/gcc-arm-none-eabi-10.3-2021.10/bin/../lib/gcc/arm-none-eabi/10.3.1/../../../../arm-none-eabi/lib/thumb/v7-m/nofp\libg.a(lib_a-vfiprintf.o)
 .rodata.zeroes.0
                0x0800ae2c       0x10 d:/gcc-arm-none-eabi-10.3-2021.10/bin/../lib/gcc/arm-none-eabi/10.3.1/../../../../arm-none-eabi/lib/thumb/v7-m/nofp\libg.a(lib_a-vfiprintf.o)
 .rodata._ctype_
                0x0800ae3c      0x101 d:/gcc-arm-none-eabi-10.3-2021.10/bin/../lib/gcc/arm-none-eabi/10.3.1/../../../../arm-none-eabi/lib/thumb/v7-m/nofp\libg.a(lib_a-ctype_.o)
                0x0800ae3c                _ctype_
                0x0800af40                . = ALIGN (0x4)
 *fill*         0x0800af3d        0x3 

.ARM.extab      0x0800af40        0x0
                0x0800af40                . = ALIGN (0x4)
 *(.ARM.extab* .gnu.linkonce.armextab.*)
                0x0800af40                . = ALIGN (0x4)

.ARM            0x0800af40        0x8
                0x0800af40                . = ALIGN (0x4)
                0x0800af40                __exidx_start = .
 *(.ARM.exidx*)
 .ARM.exidx     0x0800af40        0x8 d:/gcc-arm-none-eabi-10.3-2021.10/bin/../lib/gcc/arm-none-eabi/10.3.1/thumb/v7-m/nofp\libgcc.a(_udivmoddi4.o)
                0x0800af48                __exidx_end = .
                0x0800af48                . = ALIGN (0x4)

.rel.dyn        0x0800af48        0x0
 .rel.iplt      0x0800af48        0x0 d:/gcc-arm-none-eabi-10.3-2021.10/bin/../lib/gcc/arm-none-eabi/10.3.1/thumb/v7-m/nofp/crtbegin.o

.preinit_array  0x0800af48        0x0
                0x0800af48                . = ALIGN (0x4)
                0x0800af48                PROVIDE (__preinit_array_start = .)
 *(.preinit_array*)
                0x0800af48                PROVIDE (__preinit_array_end = .)
                0x0800af48                . = ALIGN (0x4)

.init_array     0x0800af48        0x8
                0x0800af48                . = ALIGN (0x4)
                0x0800af48                PROVIDE (__init_array_start = .)
 *(SORT_BY_NAME(.init_array.*))
 .init_array.00000
                0x0800af48        0x4 d:/gcc-arm-none-eabi-10.3-2021.10/bin/../lib/gcc/arm-none-eabi/10.3.1/../../../../arm-none-eabi/lib/thumb/v7-m/nofp\libg.a(lib_a-__call_atexit.o)
 *(.init_array*)
 .init_array    0x0800af4c        0x4 d:/gcc-arm-none-eabi-10.3-2021.10/bin/../lib/gcc/arm-none-eabi/10.3.1/thumb/v7-m/nofp/crtbegin.o
                0x0800af50                PROVIDE (__init_array_end = .)
                0x0800af50                . = ALIGN (0x4)

.fini_array     0x0800af50        0x4
                0x0800af50                . = ALIGN (0x4)
                0x0800af50                PROVIDE (__fini_array_start = .)
 *(SORT_BY_NAME(.fini_array.*))
 *(.fini_array*)
 .fini_array    0x0800af50        0x4 d:/gcc-arm-none-eabi-10.3-2021.10/bin/../lib/gcc/arm-none-eabi/10.3.1/thumb/v7-m/nofp/crtbegin.o
                0x0800af54                PROVIDE (__fini_array_end = .)
                0x0800af54                . = ALIGN (0x4)
                0x0800af54                _sidata = LOADADDR (.data)

.data           0x20000000      0x9d0 load address 0x0800af54
                0x20000000                . = ALIGN (0x4)
                0x20000000                _sdata = .
 *(.data)
 *(.data*)
 .data.str      0x20000000       0x10 CMakeFiles/cline_test.elf.dir/Core/Src/main.c.obj
                0x20000000                str
 .data.SystemCoreClock
                0x20000010        0x4 CMakeFiles/cline_test.elf.dir/Core/Src/system_stm32f1xx.c.obj
                0x20000010                SystemCoreClock
 .data.uwTickFreq
                0x20000014        0x1 CMakeFiles/cline_test.elf.dir/Drivers/STM32F1xx_HAL_Driver/Src/stm32f1xx_hal.c.obj
                0x20000014                uwTickFreq
 *fill*         0x20000015        0x3 
 .data.uwTickPrio
                0x20000018        0x4 CMakeFiles/cline_test.elf.dir/Drivers/STM32F1xx_HAL_Driver/Src/stm32f1xx_hal.c.obj
                0x20000018                uwTickPrio
 .data.uxCriticalNesting
                0x2000001c        0x4 CMakeFiles/cline_test.elf.dir/Middlewares/Third_Party/FreeRTOS/Source/portable/RVDS/ARM_CM3/port.c.obj
 .data._impure_ptr
                0x20000020        0x4 d:/gcc-arm-none-eabi-10.3-2021.10/bin/../lib/gcc/arm-none-eabi/10.3.1/../../../../arm-none-eabi/lib/thumb/v7-m/nofp\libg.a(lib_a-impure.o)
                0x20000020                _impure_ptr
 *fill*         0x20000024        0x4 
 .data.impure_data
                0x20000028      0x428 d:/gcc-arm-none-eabi-10.3-2021.10/bin/../lib/gcc/arm-none-eabi/10.3.1/../../../../arm-none-eabi/lib/thumb/v7-m/nofp\libg.a(lib_a-impure.o)
 .data.__atexit_recursive_mutex
                0x20000450        0x4 d:/gcc-arm-none-eabi-10.3-2021.10/bin/../lib/gcc/arm-none-eabi/10.3.1/../../../../arm-none-eabi/lib/thumb/v7-m/nofp\libg.a(lib_a-__call_atexit.o)
                0x20000450                __atexit_recursive_mutex
 .data.__malloc_av_
                0x20000454      0x408 d:/gcc-arm-none-eabi-10.3-2021.10/bin/../lib/gcc/arm-none-eabi/10.3.1/../../../../arm-none-eabi/lib/thumb/v7-m/nofp\libg.a(lib_a-mallocr.o)
                0x20000454                __malloc_av_
 .data.__malloc_sbrk_base
                0x2000085c        0x4 d:/gcc-arm-none-eabi-10.3-2021.10/bin/../lib/gcc/arm-none-eabi/10.3.1/../../../../arm-none-eabi/lib/thumb/v7-m/nofp\libg.a(lib_a-mallocr.o)
                0x2000085c                __malloc_sbrk_base
 .data.__malloc_trim_threshold
                0x20000860        0x4 d:/gcc-arm-none-eabi-10.3-2021.10/bin/../lib/gcc/arm-none-eabi/10.3.1/../../../../arm-none-eabi/lib/thumb/v7-m/nofp\libg.a(lib_a-mallocr.o)
                0x20000860                __malloc_trim_threshold
 .data.__global_locale
                0x20000864      0x16c d:/gcc-arm-none-eabi-10.3-2021.10/bin/../lib/gcc/arm-none-eabi/10.3.1/../../../../arm-none-eabi/lib/thumb/v7-m/nofp\libg.a(lib_a-locale.o)
                0x20000864                __global_locale
 *(.RamFunc)
 *(.RamFunc*)
                0x200009d0                . = ALIGN (0x4)
                0x200009d0                _edata = .

.igot.plt       0x200009d0        0x0 load address 0x0800b924
 .igot.plt      0x200009d0        0x0 d:/gcc-arm-none-eabi-10.3-2021.10/bin/../lib/gcc/arm-none-eabi/10.3.1/thumb/v7-m/nofp/crtbegin.o
                0x200009d0                . = ALIGN (0x4)

.bss            0x200009d0     0x1a60 load address 0x0800b924
                0x200009d0                _sbss = .
                0x200009d0                __bss_start__ = _sbss
 *(.bss)
 .bss           0x200009d0       0x1c d:/gcc-arm-none-eabi-10.3-2021.10/bin/../lib/gcc/arm-none-eabi/10.3.1/thumb/v7-m/nofp/crtbegin.o
 *(.bss*)
 .bss.count     0x200009ec        0x4 CMakeFiles/cline_test.elf.dir/Core/Src/main.c.obj
 .bss.defaultTaskHandle
                0x200009f0        0x4 CMakeFiles/cline_test.elf.dir/Core/Src/main.c.obj
                0x200009f0                defaultTaskHandle
 .bss.hi2c1     0x200009f4       0x54 CMakeFiles/cline_test.elf.dir/Core/Src/main.c.obj
                0x200009f4                hi2c1
 .bss.huart1    0x20000a48       0x48 CMakeFiles/cline_test.elf.dir/Core/Src/main.c.obj
                0x20000a48                huart1
 .bss.myTask02Handle
                0x20000a90        0x4 CMakeFiles/cline_test.elf.dir/Core/Src/main.c.obj
                0x20000a90                myTask02Handle
 .bss.printSemaphoreHandle
                0x20000a94        0x4 CMakeFiles/cline_test.elf.dir/Core/Src/main.c.obj
                0x20000a94                printSemaphoreHandle
 .bss.__sbrk_heap_end
                0x20000a98        0x4 CMakeFiles/cline_test.elf.dir/Core/Src/sysmem.c.obj
 .bss.uwTick    0x20000a9c        0x4 CMakeFiles/cline_test.elf.dir/Drivers/STM32F1xx_HAL_Driver/Src/stm32f1xx_hal.c.obj
                0x20000a9c                uwTick
 .bss.Idle_Stack
                0x20000aa0      0x200 CMakeFiles/cline_test.elf.dir/Middlewares/Third_Party/FreeRTOS/Source/CMSIS_RTOS_V2/cmsis_os2.c.obj
 .bss.Idle_TCB  0x20000ca0       0x5c CMakeFiles/cline_test.elf.dir/Middlewares/Third_Party/FreeRTOS/Source/CMSIS_RTOS_V2/cmsis_os2.c.obj
 .bss.KernelState
                0x20000cfc        0x4 CMakeFiles/cline_test.elf.dir/Middlewares/Third_Party/FreeRTOS/Source/CMSIS_RTOS_V2/cmsis_os2.c.obj
 .bss.Timer_Stack
                0x20000d00      0x400 CMakeFiles/cline_test.elf.dir/Middlewares/Third_Party/FreeRTOS/Source/CMSIS_RTOS_V2/cmsis_os2.c.obj
 .bss.Timer_TCB
                0x20001100       0x5c CMakeFiles/cline_test.elf.dir/Middlewares/Third_Party/FreeRTOS/Source/CMSIS_RTOS_V2/cmsis_os2.c.obj
 .bss.pxEnd     0x2000115c        0x4 CMakeFiles/cline_test.elf.dir/Middlewares/Third_Party/FreeRTOS/Source/portable/MemMang/heap_4.c.obj
 .bss.ucHeap    0x20001160      0xc00 CMakeFiles/cline_test.elf.dir/Middlewares/Third_Party/FreeRTOS/Source/portable/MemMang/heap_4.c.obj
 .bss.xBlockAllocatedBit
                0x20001d60        0x4 CMakeFiles/cline_test.elf.dir/Middlewares/Third_Party/FreeRTOS/Source/portable/MemMang/heap_4.c.obj
 .bss.xFreeBytesRemaining
                0x20001d64        0x4 CMakeFiles/cline_test.elf.dir/Middlewares/Third_Party/FreeRTOS/Source/portable/MemMang/heap_4.c.obj
 .bss.xMinimumEverFreeBytesRemaining
                0x20001d68        0x4 CMakeFiles/cline_test.elf.dir/Middlewares/Third_Party/FreeRTOS/Source/portable/MemMang/heap_4.c.obj
 .bss.xStart    0x20001d6c        0x8 CMakeFiles/cline_test.elf.dir/Middlewares/Third_Party/FreeRTOS/Source/portable/MemMang/heap_4.c.obj
 .bss.ucMaxSysCallPriority
                0x20001d74        0x1 CMakeFiles/cline_test.elf.dir/Middlewares/Third_Party/FreeRTOS/Source/portable/RVDS/ARM_CM3/port.c.obj
 *fill*         0x20001d75        0x3 
 .bss.ulMaxPRIGROUPValue
                0x20001d78        0x4 CMakeFiles/cline_test.elf.dir/Middlewares/Third_Party/FreeRTOS/Source/portable/RVDS/ARM_CM3/port.c.obj
 .bss.xQueueRegistry
                0x20001d7c       0x40 CMakeFiles/cline_test.elf.dir/Middlewares/Third_Party/FreeRTOS/Source/queue.c.obj
                0x20001d7c                xQueueRegistry
 .bss.pxCurrentTCB
                0x20001dbc        0x4 CMakeFiles/cline_test.elf.dir/Middlewares/Third_Party/FreeRTOS/Source/tasks.c.obj
                0x20001dbc                pxCurrentTCB
 .bss.pxDelayedTaskList
                0x20001dc0        0x4 CMakeFiles/cline_test.elf.dir/Middlewares/Third_Party/FreeRTOS/Source/tasks.c.obj
 .bss.pxOverflowDelayedTaskList
                0x20001dc4        0x4 CMakeFiles/cline_test.elf.dir/Middlewares/Third_Party/FreeRTOS/Source/tasks.c.obj
 .bss.pxReadyTasksLists
                0x20001dc8      0x460 CMakeFiles/cline_test.elf.dir/Middlewares/Third_Party/FreeRTOS/Source/tasks.c.obj
 .bss.uxCurrentNumberOfTasks
                0x20002228        0x4 CMakeFiles/cline_test.elf.dir/Middlewares/Third_Party/FreeRTOS/Source/tasks.c.obj
 .bss.uxDeletedTasksWaitingCleanUp
                0x2000222c        0x4 CMakeFiles/cline_test.elf.dir/Middlewares/Third_Party/FreeRTOS/Source/tasks.c.obj
 .bss.uxPendedTicks
                0x20002230        0x4 CMakeFiles/cline_test.elf.dir/Middlewares/Third_Party/FreeRTOS/Source/tasks.c.obj
 .bss.uxSchedulerSuspended
                0x20002234        0x4 CMakeFiles/cline_test.elf.dir/Middlewares/Third_Party/FreeRTOS/Source/tasks.c.obj
 .bss.uxTaskNumber
                0x20002238        0x4 CMakeFiles/cline_test.elf.dir/Middlewares/Third_Party/FreeRTOS/Source/tasks.c.obj
 .bss.uxTopReadyPriority
                0x2000223c        0x4 CMakeFiles/cline_test.elf.dir/Middlewares/Third_Party/FreeRTOS/Source/tasks.c.obj
 .bss.xDelayedTaskList1
                0x20002240       0x14 CMakeFiles/cline_test.elf.dir/Middlewares/Third_Party/FreeRTOS/Source/tasks.c.obj
 .bss.xDelayedTaskList2
                0x20002254       0x14 CMakeFiles/cline_test.elf.dir/Middlewares/Third_Party/FreeRTOS/Source/tasks.c.obj
 .bss.xIdleTaskHandle
                0x20002268        0x4 CMakeFiles/cline_test.elf.dir/Middlewares/Third_Party/FreeRTOS/Source/tasks.c.obj
 .bss.xNextTaskUnblockTime
                0x2000226c        0x4 CMakeFiles/cline_test.elf.dir/Middlewares/Third_Party/FreeRTOS/Source/tasks.c.obj
 .bss.xNumOfOverflows
                0x20002270        0x4 CMakeFiles/cline_test.elf.dir/Middlewares/Third_Party/FreeRTOS/Source/tasks.c.obj
 .bss.xPendingReadyList
                0x20002274       0x14 CMakeFiles/cline_test.elf.dir/Middlewares/Third_Party/FreeRTOS/Source/tasks.c.obj
 .bss.xSchedulerRunning
                0x20002288        0x4 CMakeFiles/cline_test.elf.dir/Middlewares/Third_Party/FreeRTOS/Source/tasks.c.obj
 .bss.xSuspendedTaskList
                0x2000228c       0x14 CMakeFiles/cline_test.elf.dir/Middlewares/Third_Party/FreeRTOS/Source/tasks.c.obj
 .bss.xTasksWaitingTermination
                0x200022a0       0x14 CMakeFiles/cline_test.elf.dir/Middlewares/Third_Party/FreeRTOS/Source/tasks.c.obj
 .bss.xTickCount
                0x200022b4        0x4 CMakeFiles/cline_test.elf.dir/Middlewares/Third_Party/FreeRTOS/Source/tasks.c.obj
 .bss.xYieldPending
                0x200022b8        0x4 CMakeFiles/cline_test.elf.dir/Middlewares/Third_Party/FreeRTOS/Source/tasks.c.obj
 .bss.pxCurrentTimerList
                0x200022bc        0x4 CMakeFiles/cline_test.elf.dir/Middlewares/Third_Party/FreeRTOS/Source/timers.c.obj
 .bss.pxOverflowTimerList
                0x200022c0        0x4 CMakeFiles/cline_test.elf.dir/Middlewares/Third_Party/FreeRTOS/Source/timers.c.obj
 .bss.ucStaticTimerQueueStorage.1
                0x200022c4       0xa0 CMakeFiles/cline_test.elf.dir/Middlewares/Third_Party/FreeRTOS/Source/timers.c.obj
 .bss.xActiveTimerList1
                0x20002364       0x14 CMakeFiles/cline_test.elf.dir/Middlewares/Third_Party/FreeRTOS/Source/timers.c.obj
 .bss.xActiveTimerList2
                0x20002378       0x14 CMakeFiles/cline_test.elf.dir/Middlewares/Third_Party/FreeRTOS/Source/timers.c.obj
 .bss.xLastTime.2
                0x2000238c        0x4 CMakeFiles/cline_test.elf.dir/Middlewares/Third_Party/FreeRTOS/Source/timers.c.obj
 .bss.xStaticTimerQueue.0
                0x20002390       0x50 CMakeFiles/cline_test.elf.dir/Middlewares/Third_Party/FreeRTOS/Source/timers.c.obj
 .bss.xTimerQueue
                0x200023e0        0x4 CMakeFiles/cline_test.elf.dir/Middlewares/Third_Party/FreeRTOS/Source/timers.c.obj
 .bss.xTimerTaskHandle
                0x200023e4        0x4 CMakeFiles/cline_test.elf.dir/Middlewares/Third_Party/FreeRTOS/Source/timers.c.obj
 .bss.__lock___atexit_recursive_mutex
                0x200023e8        0x1 d:/gcc-arm-none-eabi-10.3-2021.10/bin/../lib/gcc/arm-none-eabi/10.3.1/../../../../arm-none-eabi/lib/thumb/v7-m/nofp\libg.a(lib_a-lock.o)
                0x200023e8                __lock___atexit_recursive_mutex
 *fill*         0x200023e9        0x3 
 .bss.__lock___malloc_recursive_mutex
                0x200023ec        0x1 d:/gcc-arm-none-eabi-10.3-2021.10/bin/../lib/gcc/arm-none-eabi/10.3.1/../../../../arm-none-eabi/lib/thumb/v7-m/nofp\libg.a(lib_a-lock.o)
                0x200023ec                __lock___malloc_recursive_mutex
 *fill*         0x200023ed        0x3 
 .bss.__lock___sfp_recursive_mutex
                0x200023f0        0x1 d:/gcc-arm-none-eabi-10.3-2021.10/bin/../lib/gcc/arm-none-eabi/10.3.1/../../../../arm-none-eabi/lib/thumb/v7-m/nofp\libg.a(lib_a-lock.o)
                0x200023f0                __lock___sfp_recursive_mutex
 *fill*         0x200023f1        0x3 
 .bss.__lock___sinit_recursive_mutex
                0x200023f4        0x1 d:/gcc-arm-none-eabi-10.3-2021.10/bin/../lib/gcc/arm-none-eabi/10.3.1/../../../../arm-none-eabi/lib/thumb/v7-m/nofp\libg.a(lib_a-lock.o)
                0x200023f4                __lock___sinit_recursive_mutex
 *fill*         0x200023f5        0x3 
 .bss.__malloc_current_mallinfo
                0x200023f8       0x28 d:/gcc-arm-none-eabi-10.3-2021.10/bin/../lib/gcc/arm-none-eabi/10.3.1/../../../../arm-none-eabi/lib/thumb/v7-m/nofp\libg.a(lib_a-mallocr.o)
                0x200023f8                __malloc_current_mallinfo
 .bss.__malloc_max_sbrked_mem
                0x20002420        0x4 d:/gcc-arm-none-eabi-10.3-2021.10/bin/../lib/gcc/arm-none-eabi/10.3.1/../../../../arm-none-eabi/lib/thumb/v7-m/nofp\libg.a(lib_a-mallocr.o)
                0x20002420                __malloc_max_sbrked_mem
 .bss.__malloc_max_total_mem
                0x20002424        0x4 d:/gcc-arm-none-eabi-10.3-2021.10/bin/../lib/gcc/arm-none-eabi/10.3.1/../../../../arm-none-eabi/lib/thumb/v7-m/nofp\libg.a(lib_a-mallocr.o)
                0x20002424                __malloc_max_total_mem
 .bss.__malloc_top_pad
                0x20002428        0x4 d:/gcc-arm-none-eabi-10.3-2021.10/bin/../lib/gcc/arm-none-eabi/10.3.1/../../../../arm-none-eabi/lib/thumb/v7-m/nofp\libg.a(lib_a-mallocr.o)
                0x20002428                __malloc_top_pad
 .bss.errno     0x2000242c        0x4 d:/gcc-arm-none-eabi-10.3-2021.10/bin/../lib/gcc/arm-none-eabi/10.3.1/../../../../arm-none-eabi/lib/thumb/v7-m/nofp\libg.a(lib_a-reent.o)
                0x2000242c                errno
 *(COMMON)
                0x20002430                . = ALIGN (0x4)
                0x20002430                _ebss = .
                0x20002430                __bss_end__ = _ebss

._user_heap_stack
                0x20002430      0x600 load address 0x0800b924
                0x20002430                . = ALIGN (0x8)
                [!provide]                PROVIDE (end = .)
                0x20002430                PROVIDE (_end = .)
                0x20002630                . = (. + _Min_Heap_Size)
 *fill*         0x20002430      0x200 
                0x20002a30                . = (. + _Min_Stack_Size)
 *fill*         0x20002630      0x400 
                0x20002a30                . = ALIGN (0x8)

/DISCARD/
 libc.a(*)
 libm.a(*)
 libgcc.a(*)

.ARM.attributes
                0x00000000       0x29
 *(.ARM.attributes)
 .ARM.attributes
                0x00000000       0x1d d:/gcc-arm-none-eabi-10.3-2021.10/bin/../lib/gcc/arm-none-eabi/10.3.1/thumb/v7-m/nofp/crti.o
 .ARM.attributes
                0x0000001d       0x2d d:/gcc-arm-none-eabi-10.3-2021.10/bin/../lib/gcc/arm-none-eabi/10.3.1/thumb/v7-m/nofp/crtbegin.o
 .ARM.attributes
                0x0000004a       0x2d CMakeFiles/cline_test.elf.dir/Core/Src/main.c.obj
 .ARM.attributes
                0x00000077       0x2d CMakeFiles/cline_test.elf.dir/Core/Src/stm32f1xx_hal_msp.c.obj
 .ARM.attributes
                0x000000a4       0x2d CMakeFiles/cline_test.elf.dir/Core/Src/stm32f1xx_it.c.obj
 .ARM.attributes
                0x000000d1       0x2d CMakeFiles/cline_test.elf.dir/Core/Src/syscalls.c.obj
 .ARM.attributes
                0x000000fe       0x2d CMakeFiles/cline_test.elf.dir/Core/Src/sysmem.c.obj
 .ARM.attributes
                0x0000012b       0x2d CMakeFiles/cline_test.elf.dir/Core/Src/system_stm32f1xx.c.obj
 .ARM.attributes
                0x00000158       0x21 CMakeFiles/cline_test.elf.dir/Core/Startup/startup_stm32f103rctx.s.obj
 .ARM.attributes
                0x00000179       0x2d CMakeFiles/cline_test.elf.dir/Drivers/STM32F1xx_HAL_Driver/Src/stm32f1xx_hal.c.obj
 .ARM.attributes
                0x000001a6       0x2d CMakeFiles/cline_test.elf.dir/Drivers/STM32F1xx_HAL_Driver/Src/stm32f1xx_hal_cortex.c.obj
 .ARM.attributes
                0x000001d3       0x2d CMakeFiles/cline_test.elf.dir/Drivers/STM32F1xx_HAL_Driver/Src/stm32f1xx_hal_dma.c.obj
 .ARM.attributes
                0x00000200       0x2d CMakeFiles/cline_test.elf.dir/Drivers/STM32F1xx_HAL_Driver/Src/stm32f1xx_hal_gpio.c.obj
 .ARM.attributes
                0x0000022d       0x2d CMakeFiles/cline_test.elf.dir/Drivers/STM32F1xx_HAL_Driver/Src/stm32f1xx_hal_i2c.c.obj
 .ARM.attributes
                0x0000025a       0x2d CMakeFiles/cline_test.elf.dir/Drivers/STM32F1xx_HAL_Driver/Src/stm32f1xx_hal_rcc.c.obj
 .ARM.attributes
                0x00000287       0x2d CMakeFiles/cline_test.elf.dir/Drivers/STM32F1xx_HAL_Driver/Src/stm32f1xx_hal_uart.c.obj
 .ARM.attributes
                0x000002b4       0x2d CMakeFiles/cline_test.elf.dir/Middlewares/Third_Party/FreeRTOS/Source/CMSIS_RTOS_V2/cmsis_os2.c.obj
 .ARM.attributes
                0x000002e1       0x2d CMakeFiles/cline_test.elf.dir/Middlewares/Third_Party/FreeRTOS/Source/list.c.obj
 .ARM.attributes
                0x0000030e       0x2d CMakeFiles/cline_test.elf.dir/Middlewares/Third_Party/FreeRTOS/Source/portable/MemMang/heap_4.c.obj
 .ARM.attributes
                0x0000033b       0x2d CMakeFiles/cline_test.elf.dir/Middlewares/Third_Party/FreeRTOS/Source/portable/RVDS/ARM_CM3/port.c.obj
 .ARM.attributes
                0x00000368       0x2d CMakeFiles/cline_test.elf.dir/Middlewares/Third_Party/FreeRTOS/Source/queue.c.obj
 .ARM.attributes
                0x00000395       0x2d CMakeFiles/cline_test.elf.dir/Middlewares/Third_Party/FreeRTOS/Source/tasks.c.obj
 .ARM.attributes
                0x000003c2       0x2d CMakeFiles/cline_test.elf.dir/Middlewares/Third_Party/FreeRTOS/Source/timers.c.obj
 .ARM.attributes
                0x000003ef       0x2d CMakeFiles/cline_test.elf.dir/Module/mpu6050/Src/driver_mpu6050_interface.c.obj
 .ARM.attributes
                0x0000041c       0x2d d:/gcc-arm-none-eabi-10.3-2021.10/bin/../lib/gcc/arm-none-eabi/10.3.1/thumb/v7-m/nofp\libgcc.a(_udivmoddi4.o)
 .ARM.attributes
                0x00000449       0x1d d:/gcc-arm-none-eabi-10.3-2021.10/bin/../lib/gcc/arm-none-eabi/10.3.1/thumb/v7-m/nofp\libgcc.a(_dvmd_tls.o)
 .ARM.attributes
                0x00000466       0x2d d:/gcc-arm-none-eabi-10.3-2021.10/bin/../lib/gcc/arm-none-eabi/10.3.1/../../../../arm-none-eabi/lib/thumb/v7-m/nofp\libg.a(lib_a-errno.o)
 .ARM.attributes
                0x00000493       0x2d d:/gcc-arm-none-eabi-10.3-2021.10/bin/../lib/gcc/arm-none-eabi/10.3.1/../../../../arm-none-eabi/lib/thumb/v7-m/nofp\libg.a(lib_a-impure.o)
 .ARM.attributes
                0x000004c0       0x2d d:/gcc-arm-none-eabi-10.3-2021.10/bin/../lib/gcc/arm-none-eabi/10.3.1/../../../../arm-none-eabi/lib/thumb/v7-m/nofp\libg.a(lib_a-init.o)
 .ARM.attributes
                0x000004ed       0x1b d:/gcc-arm-none-eabi-10.3-2021.10/bin/../lib/gcc/arm-none-eabi/10.3.1/../../../../arm-none-eabi/lib/thumb/v7-m/nofp\libg.a(lib_a-memcpy.o)
 .ARM.attributes
                0x00000508       0x2d d:/gcc-arm-none-eabi-10.3-2021.10/bin/../lib/gcc/arm-none-eabi/10.3.1/../../../../arm-none-eabi/lib/thumb/v7-m/nofp\libg.a(lib_a-memset.o)
 .ARM.attributes
                0x00000535       0x2d d:/gcc-arm-none-eabi-10.3-2021.10/bin/../lib/gcc/arm-none-eabi/10.3.1/../../../../arm-none-eabi/lib/thumb/v7-m/nofp\libg.a(lib_a-strlen-stub.o)
 .ARM.attributes
                0x00000562       0x2d d:/gcc-arm-none-eabi-10.3-2021.10/bin/../lib/gcc/arm-none-eabi/10.3.1/../../../../arm-none-eabi/lib/thumb/v7-m/nofp\libg.a(lib_a-strncpy.o)
 .ARM.attributes
                0x0000058f       0x2d d:/gcc-arm-none-eabi-10.3-2021.10/bin/../lib/gcc/arm-none-eabi/10.3.1/../../../../arm-none-eabi/lib/thumb/v7-m/nofp\libg.a(lib_a-vsnprintf.o)
 .ARM.attributes
                0x000005bc       0x2d d:/gcc-arm-none-eabi-10.3-2021.10/bin/../lib/gcc/arm-none-eabi/10.3.1/../../../../arm-none-eabi/lib/thumb/v7-m/nofp\libg.a(lib_a-__call_atexit.o)
 .ARM.attributes
                0x000005e9       0x2d d:/gcc-arm-none-eabi-10.3-2021.10/bin/../lib/gcc/arm-none-eabi/10.3.1/../../../../arm-none-eabi/lib/thumb/v7-m/nofp\libg.a(lib_a-atexit.o)
 .ARM.attributes
                0x00000616       0x2d d:/gcc-arm-none-eabi-10.3-2021.10/bin/../lib/gcc/arm-none-eabi/10.3.1/../../../../arm-none-eabi/lib/thumb/v7-m/nofp\libg.a(lib_a-fini.o)
 .ARM.attributes
                0x00000643       0x2d d:/gcc-arm-none-eabi-10.3-2021.10/bin/../lib/gcc/arm-none-eabi/10.3.1/../../../../arm-none-eabi/lib/thumb/v7-m/nofp\libg.a(lib_a-lock.o)
 .ARM.attributes
                0x00000670       0x2d d:/gcc-arm-none-eabi-10.3-2021.10/bin/../lib/gcc/arm-none-eabi/10.3.1/../../../../arm-none-eabi/lib/thumb/v7-m/nofp\libg.a(lib_a-svfprintf.o)
 .ARM.attributes
                0x0000069d       0x2d d:/gcc-arm-none-eabi-10.3-2021.10/bin/../lib/gcc/arm-none-eabi/10.3.1/../../../../arm-none-eabi/lib/thumb/v7-m/nofp\libg.a(lib_a-__atexit.o)
 .ARM.attributes
                0x000006ca       0x2d d:/gcc-arm-none-eabi-10.3-2021.10/bin/../lib/gcc/arm-none-eabi/10.3.1/../../../../arm-none-eabi/lib/thumb/v7-m/nofp\libg.a(lib_a-dtoa.o)
 .ARM.attributes
                0x000006f7       0x2d d:/gcc-arm-none-eabi-10.3-2021.10/bin/../lib/gcc/arm-none-eabi/10.3.1/../../../../arm-none-eabi/lib/thumb/v7-m/nofp\libg.a(lib_a-freer.o)
 .ARM.attributes
                0x00000724       0x2d d:/gcc-arm-none-eabi-10.3-2021.10/bin/../lib/gcc/arm-none-eabi/10.3.1/../../../../arm-none-eabi/lib/thumb/v7-m/nofp\libg.a(lib_a-localeconv.o)
 .ARM.attributes
                0x00000751       0x2d d:/gcc-arm-none-eabi-10.3-2021.10/bin/../lib/gcc/arm-none-eabi/10.3.1/../../../../arm-none-eabi/lib/thumb/v7-m/nofp\libg.a(lib_a-mallocr.o)
 .ARM.attributes
                0x0000077e       0x2d d:/gcc-arm-none-eabi-10.3-2021.10/bin/../lib/gcc/arm-none-eabi/10.3.1/../../../../arm-none-eabi/lib/thumb/v7-m/nofp\libg.a(lib_a-memchr-stub.o)
 .ARM.attributes
                0x000007ab       0x2d d:/gcc-arm-none-eabi-10.3-2021.10/bin/../lib/gcc/arm-none-eabi/10.3.1/../../../../arm-none-eabi/lib/thumb/v7-m/nofp\libg.a(lib_a-mlock.o)
 .ARM.attributes
                0x000007d8       0x2d d:/gcc-arm-none-eabi-10.3-2021.10/bin/../lib/gcc/arm-none-eabi/10.3.1/../../../../arm-none-eabi/lib/thumb/v7-m/nofp\libg.a(lib_a-mprec.o)
 .ARM.attributes
                0x00000805       0x2d d:/gcc-arm-none-eabi-10.3-2021.10/bin/../lib/gcc/arm-none-eabi/10.3.1/../../../../arm-none-eabi/lib/thumb/v7-m/nofp\libg.a(lib_a-s_frexp.o)
 .ARM.attributes
                0x00000832       0x2d d:/gcc-arm-none-eabi-10.3-2021.10/bin/../lib/gcc/arm-none-eabi/10.3.1/../../../../arm-none-eabi/lib/thumb/v7-m/nofp\libg.a(lib_a-sbrkr.o)
 .ARM.attributes
                0x0000085f       0x2d d:/gcc-arm-none-eabi-10.3-2021.10/bin/../lib/gcc/arm-none-eabi/10.3.1/../../../../arm-none-eabi/lib/thumb/v7-m/nofp\libg.a(lib_a-svfiprintf.o)
 .ARM.attributes
                0x0000088c       0x2d d:/gcc-arm-none-eabi-10.3-2021.10/bin/../lib/gcc/arm-none-eabi/10.3.1/../../../../arm-none-eabi/lib/thumb/v7-m/nofp\libg.a(lib_a-assert.o)
 .ARM.attributes
                0x000008b9       0x2d d:/gcc-arm-none-eabi-10.3-2021.10/bin/../lib/gcc/arm-none-eabi/10.3.1/../../../../arm-none-eabi/lib/thumb/v7-m/nofp\libg.a(lib_a-callocr.o)
 .ARM.attributes